Archive member included to satisfy reference by file (symbol)

/media/home/beste/01_Pro/ld25x/bsp_hu/MYD-LD25X-Uboot-L2022.10-V1.0.0/GEN_FIP/myir-st-optee/../build/myb-stm32mp257x-2GB/ldelf-lib/libunw/libunw.a(unwind_arm32.o)
                              /media/home/beste/01_Pro/ld25x/bsp_hu/MYD-LD25X-Uboot-L2022.10-V1.0.0/GEN_FIP/myir-st-optee/../build/myb-stm32mp257x-2GB/ldelf/ta_elf.o (print_stack_arm32)
/media/home/beste/01_Pro/ld25x/bsp_hu/MYD-LD25X-Uboot-L2022.10-V1.0.0/GEN_FIP/myir-st-optee/../build/myb-stm32mp257x-2GB/ldelf-lib/libunw/libunw.a(unwind_arm64.o)
                              /media/home/beste/01_Pro/ld25x/bsp_hu/MYD-LD25X-Uboot-L2022.10-V1.0.0/GEN_FIP/myir-st-optee/../build/myb-stm32mp257x-2GB/ldelf/ta_elf.o (print_stack_arm64)
/media/home/beste/01_Pro/ld25x/bsp_hu/MYD-LD25X-Uboot-L2022.10-V1.0.0/GEN_FIP/myir-st-optee/../build/myb-stm32mp257x-2GB/ldelf-lib/libutee/libutee.a(assert.o)
                              /media/home/beste/01_Pro/ld25x/bsp_hu/MYD-LD25X-Uboot-L2022.10-V1.0.0/GEN_FIP/myir-st-optee/../build/myb-stm32mp257x-2GB/ldelf/main.o (_assert_log)
/media/home/beste/01_Pro/ld25x/bsp_hu/MYD-LD25X-Uboot-L2022.10-V1.0.0/GEN_FIP/myir-st-optee/../build/myb-stm32mp257x-2GB/ldelf-lib/libutee/libutee.a(tee_uuid_from_str.o)
                              /media/home/beste/01_Pro/ld25x/bsp_hu/MYD-LD25X-Uboot-L2022.10-V1.0.0/GEN_FIP/myir-st-optee/../build/myb-stm32mp257x-2GB/ldelf/ta_elf.o (tee_uuid_from_str)
/media/home/beste/01_Pro/ld25x/bsp_hu/MYD-LD25X-Uboot-L2022.10-V1.0.0/GEN_FIP/myir-st-optee/../build/myb-stm32mp257x-2GB/ldelf-lib/libutee/libutee.a(utee_syscalls_a64.o)
                              /media/home/beste/01_Pro/ld25x/bsp_hu/MYD-LD25X-Uboot-L2022.10-V1.0.0/GEN_FIP/myir-st-optee/../build/myb-stm32mp257x-2GB/ldelf-lib/libutee/libutee.a(assert.o) (_utee_panic)
/media/home/beste/01_Pro/ld25x/bsp_hu/MYD-LD25X-Uboot-L2022.10-V1.0.0/GEN_FIP/myir-st-optee/../build/myb-stm32mp257x-2GB/ldelf-lib/libutils/libutils.a(bget_malloc.o)
                              /media/home/beste/01_Pro/ld25x/bsp_hu/MYD-LD25X-Uboot-L2022.10-V1.0.0/GEN_FIP/myir-st-optee/../build/myb-stm32mp257x-2GB/ldelf/ta_elf.o (malloc)
/media/home/beste/01_Pro/ld25x/bsp_hu/MYD-LD25X-Uboot-L2022.10-V1.0.0/GEN_FIP/myir-st-optee/../build/myb-stm32mp257x-2GB/ldelf-lib/libutils/libutils.a(isxdigit.o)
                              /media/home/beste/01_Pro/ld25x/bsp_hu/MYD-LD25X-Uboot-L2022.10-V1.0.0/GEN_FIP/myir-st-optee/../build/myb-stm32mp257x-2GB/ldelf-lib/libutee/libutee.a(tee_uuid_from_str.o) (isxdigit)
/media/home/beste/01_Pro/ld25x/bsp_hu/MYD-LD25X-Uboot-L2022.10-V1.0.0/GEN_FIP/myir-st-optee/../build/myb-stm32mp257x-2GB/ldelf-lib/libutils/libutils.a(snprintf.o)
                              /media/home/beste/01_Pro/ld25x/bsp_hu/MYD-LD25X-Uboot-L2022.10-V1.0.0/GEN_FIP/myir-st-optee/../build/myb-stm32mp257x-2GB/ldelf/ta_elf.o (snprintf)
/media/home/beste/01_Pro/ld25x/bsp_hu/MYD-LD25X-Uboot-L2022.10-V1.0.0/GEN_FIP/myir-st-optee/../build/myb-stm32mp257x-2GB/ldelf-lib/libutils/libutils.a(tolower.o)
                              /media/home/beste/01_Pro/ld25x/bsp_hu/MYD-LD25X-Uboot-L2022.10-V1.0.0/GEN_FIP/myir-st-optee/../build/myb-stm32mp257x-2GB/ldelf-lib/libutee/libutee.a(tee_uuid_from_str.o) (tolower)
/media/home/beste/01_Pro/ld25x/bsp_hu/MYD-LD25X-Uboot-L2022.10-V1.0.0/GEN_FIP/myir-st-optee/../build/myb-stm32mp257x-2GB/ldelf-lib/libutils/libutils.a(memcmp.o)
                              /media/home/beste/01_Pro/ld25x/bsp_hu/MYD-LD25X-Uboot-L2022.10-V1.0.0/GEN_FIP/myir-st-optee/../build/myb-stm32mp257x-2GB/ldelf/dl.o (memcmp)
/media/home/beste/01_Pro/ld25x/bsp_hu/MYD-LD25X-Uboot-L2022.10-V1.0.0/GEN_FIP/myir-st-optee/../build/myb-stm32mp257x-2GB/ldelf-lib/libutils/libutils.a(memcpy.o)
                              /media/home/beste/01_Pro/ld25x/bsp_hu/MYD-LD25X-Uboot-L2022.10-V1.0.0/GEN_FIP/myir-st-optee/../build/myb-stm32mp257x-2GB/ldelf/main.o (memcpy)
/media/home/beste/01_Pro/ld25x/bsp_hu/MYD-LD25X-Uboot-L2022.10-V1.0.0/GEN_FIP/myir-st-optee/../build/myb-stm32mp257x-2GB/ldelf-lib/libutils/libutils.a(memset.o)
                              /media/home/beste/01_Pro/ld25x/bsp_hu/MYD-LD25X-Uboot-L2022.10-V1.0.0/GEN_FIP/myir-st-optee/../build/myb-stm32mp257x-2GB/ldelf/ta_elf.o (memset)
/media/home/beste/01_Pro/ld25x/bsp_hu/MYD-LD25X-Uboot-L2022.10-V1.0.0/GEN_FIP/myir-st-optee/../build/myb-stm32mp257x-2GB/ldelf-lib/libutils/libutils.a(strcmp.o)
                              /media/home/beste/01_Pro/ld25x/bsp_hu/MYD-LD25X-Uboot-L2022.10-V1.0.0/GEN_FIP/myir-st-optee/../build/myb-stm32mp257x-2GB/ldelf/ta_elf_rel.o (strcmp)
/media/home/beste/01_Pro/ld25x/bsp_hu/MYD-LD25X-Uboot-L2022.10-V1.0.0/GEN_FIP/myir-st-optee/../build/myb-stm32mp257x-2GB/ldelf-lib/libutils/libutils.a(strcpy.o)
                              /media/home/beste/01_Pro/ld25x/bsp_hu/MYD-LD25X-Uboot-L2022.10-V1.0.0/GEN_FIP/myir-st-optee/../build/myb-stm32mp257x-2GB/ldelf/ta_elf.o (strcpy)
[...]
Memory Configuration

Name             Origin             Length             Attributes
*default*        0x0000000000000000 0xffffffffffffffff

Linker script and memory map


.text           0x0000000000000000     0x6808
                0x0000000000000000                __text_start = .
 *(SORT_BY_ALIGNMENT(.text._ldelf_start))
 .text._ldelf_start
                0x0000000000000000       0x64 /media/home/beste/01_Pro/ld25x/bsp_hu/MYD-LD25X-Uboot-L2022.10-V1.0.0/GEN_FIP/myir-st-optee/../build/myb-stm32mp257x-2GB/ldelf/start_a64.o
                0x0000000000000000                _ldelf_start
 *(SORT_BY_ALIGNMENT(.text) SORT_BY_ALIGNMENT(.text.*))
 *fill*         0x0000000000000064        0xc 
 .text.memcpy   0x0000000000000070       0xd8 /media/home/beste/01_Pro/ld25x/bsp_hu/MYD-LD25X-Uboot-L2022.10-V1.0.0/GEN_FIP/myir-st-optee/../build/myb-stm32mp257x-2GB/ldelf-lib/libutils/libutils.a(memcpy.o)
                0x0000000000000070                memcpy
 .text._ldelf_panic
                0x0000000000000148        0xc /media/home/beste/01_Pro/ld25x/bsp_hu/MYD-LD25X-Uboot-L2022.10-V1.0.0/GEN_FIP/myir-st-optee/../build/myb-stm32mp257x-2GB/ldelf/syscalls_a64.o
                0x0000000000000148                _ldelf_panic
 .text._ldelf_return
                0x0000000000000154        0xc /media/home/beste/01_Pro/ld25x/bsp_hu/MYD-LD25X-Uboot-L2022.10-V1.0.0/GEN_FIP/myir-st-optee/../build/myb-stm32mp257x-2GB/ldelf/syscalls_a64.o
                0x0000000000000154                _ldelf_return
 .text._ldelf_log
                0x0000000000000160        0xc /media/home/beste/01_Pro/ld25x/bsp_hu/MYD-LD25X-Uboot-L2022.10-V1.0.0/GEN_FIP/myir-st-optee/../build/myb-stm32mp257x-2GB/ldelf/syscalls_a64.o
                0x0000000000000160                _ldelf_log
 .text.__ldelf_panic
                0x000000000000016c        0xc /media/home/beste/01_Pro/ld25x/bsp_hu/MYD-LD25X-Uboot-L2022.10-V1.0.0/GEN_FIP/myir-st-optee/../build/myb-stm32mp257x-2GB/ldelf/syscalls_a64.o
                0x000000000000016c                __ldelf_panic
 .text._ldelf_map_zi
                0x0000000000000178        0xc /media/home/beste/01_Pro/ld25x/bsp_hu/MYD-LD25X-Uboot-L2022.10-V1.0.0/GEN_FIP/myir-st-optee/../build/myb-stm32mp257x-2GB/ldelf/syscalls_a64.o
                0x0000000000000178                _ldelf_map_zi
 .text._ldelf_unmap
                0x0000000000000184        0xc /media/home/beste/01_Pro/ld25x/bsp_hu/MYD-LD25X-Uboot-L2022.10-V1.0.0/GEN_FIP/myir-st-optee/../build/myb-stm32mp257x-2GB/ldelf/syscalls_a64.o
                0x0000000000000184                _ldelf_unmap
 .text._ldelf_open_bin
                0x0000000000000190        0xc /media/home/beste/01_Pro/ld25x/bsp_hu/MYD-LD25X-Uboot-L2022.10-V1.0.0/GEN_FIP/myir-st-optee/../build/myb-stm32mp257x-2GB/ldelf/syscalls_a64.o
                0x0000000000000190                _ldelf_open_bin
 .text._ldelf_close_bin
                0x000000000000019c        0xc /media/home/beste/01_Pro/ld25x/bsp_hu/MYD-LD25X-Uboot-L2022.10-V1.0.0/GEN_FIP/myir-st-optee/../build/myb-stm32mp257x-2GB/ldelf/syscalls_a64.o
                0x000000000000019c                _ldelf_close_bin
 .text._ldelf_map_bin
                0x00000000000001a8        0xc /media/home/beste/01_Pro/ld25x/bsp_hu/MYD-LD25X-Uboot-L2022.10-V1.0.0/GEN_FIP/myir-st-optee/../build/myb-stm32mp257x-2GB/ldelf/syscalls_a64.o
                0x00000000000001a8                _ldelf_map_bin
 .text._ldelf_cp_from_bin
                0x00000000000001b4        0xc /media/home/beste/01_Pro/ld25x/bsp_hu/MYD-LD25X-Uboot-L2022.10-V1.0.0/GEN_FIP/myir-st-optee/../build/myb-stm32mp257x-2GB/ldelf/syscalls_a64.o
                0x00000000000001b4                _ldelf_cp_from_bin
 .text._ldelf_set_prot
                0x00000000000001c0        0xc /media/home/beste/01_Pro/ld25x/bsp_hu/MYD-LD25X-Uboot-L2022.10-V1.0.0/GEN_FIP/myir-st-optee/../build/myb-stm32mp257x-2GB/ldelf/syscalls_a64.o
                0x00000000000001c0                _ldelf_set_prot
 .text._ldelf_remap
                0x00000000000001cc        0xc /media/home/beste/01_Pro/ld25x/bsp_hu/MYD-LD25X-Uboot-L2022.10-V1.0.0/GEN_FIP/myir-st-optee/../build/myb-stm32mp257x-2GB/ldelf/syscalls_a64.o
                0x00000000000001cc                _ldelf_remap
 .text._ldelf_gen_rnd_num
                0x00000000000001d8        0xc /media/home/beste/01_Pro/ld25x/bsp_hu/MYD-LD25X-Uboot-L2022.10-V1.0.0/GEN_FIP/myir-st-optee/../build/myb-stm32mp257x-2GB/ldelf/syscalls_a64.o
                0x00000000000001d8                _ldelf_gen_rnd_num
 .text.tlsdesc_resolve
                0x00000000000001e4        0x8 /media/home/beste/01_Pro/ld25x/bsp_hu/MYD-LD25X-Uboot-L2022.10-V1.0.0/GEN_FIP/myir-st-optee/../build/myb-stm32mp257x-2GB/ldelf/tlsdesc_rel_a64.o
                0x00000000000001e4                tlsdesc_resolve
 .text.dlopen_entry
                0x00000000000001ec       0x60 /media/home/beste/01_Pro/ld25x/bsp_hu/MYD-LD25X-Uboot-L2022.10-V1.0.0/GEN_FIP/myir-st-optee/../build/myb-stm32mp257x-2GB/ldelf/dl.o
                0x00000000000001ec                dlopen_entry
 .text.dlsym_entry
                0x000000000000024c       0x68 /media/home/beste/01_Pro/ld25x/bsp_hu/MYD-LD25X-Uboot-L2022.10-V1.0.0/GEN_FIP/myir-st-optee/../build/myb-stm32mp257x-2GB/ldelf/dl.o
                0x000000000000024c                dlsym_entry
 .text.dl_entry
                0x00000000000002b4       0x3c /media/home/beste/01_Pro/ld25x/bsp_hu/MYD-LD25X-Uboot-L2022.10-V1.0.0/GEN_FIP/myir-st-optee/../build/myb-stm32mp257x-2GB/ldelf/main.o
 .text.print_to_console
                0x00000000000002f0       0x4c /media/home/beste/01_Pro/ld25x/bsp_hu/MYD-LD25X-Uboot-L2022.10-V1.0.0/GEN_FIP/myir-st-optee/../build/myb-stm32mp257x-2GB/ldelf/main.o
 .text.dump_ta_state
                0x000000000000033c       0xf0 /media/home/beste/01_Pro/ld25x/bsp_hu/MYD-LD25X-Uboot-L2022.10-V1.0.0/GEN_FIP/myir-st-optee/../build/myb-stm32mp257x-2GB/ldelf/main.o
 .text.ldelf    0x000000000000042c      0x124 /media/home/beste/01_Pro/ld25x/bsp_hu/MYD-LD25X-Uboot-L2022.10-V1.0.0/GEN_FIP/myir-st-optee/../build/myb-stm32mp257x-2GB/ldelf/main.o
                0x000000000000042c                ldelf
 .text.__panic  0x0000000000000550       0x9c /media/home/beste/01_Pro/ld25x/bsp_hu/MYD-LD25X-Uboot-L2022.10-V1.0.0/GEN_FIP/myir-st-optee/../build/myb-stm32mp257x-2GB/ldelf/sys.o
                0x0000000000000550                __panic
 .text.sys_return_cleanup
                0x00000000000005ec       0x10 /media/home/beste/01_Pro/ld25x/bsp_hu/MYD-LD25X-Uboot-L2022.10-V1.0.0/GEN_FIP/myir-st-optee/../build/myb-stm32mp257x-2GB/ldelf/sys.o
                0x00000000000005ec                sys_return_cleanup
 .text.sys_map_zi
                0x00000000000005fc       0x1c /media/home/beste/01_Pro/ld25x/bsp_hu/MYD-LD25X-Uboot-L2022.10-V1.0.0/GEN_FIP/myir-st-optee/../build/myb-stm32mp257x-2GB/ldelf/sys.o
                0x00000000000005fc                sys_map_zi
 .text.sys_unmap
                0x0000000000000618        0x4 /media/home/beste/01_Pro/ld25x/bsp_hu/MYD-LD25X-Uboot-L2022.10-V1.0.0/GEN_FIP/myir-st-optee/../build/myb-stm32mp257x-2GB/ldelf/sys.o
                0x0000000000000618                sys_unmap
 .text.sys_open_ta_bin
                0x000000000000061c        0xc /media/home/beste/01_Pro/ld25x/bsp_hu/MYD-LD25X-Uboot-L2022.10-V1.0.0/GEN_FIP/myir-st-optee/../build/myb-stm32mp257x-2GB/ldelf/sys.o
                0x000000000000061c                sys_open_ta_bin
 .text.sys_close_ta_bin
                0x0000000000000628        0x8 /media/home/beste/01_Pro/ld25x/bsp_hu/MYD-LD25X-Uboot-L2022.10-V1.0.0/GEN_FIP/myir-st-optee/../build/myb-stm32mp257x-2GB/ldelf/sys.o
                0x0000000000000628                sys_close_ta_bin
 .text.sys_map_ta_bin
                0x0000000000000630       0x1c /media/home/beste/01_Pro/ld25x/bsp_hu/MYD-LD25X-Uboot-L2022.10-V1.0.0/GEN_FIP/myir-st-optee/../build/myb-stm32mp257x-2GB/ldelf/sys.o
                0x0000000000000630                sys_map_ta_bin
 .text.sys_copy_from_ta_bin
                0x000000000000064c       0x14 /media/home/beste/01_Pro/ld25x/bsp_hu/MYD-LD25X-Uboot-L2022.10-V1.0.0/GEN_FIP/myir-st-optee/../build/myb-stm32mp257x-2GB/ldelf/sys.o
                0x000000000000064c                sys_copy_from_ta_bin
 .text.sys_set_prot
                0x0000000000000660        0x8 /media/home/beste/01_Pro/ld25x/bsp_hu/MYD-LD25X-Uboot-L2022.10-V1.0.0/GEN_FIP/myir-st-optee/../build/myb-stm32mp257x-2GB/ldelf/sys.o
                0x0000000000000660                sys_set_prot
 .text.sys_remap
                0x0000000000000668        0x4 /media/home/beste/01_Pro/ld25x/bsp_hu/MYD-LD25X-Uboot-L2022.10-V1.0.0/GEN_FIP/myir-st-optee/../build/myb-stm32mp257x-2GB/ldelf/sys.o
                0x0000000000000668                sys_remap
 .text.sys_gen_random_num
                0x000000000000066c        0x4 /media/home/beste/01_Pro/ld25x/bsp_hu/MYD-LD25X-Uboot-L2022.10-V1.0.0/GEN_FIP/myir-st-optee/../build/myb-stm32mp257x-2GB/ldelf/sys.o
                0x000000000000066c                sys_gen_random_num
 .text.check_range
                0x0000000000000670       0xa8 /media/home/beste/01_Pro/ld25x/bsp_hu/MYD-LD25X-Uboot-L2022.10-V1.0.0/GEN_FIP/myir-st-optee/../build/myb-stm32mp257x-2GB/ldelf/ta_elf.o
 .text.check_hashtab
                0x0000000000000718       0x58 /media/home/beste/01_Pro/ld25x/bsp_hu/MYD-LD25X-Uboot-L2022.10-V1.0.0/GEN_FIP/myir-st-optee/../build/myb-stm32mp257x-2GB/ldelf/ta_elf.o
 .text.queue_elf_helper
                0x0000000000000770       0x68 /media/home/beste/01_Pro/ld25x/bsp_hu/MYD-LD25X-Uboot-L2022.10-V1.0.0/GEN_FIP/myir-st-optee/../build/myb-stm32mp257x-2GB/ldelf/ta_elf.o
 .text.add_segment
                0x00000000000007d8       0xd4 /media/home/beste/01_Pro/ld25x/bsp_hu/MYD-LD25X-Uboot-L2022.10-V1.0.0/GEN_FIP/myir-st-optee/../build/myb-stm32mp257x-2GB/ldelf/ta_elf.o
 .text.get_pad_begin
                0x00000000000008ac       0x34 /media/home/beste/01_Pro/ld25x/bsp_hu/MYD-LD25X-Uboot-L2022.10-V1.0.0/GEN_FIP/myir-st-optee/../build/myb-stm32mp257x-2GB/ldelf/ta_elf.o
 .text.ta_elf_add_bti
                0x00000000000008e0       0x84 /media/home/beste/01_Pro/ld25x/bsp_hu/MYD-LD25X-Uboot-L2022.10-V1.0.0/GEN_FIP/myir-st-optee/../build/myb-stm32mp257x-2GB/ldelf/ta_elf.o
 .text.init_elf
                0x0000000000000964      0x2a8 /media/home/beste/01_Pro/ld25x/bsp_hu/MYD-LD25X-Uboot-L2022.10-V1.0.0/GEN_FIP/myir-st-optee/../build/myb-stm32mp257x-2GB/ldelf/ta_elf.o
 .text.close_handle
                0x0000000000000c0c       0x5c /media/home/beste/01_Pro/ld25x/bsp_hu/MYD-LD25X-Uboot-L2022.10-V1.0.0/GEN_FIP/myir-st-optee/../build/myb-stm32mp257x-2GB/ldelf/ta_elf.o
 .text.print_wrapper
                0x0000000000000c68       0x58 /media/home/beste/01_Pro/ld25x/bsp_hu/MYD-LD25X-Uboot-L2022.10-V1.0.0/GEN_FIP/myir-st-optee/../build/myb-stm32mp257x-2GB/ldelf/ta_elf.o
 .text.check_phdr_in_range.constprop.0
                0x0000000000000cc0       0x70 /media/home/beste/01_Pro/ld25x/bsp_hu/MYD-LD25X-Uboot-L2022.10-V1.0.0/GEN_FIP/myir-st-optee/../build/myb-stm32mp257x-2GB/ldelf/ta_elf.o
 .text._assert_trap.constprop.0
                0x0000000000000d30       0x20 /media/home/beste/01_Pro/ld25x/bsp_hu/MYD-LD25X-Uboot-L2022.10-V1.0.0/GEN_FIP/myir-st-optee/../build/myb-stm32mp257x-2GB/ldelf/ta_elf.o
 .text.print_seg
                0x0000000000000d50      0x13c /media/home/beste/01_Pro/ld25x/bsp_hu/MYD-LD25X-Uboot-L2022.10-V1.0.0/GEN_FIP/myir-st-optee/../build/myb-stm32mp257x-2GB/ldelf/ta_elf.o
 .text.copy_section_headers
                0x0000000000000e8c      0x114 /media/home/beste/01_Pro/ld25x/bsp_hu/MYD-LD25X-Uboot-L2022.10-V1.0.0/GEN_FIP/myir-st-optee/../build/myb-stm32mp257x-2GB/ldelf/ta_elf.o
 .text.populate_segments
                0x0000000000000fa0      0x4a0 /media/home/beste/01_Pro/ld25x/bsp_hu/MYD-LD25X-Uboot-L2022.10-V1.0.0/GEN_FIP/myir-st-optee/../build/myb-stm32mp257x-2GB/ldelf/ta_elf.o
 .text.map_segments
                0x0000000000001440      0x4c8 /media/home/beste/01_Pro/ld25x/bsp_hu/MYD-LD25X-Uboot-L2022.10-V1.0.0/GEN_FIP/myir-st-optee/../build/myb-stm32mp257x-2GB/ldelf/ta_elf.o
 .text.get_next_in_order
                0x0000000000001908       0xd4 /media/home/beste/01_Pro/ld25x/bsp_hu/MYD-LD25X-Uboot-L2022.10-V1.0.0/GEN_FIP/myir-st-optee/../build/myb-stm32mp257x-2GB/ldelf/ta_elf.o
 .text.read_dyn
                0x00000000000019dc       0x44 /media/home/beste/01_Pro/ld25x/bsp_hu/MYD-LD25X-Uboot-L2022.10-V1.0.0/GEN_FIP/myir-st-optee/../build/myb-stm32mp257x-2GB/ldelf/ta_elf.o
 .text.save_soname_from_segment
                0x0000000000001a20       0xec /media/home/beste/01_Pro/ld25x/bsp_hu/MYD-LD25X-Uboot-L2022.10-V1.0.0/GEN_FIP/myir-st-optee/../build/myb-stm32mp257x-2GB/ldelf/ta_elf.o
 .text.save_symtab
                0x0000000000001b0c      0x434 /media/home/beste/01_Pro/ld25x/bsp_hu/MYD-LD25X-Uboot-L2022.10-V1.0.0/GEN_FIP/myir-st-optee/../build/myb-stm32mp257x-2GB/ldelf/ta_elf.o
 .text.get_init_fini_array.constprop.0
                0x0000000000001f40      0x128 /media/home/beste/01_Pro/ld25x/bsp_hu/MYD-LD25X-Uboot-L2022.10-V1.0.0/GEN_FIP/myir-st-optee/../build/myb-stm32mp257x-2GB/ldelf/ta_elf.o
 .text.elf_get_init_fini_array.constprop.0
                0x0000000000002068       0x94 /media/home/beste/01_Pro/ld25x/bsp_hu/MYD-LD25X-Uboot-L2022.10-V1.0.0/GEN_FIP/myir-st-optee/../build/myb-stm32mp257x-2GB/ldelf/ta_elf.o
 .text.ta_elf_find_elf
                0x00000000000020fc       0x48 /media/home/beste/01_Pro/ld25x/bsp_hu/MYD-LD25X-Uboot-L2022.10-V1.0.0/GEN_FIP/myir-st-optee/../build/myb-stm32mp257x-2GB/ldelf/ta_elf.o
                0x00000000000020fc                ta_elf_find_elf
 .text.queue_elf
                0x0000000000002144       0x5c /media/home/beste/01_Pro/ld25x/bsp_hu/MYD-LD25X-Uboot-L2022.10-V1.0.0/GEN_FIP/myir-st-optee/../build/myb-stm32mp257x-2GB/ldelf/ta_elf.o
 .text.add_deps_from_segment
                0x00000000000021a0      0x1a0 /media/home/beste/01_Pro/ld25x/bsp_hu/MYD-LD25X-Uboot-L2022.10-V1.0.0/GEN_FIP/myir-st-optee/../build/myb-stm32mp257x-2GB/ldelf/ta_elf.o
 .text.add_dependencies
                0x0000000000002340       0x80 /media/home/beste/01_Pro/ld25x/bsp_hu/MYD-LD25X-Uboot-L2022.10-V1.0.0/GEN_FIP/myir-st-optee/../build/myb-stm32mp257x-2GB/ldelf/ta_elf.o
 .text.ta_elf_load_main
                0x00000000000023c0      0x440 /media/home/beste/01_Pro/ld25x/bsp_hu/MYD-LD25X-Uboot-L2022.10-V1.0.0/GEN_FIP/myir-st-optee/../build/myb-stm32mp257x-2GB/ldelf/ta_elf.o
                0x00000000000023c0                ta_elf_load_main
 .text.ta_elf_load_dependency
                0x0000000000002800       0xec /media/home/beste/01_Pro/ld25x/bsp_hu/MYD-LD25X-Uboot-L2022.10-V1.0.0/GEN_FIP/myir-st-optee/../build/myb-stm32mp257x-2GB/ldelf/ta_elf.o
                0x0000000000002800                ta_elf_load_dependency
 .text.ta_elf_finalize_mappings
                0x00000000000028ec       0x90 /media/home/beste/01_Pro/ld25x/bsp_hu/MYD-LD25X-Uboot-L2022.10-V1.0.0/GEN_FIP/myir-st-optee/../build/myb-stm32mp257x-2GB/ldelf/ta_elf.o
                0x00000000000028ec                ta_elf_finalize_mappings
 .text.ta_elf_print_mappings
                0x000000000000297c      0x260 /media/home/beste/01_Pro/ld25x/bsp_hu/MYD-LD25X-Uboot-L2022.10-V1.0.0/GEN_FIP/myir-st-optee/../build/myb-stm32mp257x-2GB/ldelf/ta_elf.o
                0x000000000000297c                ta_elf_print_mappings
 .text.find_exidx
                0x0000000000002bdc       0x84 /media/home/beste/01_Pro/ld25x/bsp_hu/MYD-LD25X-Uboot-L2022.10-V1.0.0/GEN_FIP/myir-st-optee/../build/myb-stm32mp257x-2GB/ldelf/ta_elf.o
                0x0000000000002bdc                find_exidx
 .text.ta_elf_stack_trace_a32
                0x0000000000002c60       0x48 /media/home/beste/01_Pro/ld25x/bsp_hu/MYD-LD25X-Uboot-L2022.10-V1.0.0/GEN_FIP/myir-st-optee/../build/myb-stm32mp257x-2GB/ldelf/ta_elf.o
                0x0000000000002c60                ta_elf_stack_trace_a32
 .text.ta_elf_stack_trace_a64
                0x0000000000002ca8       0x30 /media/home/beste/01_Pro/ld25x/bsp_hu/MYD-LD25X-Uboot-L2022.10-V1.0.0/GEN_FIP/myir-st-optee/../build/myb-stm32mp257x-2GB/ldelf/ta_elf.o
                0x0000000000002ca8                ta_elf_stack_trace_a64
 .text.ta_elf_set_init_fini_info_compat
                0x0000000000002cd8      0x2ac /media/home/beste/01_Pro/ld25x/bsp_hu/MYD-LD25X-Uboot-L2022.10-V1.0.0/GEN_FIP/myir-st-optee/../build/myb-stm32mp257x-2GB/ldelf/ta_elf.o
                0x0000000000002cd8                ta_elf_set_init_fini_info_compat
 .text.ta_elf_set_elf_phdr_info
                0x0000000000002f84      0x238 /media/home/beste/01_Pro/ld25x/bsp_hu/MYD-LD25X-Uboot-L2022.10-V1.0.0/GEN_FIP/myir-st-optee/../build/myb-stm32mp257x-2GB/ldelf/ta_elf.o
                0x0000000000002f84                ta_elf_set_elf_phdr_info
 .text.ta_elf_finalize_load_main
                0x00000000000031bc       0xd0 /media/home/beste/01_Pro/ld25x/bsp_hu/MYD-LD25X-Uboot-L2022.10-V1.0.0/GEN_FIP/myir-st-optee/../build/myb-stm32mp257x-2GB/ldelf/ta_elf.o
                0x00000000000031bc                ta_elf_finalize_load_main
 .text.ta_elf_add_library
                0x000000000000328c       0xac /media/home/beste/01_Pro/ld25x/bsp_hu/MYD-LD25X-Uboot-L2022.10-V1.0.0/GEN_FIP/myir-st-optee/../build/myb-stm32mp257x-2GB/ldelf/ta_elf.o
                0x000000000000328c                ta_elf_add_library
 .text.check_found_sym
                0x0000000000003338      0x1dc /media/home/beste/01_Pro/ld25x/bsp_hu/MYD-LD25X-Uboot-L2022.10-V1.0.0/GEN_FIP/myir-st-optee/../build/myb-stm32mp257x-2GB/ldelf/ta_elf_rel.o
 .text.resolve_sym_helper
                0x0000000000003514      0x234 /media/home/beste/01_Pro/ld25x/bsp_hu/MYD-LD25X-Uboot-L2022.10-V1.0.0/GEN_FIP/myir-st-optee/../build/myb-stm32mp257x-2GB/ldelf/ta_elf_rel.o
 .text.e32_get_sym_name.constprop.0.isra.0
                0x0000000000003748       0xb0 /media/home/beste/01_Pro/ld25x/bsp_hu/MYD-LD25X-Uboot-L2022.10-V1.0.0/GEN_FIP/myir-st-optee/../build/myb-stm32mp257x-2GB/ldelf/ta_elf_rel.o
 .text.e64_get_sym_name.constprop.0.isra.0
                0x00000000000037f8       0xac /media/home/beste/01_Pro/ld25x/bsp_hu/MYD-LD25X-Uboot-L2022.10-V1.0.0/GEN_FIP/myir-st-optee/../build/myb-stm32mp257x-2GB/ldelf/ta_elf_rel.o
 .text.ta_elf_resolve_sym
                0x00000000000038a4       0xbc /media/home/beste/01_Pro/ld25x/bsp_hu/MYD-LD25X-Uboot-L2022.10-V1.0.0/GEN_FIP/myir-st-optee/../build/myb-stm32mp257x-2GB/ldelf/ta_elf_rel.o
                0x00000000000038a4                ta_elf_resolve_sym
 .text.resolve_sym
                0x0000000000003960       0x70 /media/home/beste/01_Pro/ld25x/bsp_hu/MYD-LD25X-Uboot-L2022.10-V1.0.0/GEN_FIP/myir-st-optee/../build/myb-stm32mp257x-2GB/ldelf/ta_elf_rel.o
 .text.e32_process_dyn_rel
                0x00000000000039d0       0x54 /media/home/beste/01_Pro/ld25x/bsp_hu/MYD-LD25X-Uboot-L2022.10-V1.0.0/GEN_FIP/myir-st-optee/../build/myb-stm32mp257x-2GB/ldelf/ta_elf_rel.o
 .text.e64_process_dyn_rela
                0x0000000000003a24       0x54 /media/home/beste/01_Pro/ld25x/bsp_hu/MYD-LD25X-Uboot-L2022.10-V1.0.0/GEN_FIP/myir-st-optee/../build/myb-stm32mp257x-2GB/ldelf/ta_elf_rel.o
 .text.e64_process_tls_tprel_rela
                0x0000000000003a78       0x80 /media/home/beste/01_Pro/ld25x/bsp_hu/MYD-LD25X-Uboot-L2022.10-V1.0.0/GEN_FIP/myir-st-optee/../build/myb-stm32mp257x-2GB/ldelf/ta_elf_rel.o
 .text.ta_elf_relocate
                0x0000000000003af8      0x8b0 /media/home/beste/01_Pro/ld25x/bsp_hu/MYD-LD25X-Uboot-L2022.10-V1.0.0/GEN_FIP/myir-st-optee/../build/myb-stm32mp257x-2GB/ldelf/ta_elf_rel.o
                0x0000000000003af8                ta_elf_relocate
 .text.pop_vsp  0x00000000000043a8       0x5c /media/home/beste/01_Pro/ld25x/bsp_hu/MYD-LD25X-Uboot-L2022.10-V1.0.0/GEN_FIP/myir-st-optee/../build/myb-stm32mp257x-2GB/ldelf-lib/libunw/libunw.a(unwind_arm32.o)
 .text.unwind_exec_read_byte
                0x0000000000004404       0x88 /media/home/beste/01_Pro/ld25x/bsp_hu/MYD-LD25X-Uboot-L2022.10-V1.0.0/GEN_FIP/myir-st-optee/../build/myb-stm32mp257x-2GB/ldelf-lib/libunw/libunw.a(unwind_arm32.o)
 .text.unwind_stack_arm32
                0x000000000000448c      0x444 /media/home/beste/01_Pro/ld25x/bsp_hu/MYD-LD25X-Uboot-L2022.10-V1.0.0/GEN_FIP/myir-st-optee/../build/myb-stm32mp257x-2GB/ldelf-lib/libunw/libunw.a(unwind_arm32.o)
                0x000000000000448c                unwind_stack_arm32
 .text.print_stack_arm32
                0x00000000000048d0       0x84 /media/home/beste/01_Pro/ld25x/bsp_hu/MYD-LD25X-Uboot-L2022.10-V1.0.0/GEN_FIP/myir-st-optee/../build/myb-stm32mp257x-2GB/ldelf-lib/libunw/libunw.a(unwind_arm32.o)
                0x00000000000048d0                print_stack_arm32
 .text.ftrace_map_lr
                0x0000000000004954        0x4 /media/home/beste/01_Pro/ld25x/bsp_hu/MYD-LD25X-Uboot-L2022.10-V1.0.0/GEN_FIP/myir-st-optee/../build/myb-stm32mp257x-2GB/ldelf-lib/libunw/libunw.a(unwind_arm64.o)
                0x0000000000004954                ftrace_map_lr
 .text.pauth_strip_pac
                0x0000000000004958        0x4 /media/home/beste/01_Pro/ld25x/bsp_hu/MYD-LD25X-Uboot-L2022.10-V1.0.0/GEN_FIP/myir-st-optee/../build/myb-stm32mp257x-2GB/ldelf-lib/libunw/libunw.a(unwind_arm64.o)
                0x0000000000004958                pauth_strip_pac
 .text.unwind_stack_arm64
                0x000000000000495c       0x9c /media/home/beste/01_Pro/ld25x/bsp_hu/MYD-LD25X-Uboot-L2022.10-V1.0.0/GEN_FIP/myir-st-optee/../build/myb-stm32mp257x-2GB/ldelf-lib/libunw/libunw.a(unwind_arm64.o)
                0x000000000000495c                unwind_stack_arm64
 .text.print_stack_arm64
                0x00000000000049f8       0x90 /media/home/beste/01_Pro/ld25x/bsp_hu/MYD-LD25X-Uboot-L2022.10-V1.0.0/GEN_FIP/myir-st-optee/../build/myb-stm32mp257x-2GB/ldelf-lib/libunw/libunw.a(unwind_arm64.o)
                0x00000000000049f8                print_stack_arm64
 .text._assert_log
                0x0000000000004a88       0x44 /media/home/beste/01_Pro/ld25x/bsp_hu/MYD-LD25X-Uboot-L2022.10-V1.0.0/GEN_FIP/myir-st-optee/../build/myb-stm32mp257x-2GB/ldelf-lib/libutee/libutee.a(assert.o)
                0x0000000000004a88                _assert_log
 .text._assert_break
                0x0000000000004acc       0x14 /media/home/beste/01_Pro/ld25x/bsp_hu/MYD-LD25X-Uboot-L2022.10-V1.0.0/GEN_FIP/myir-st-optee/../build/myb-stm32mp257x-2GB/ldelf-lib/libutee/libutee.a(assert.o)
                0x0000000000004acc                _assert_break
 .text.parse_hex
                0x0000000000004ae0       0x84 /media/home/beste/01_Pro/ld25x/bsp_hu/MYD-LD25X-Uboot-L2022.10-V1.0.0/GEN_FIP/myir-st-optee/../build/myb-stm32mp257x-2GB/ldelf-lib/libutee/libutee.a(tee_uuid_from_str.o)
 .text.tee_uuid_from_str
                0x0000000000004b64      0x158 /media/home/beste/01_Pro/ld25x/bsp_hu/MYD-LD25X-Uboot-L2022.10-V1.0.0/GEN_FIP/myir-st-optee/../build/myb-stm32mp257x-2GB/ldelf-lib/libutee/libutee.a(tee_uuid_from_str.o)
                0x0000000000004b64                tee_uuid_from_str
 .text._utee_panic
                0x0000000000004cbc        0xc /media/home/beste/01_Pro/ld25x/bsp_hu/MYD-LD25X-Uboot-L2022.10-V1.0.0/GEN_FIP/myir-st-optee/../build/myb-stm32mp257x-2GB/ldelf-lib/libutee/libutee.a(utee_syscalls_a64.o)
                0x0000000000004cbc                _utee_panic
 .text.__utee_panic
                0x0000000000004cc8        0xc /media/home/beste/01_Pro/ld25x/bsp_hu/MYD-LD25X-Uboot-L2022.10-V1.0.0/GEN_FIP/myir-st-optee/../build/myb-stm32mp257x-2GB/ldelf-lib/libutee/libutee.a(utee_syscalls_a64.o)
                0x0000000000004cc8                __utee_panic
 .text.raw_malloc_return_hook
                0x0000000000004cd4       0x38 /media/home/beste/01_Pro/ld25x/bsp_hu/MYD-LD25X-Uboot-L2022.10-V1.0.0/GEN_FIP/myir-st-optee/../build/myb-stm32mp257x-2GB/ldelf-lib/libutils/libutils.a(bget_malloc.o)
 .text._assert_trap
                0x0000000000004d0c       0x10 /media/home/beste/01_Pro/ld25x/bsp_hu/MYD-LD25X-Uboot-L2022.10-V1.0.0/GEN_FIP/myir-st-optee/../build/myb-stm32mp257x-2GB/ldelf-lib/libutils/libutils.a(bget_malloc.o)
 .text.bget_buf_size.part.0
                0x0000000000004d1c       0x28 /media/home/beste/01_Pro/ld25x/bsp_hu/MYD-LD25X-Uboot-L2022.10-V1.0.0/GEN_FIP/myir-st-optee/../build/myb-stm32mp257x-2GB/ldelf-lib/libutils/libutils.a(bget_malloc.o)
 .text.bget     0x0000000000004d44      0x2d8 /media/home/beste/01_Pro/ld25x/bsp_hu/MYD-LD25X-Uboot-L2022.10-V1.0.0/GEN_FIP/myir-st-optee/../build/myb-stm32mp257x-2GB/ldelf-lib/libutils/libutils.a(bget_malloc.o)
                0x0000000000004d44                bget
 .text.bgetz    0x000000000000501c       0x84 /media/home/beste/01_Pro/ld25x/bsp_hu/MYD-LD25X-Uboot-L2022.10-V1.0.0/GEN_FIP/myir-st-optee/../build/myb-stm32mp257x-2GB/ldelf-lib/libutils/libutils.a(bget_malloc.o)
                0x000000000000501c                bgetz
 .text.brel     0x00000000000050a0      0x28c /media/home/beste/01_Pro/ld25x/bsp_hu/MYD-LD25X-Uboot-L2022.10-V1.0.0/GEN_FIP/myir-st-optee/../build/myb-stm32mp257x-2GB/ldelf-lib/libutils/libutils.a(bget_malloc.o)
                0x00000000000050a0                brel
 .text.bpool    0x000000000000532c       0xc4 /media/home/beste/01_Pro/ld25x/bsp_hu/MYD-LD25X-Uboot-L2022.10-V1.0.0/GEN_FIP/myir-st-optee/../build/myb-stm32mp257x-2GB/ldelf-lib/libutils/libutils.a(bget_malloc.o)
                0x000000000000532c                bpool
 .text.raw_malloc
                0x00000000000053f0       0x54 /media/home/beste/01_Pro/ld25x/bsp_hu/MYD-LD25X-Uboot-L2022.10-V1.0.0/GEN_FIP/myir-st-optee/../build/myb-stm32mp257x-2GB/ldelf-lib/libutils/libutils.a(bget_malloc.o)
                0x00000000000053f0                raw_malloc
 .text.raw_free
                0x0000000000005444       0x10 /media/home/beste/01_Pro/ld25x/bsp_hu/MYD-LD25X-Uboot-L2022.10-V1.0.0/GEN_FIP/myir-st-optee/../build/myb-stm32mp257x-2GB/ldelf-lib/libutils/libutils.a(bget_malloc.o)
                0x0000000000005444                raw_free
 .text.raw_calloc
                0x0000000000005454       0x70 /media/home/beste/01_Pro/ld25x/bsp_hu/MYD-LD25X-Uboot-L2022.10-V1.0.0/GEN_FIP/myir-st-optee/../build/myb-stm32mp257x-2GB/ldelf-lib/libutils/libutils.a(bget_malloc.o)
                0x0000000000005454                raw_calloc
 .text.raw_realloc
                0x00000000000054c4       0xf4 /media/home/beste/01_Pro/ld25x/bsp_hu/MYD-LD25X-Uboot-L2022.10-V1.0.0/GEN_FIP/myir-st-optee/../build/myb-stm32mp257x-2GB/ldelf-lib/libutils/libutils.a(bget_malloc.o)
                0x00000000000054c4                raw_realloc
 .text.gen_malloc_add_pool
                0x00000000000055b8       0xd0 /media/home/beste/01_Pro/ld25x/bsp_hu/MYD-LD25X-Uboot-L2022.10-V1.0.0/GEN_FIP/myir-st-optee/../build/myb-stm32mp257x-2GB/ldelf-lib/libutils/libutils.a(bget_malloc.o)
 .text.malloc   0x0000000000005688       0x18 /media/home/beste/01_Pro/ld25x/bsp_hu/MYD-LD25X-Uboot-L2022.10-V1.0.0/GEN_FIP/myir-st-optee/../build/myb-stm32mp257x-2GB/ldelf-lib/libutils/libutils.a(bget_malloc.o)
                0x0000000000005688                malloc
 .text.calloc   0x00000000000056a0       0x1c /media/home/beste/01_Pro/ld25x/bsp_hu/MYD-LD25X-Uboot-L2022.10-V1.0.0/GEN_FIP/myir-st-optee/../build/myb-stm32mp257x-2GB/ldelf-lib/libutils/libutils.a(bget_malloc.o)
                0x00000000000056a0                calloc
 .text.realloc  0x00000000000056bc       0x18 /media/home/beste/01_Pro/ld25x/bsp_hu/MYD-LD25X-Uboot-L2022.10-V1.0.0/GEN_FIP/myir-st-optee/../build/myb-stm32mp257x-2GB/ldelf-lib/libutils/libutils.a(bget_malloc.o)
                0x00000000000056bc                realloc
 .text.free     0x00000000000056d4       0x10 /media/home/beste/01_Pro/ld25x/bsp_hu/MYD-LD25X-Uboot-L2022.10-V1.0.0/GEN_FIP/myir-st-optee/../build/myb-stm32mp257x-2GB/ldelf-lib/libutils/libutils.a(bget_malloc.o)
                0x00000000000056d4                free
 .text.malloc_add_pool
                0x00000000000056e4       0x14 /media/home/beste/01_Pro/ld25x/bsp_hu/MYD-LD25X-Uboot-L2022.10-V1.0.0/GEN_FIP/myir-st-optee/../build/myb-stm32mp257x-2GB/ldelf-lib/libutils/libutils.a(bget_malloc.o)
                0x00000000000056e4                malloc_add_pool
 .text.isxdigit
                0x00000000000056f8       0x28 /media/home/beste/01_Pro/ld25x/bsp_hu/MYD-LD25X-Uboot-L2022.10-V1.0.0/GEN_FIP/myir-st-optee/../build/myb-stm32mp257x-2GB/ldelf-lib/libutils/libutils.a(isxdigit.o)
                0x00000000000056f8                isxdigit
 .text.snprintf
                0x0000000000005720       0x54 /media/home/beste/01_Pro/ld25x/bsp_hu/MYD-LD25X-Uboot-L2022.10-V1.0.0/GEN_FIP/myir-st-optee/../build/myb-stm32mp257x-2GB/ldelf-lib/libutils/libutils.a(snprintf.o)
                0x0000000000005720                snprintf
 .text.tolower  0x0000000000005774       0x14 /media/home/beste/01_Pro/ld25x/bsp_hu/MYD-LD25X-Uboot-L2022.10-V1.0.0/GEN_FIP/myir-st-optee/../build/myb-stm32mp257x-2GB/ldelf-lib/libutils/libutils.a(tolower.o)
                0x0000000000005774                tolower
 .text.memcmp   0x0000000000005788       0x34 /media/home/beste/01_Pro/ld25x/bsp_hu/MYD-LD25X-Uboot-L2022.10-V1.0.0/GEN_FIP/myir-st-optee/../build/myb-stm32mp257x-2GB/ldelf-lib/libutils/libutils.a(memcmp.o)
                0x0000000000005788                memcmp
 .text.memset   0x00000000000057bc       0x1c /media/home/beste/01_Pro/ld25x/bsp_hu/MYD-LD25X-Uboot-L2022.10-V1.0.0/GEN_FIP/myir-st-optee/../build/myb-stm32mp257x-2GB/ldelf-lib/libutils/libutils.a(memset.o)
                0x00000000000057bc                memset
 .text.strcmp   0x00000000000057d8       0x24 /media/home/beste/01_Pro/ld25x/bsp_hu/MYD-LD25X-Uboot-L2022.10-V1.0.0/GEN_FIP/myir-st-optee/../build/myb-stm32mp257x-2GB/ldelf-lib/libutils/libutils.a(strcmp.o)
                0x00000000000057d8                strcmp
 .text.strcpy   0x00000000000057fc       0x18 /media/home/beste/01_Pro/ld25x/bsp_hu/MYD-LD25X-Uboot-L2022.10-V1.0.0/GEN_FIP/myir-st-optee/../build/myb-stm32mp257x-2GB/ldelf-lib/libutils/libutils.a(strcpy.o)
                0x00000000000057fc                strcpy
 .text.strnlen  0x0000000000005814       0x28 /media/home/beste/01_Pro/ld25x/bsp_hu/MYD-LD25X-Uboot-L2022.10-V1.0.0/GEN_FIP/myir-st-optee/../build/myb-stm32mp257x-2GB/ldelf-lib/libutils/libutils.a(strnlen.o)
                0x0000000000005814                strnlen
 .text.__vsnprintf
                0x000000000000583c       0x90 /media/home/beste/01_Pro/ld25x/bsp_hu/MYD-LD25X-Uboot-L2022.10-V1.0.0/GEN_FIP/myir-st-optee/../build/myb-stm32mp257x-2GB/ldelf-lib/libutils/libutils.a(snprintk.o)
                0x000000000000583c                __vsnprintf
 .text.vsnprintk
                0x00000000000058cc       0x58 /media/home/beste/01_Pro/ld25x/bsp_hu/MYD-LD25X-Uboot-L2022.10-V1.0.0/GEN_FIP/myir-st-optee/../build/myb-stm32mp257x-2GB/ldelf-lib/libutils/libutils.a(snprintk.o)
                0x00000000000058cc                vsnprintk
 .text.snprintk
                0x0000000000005924       0x50 /media/home/beste/01_Pro/ld25x/bsp_hu/MYD-LD25X-Uboot-L2022.10-V1.0.0/GEN_FIP/myir-st-optee/../build/myb-stm32mp257x-2GB/ldelf-lib/libutils/libutils.a(snprintk.o)
                0x0000000000005924                snprintk
 .text.kprintf.constprop.0
                0x0000000000005974      0xbe0 /media/home/beste/01_Pro/ld25x/bsp_hu/MYD-LD25X-Uboot-L2022.10-V1.0.0/GEN_FIP/myir-st-optee/../build/myb-stm32mp257x-2GB/ldelf-lib/libutils/libutils.a(snprintk.o)
 .text.trace_vprintf
                0x0000000000006554      0x1f0 /media/home/beste/01_Pro/ld25x/bsp_hu/MYD-LD25X-Uboot-L2022.10-V1.0.0/GEN_FIP/myir-st-optee/../build/myb-stm32mp257x-2GB/ldelf-lib/libutils/libutils.a(trace.o)
                0x0000000000006554                trace_vprintf
 .text.trace_printf
                0x0000000000006744       0x4c /media/home/beste/01_Pro/ld25x/bsp_hu/MYD-LD25X-Uboot-L2022.10-V1.0.0/GEN_FIP/myir-st-optee/../build/myb-stm32mp257x-2GB/ldelf-lib/libutils/libutils.a(trace.o)
                0x0000000000006744                trace_printf
 .text.memchr   0x0000000000006790       0x2c /media/home/beste/01_Pro/ld25x/bsp_hu/MYD-LD25X-Uboot-L2022.10-V1.0.0/GEN_FIP/myir-st-optee/../build/myb-stm32mp257x-2GB/ldelf-lib/libutils/libutils.a(memchr.o)
                0x0000000000006790                memchr
 .text.strlen   0x00000000000067bc       0x1c /media/home/beste/01_Pro/ld25x/bsp_hu/MYD-LD25X-Uboot-L2022.10-V1.0.0/GEN_FIP/myir-st-optee/../build/myb-stm32mp257x-2GB/ldelf-lib/libutils/libutils.a(strlen.o)
                0x00000000000067bc                strlen
 .text.trace_ext_puts
                0x00000000000067d8       0x28 /media/home/beste/01_Pro/ld25x/bsp_hu/MYD-LD25X-Uboot-L2022.10-V1.0.0/GEN_FIP/myir-st-optee/../build/myb-stm32mp257x-2GB/ldelf-lib/libutee/libutee.a(trace_ext.o)
                0x00000000000067d8                trace_ext_puts
 .text.trace_ext_get_thread_id
                0x0000000000006800        0x8 /media/home/beste/01_Pro/ld25x/bsp_hu/MYD-LD25X-Uboot-L2022.10-V1.0.0/GEN_FIP/myir-st-optee/../build/myb-stm32mp257x-2GB/ldelf-lib/libutee/libutee.a(trace_ext.o)
                0x0000000000006800                trace_ext_get_thread_id
 *(SORT_BY_ALIGNMENT(.stub))
 *(SORT_BY_ALIGNMENT(.glue_7))
 *(SORT_BY_ALIGNMENT(.glue_7t))
 *(SORT_BY_ALIGNMENT(.gnu.linkonce.t.*))
 *(SORT_BY_ALIGNMENT(.vfp11_veneer))
                0x0000000000006808                __text_end = .

.note.gnu.property
 *(SORT_BY_ALIGNMENT(.note.gnu.property))

.plt            0x0000000000006808        0x0
 *(SORT_BY_ALIGNMENT(.plt))
 .plt           0x0000000000006808        0x0 /media/home/beste/01_Pro/ld25x/bsp_hu/MYD-LD25X-Uboot-L2022.10-V1.0.0/GEN_FIP/myir-st-optee/../build/myb-stm32mp257x-2GB/ldelf/start_a64.o

.eh_frame
 *(SORT_BY_ALIGNMENT(.eh_frame))

.rodata         0x0000000000006808     0x11c1
 *(SORT_BY_ALIGNMENT(.gnu.linkonce.r.*))
 *(SORT_BY_ALIGNMENT(.rodata) SORT_BY_ALIGNMENT(.rodata.*))
 .rodata.kprintf.constprop.0
                0x0000000000006808       0xa2 /media/home/beste/01_Pro/ld25x/bsp_hu/MYD-LD25X-Uboot-L2022.10-V1.0.0/GEN_FIP/myir-st-optee/../build/myb-stm32mp257x-2GB/ldelf-lib/libutils/libutils.a(snprintk.o)
 .rodata.dump_ta_state.str1.1
                0x00000000000068aa       0x49 /media/home/beste/01_Pro/ld25x/bsp_hu/MYD-LD25X-Uboot-L2022.10-V1.0.0/GEN_FIP/myir-st-optee/../build/myb-stm32mp257x-2GB/ldelf/main.o
 .rodata.ldelf.str1.1
                0x00000000000068f3       0x1b /media/home/beste/01_Pro/ld25x/bsp_hu/MYD-LD25X-Uboot-L2022.10-V1.0.0/GEN_FIP/myir-st-optee/../build/myb-stm32mp257x-2GB/ldelf/main.o
 .rodata.__func__.0
                0x000000000000690e        0xe /media/home/beste/01_Pro/ld25x/bsp_hu/MYD-LD25X-Uboot-L2022.10-V1.0.0/GEN_FIP/myir-st-optee/../build/myb-stm32mp257x-2GB/ldelf/main.o
 .rodata.__func__.1
                0x000000000000691c        0x6 /media/home/beste/01_Pro/ld25x/bsp_hu/MYD-LD25X-Uboot-L2022.10-V1.0.0/GEN_FIP/myir-st-optee/../build/myb-stm32mp257x-2GB/ldelf/main.o
 .rodata.__panic.str1.1
                0x0000000000006922       0x22 /media/home/beste/01_Pro/ld25x/bsp_hu/MYD-LD25X-Uboot-L2022.10-V1.0.0/GEN_FIP/myir-st-optee/../build/myb-stm32mp257x-2GB/ldelf/sys.o
                                         0x23 (size before relaxing)
 .rodata.trace_ext_prefix
                0x0000000000006944        0x3 /media/home/beste/01_Pro/ld25x/bsp_hu/MYD-LD25X-Uboot-L2022.10-V1.0.0/GEN_FIP/myir-st-optee/../build/myb-stm32mp257x-2GB/ldelf/sys.o
                0x0000000000006944                trace_ext_prefix
 .rodata.check_range.str1.1
                0x0000000000006947       0x3e /media/home/beste/01_Pro/ld25x/bsp_hu/MYD-LD25X-Uboot-L2022.10-V1.0.0/GEN_FIP/myir-st-optee/../build/myb-stm32mp257x-2GB/ldelf/ta_elf.o
 .rodata.check_hashtab.str1.1
                0x0000000000006985       0x24 /media/home/beste/01_Pro/ld25x/bsp_hu/MYD-LD25X-Uboot-L2022.10-V1.0.0/GEN_FIP/myir-st-optee/../build/myb-stm32mp257x-2GB/ldelf/ta_elf.o
 .rodata.add_segment.str1.1
                0x00000000000069a9       0x21 /media/home/beste/01_Pro/ld25x/bsp_hu/MYD-LD25X-Uboot-L2022.10-V1.0.0/GEN_FIP/myir-st-optee/../build/myb-stm32mp257x-2GB/ldelf/ta_elf.o
 .rodata.ta_elf_add_bti.str1.1
                0x00000000000069ca        0xd /media/home/beste/01_Pro/ld25x/bsp_hu/MYD-LD25X-Uboot-L2022.10-V1.0.0/GEN_FIP/myir-st-optee/../build/myb-stm32mp257x-2GB/ldelf/ta_elf.o
 .rodata.init_elf.str1.1
                0x00000000000069d7       0x81 /media/home/beste/01_Pro/ld25x/bsp_hu/MYD-LD25X-Uboot-L2022.10-V1.0.0/GEN_FIP/myir-st-optee/../build/myb-stm32mp257x-2GB/ldelf/ta_elf.o
 .rodata.close_handle.str1.1
                0x0000000000006a58       0x11 /media/home/beste/01_Pro/ld25x/bsp_hu/MYD-LD25X-Uboot-L2022.10-V1.0.0/GEN_FIP/myir-st-optee/../build/myb-stm32mp257x-2GB/ldelf/ta_elf.o
 .rodata.check_phdr_in_range.constprop.0.str1.1
                0x0000000000006a69       0x3d /media/home/beste/01_Pro/ld25x/bsp_hu/MYD-LD25X-Uboot-L2022.10-V1.0.0/GEN_FIP/myir-st-optee/../build/myb-stm32mp257x-2GB/ldelf/ta_elf.o
 .rodata._assert_trap.constprop.0.str1.1
                0x0000000000006aa6        0xf /media/home/beste/01_Pro/ld25x/bsp_hu/MYD-LD25X-Uboot-L2022.10-V1.0.0/GEN_FIP/myir-st-optee/../build/myb-stm32mp257x-2GB/ldelf/ta_elf.o
 .rodata.print_seg.str1.1
                0x0000000000006ab5       0x5d /media/home/beste/01_Pro/ld25x/bsp_hu/MYD-LD25X-Uboot-L2022.10-V1.0.0/GEN_FIP/myir-st-optee/../build/myb-stm32mp257x-2GB/ldelf/ta_elf.o
 .rodata.copy_section_headers.str1.1
                0x0000000000006b12       0x2a /media/home/beste/01_Pro/ld25x/bsp_hu/MYD-LD25X-Uboot-L2022.10-V1.0.0/GEN_FIP/myir-st-optee/../build/myb-stm32mp257x-2GB/ldelf/ta_elf.o
 .rodata.populate_segments.str1.1
                0x0000000000006b3c       0x7b /media/home/beste/01_Pro/ld25x/bsp_hu/MYD-LD25X-Uboot-L2022.10-V1.0.0/GEN_FIP/myir-st-optee/../build/myb-stm32mp257x-2GB/ldelf/ta_elf.o
 .rodata.map_segments.str1.1
                0x0000000000006bb7      0x1a0 /media/home/beste/01_Pro/ld25x/bsp_hu/MYD-LD25X-Uboot-L2022.10-V1.0.0/GEN_FIP/myir-st-optee/../build/myb-stm32mp257x-2GB/ldelf/ta_elf.o
 .rodata.get_next_in_order.str1.1
                0x0000000000006d57       0x35 /media/home/beste/01_Pro/ld25x/bsp_hu/MYD-LD25X-Uboot-L2022.10-V1.0.0/GEN_FIP/myir-st-optee/../build/myb-stm32mp257x-2GB/ldelf/ta_elf.o
 .rodata.save_soname_from_segment.str1.1
                0x0000000000006d8c       0x17 /media/home/beste/01_Pro/ld25x/bsp_hu/MYD-LD25X-Uboot-L2022.10-V1.0.0/GEN_FIP/myir-st-optee/../build/myb-stm32mp257x-2GB/ldelf/ta_elf.o
 .rodata.save_symtab.str1.1
                0x0000000000006da3      0x174 /media/home/beste/01_Pro/ld25x/bsp_hu/MYD-LD25X-Uboot-L2022.10-V1.0.0/GEN_FIP/myir-st-optee/../build/myb-stm32mp257x-2GB/ldelf/ta_elf.o
 .rodata.queue_elf.str1.1
                0x0000000000006f17       0x11 /media/home/beste/01_Pro/ld25x/bsp_hu/MYD-LD25X-Uboot-L2022.10-V1.0.0/GEN_FIP/myir-st-optee/../build/myb-stm32mp257x-2GB/ldelf/ta_elf.o
 .rodata.add_deps_from_segment.str1.1
                0x0000000000006f28       0x28 /media/home/beste/01_Pro/ld25x/bsp_hu/MYD-LD25X-Uboot-L2022.10-V1.0.0/GEN_FIP/myir-st-optee/../build/myb-stm32mp257x-2GB/ldelf/ta_elf.o
 .rodata.ta_elf_load_main.str1.1
                0x0000000000006f50       0x61 /media/home/beste/01_Pro/ld25x/bsp_hu/MYD-LD25X-Uboot-L2022.10-V1.0.0/GEN_FIP/myir-st-optee/../build/myb-stm32mp257x-2GB/ldelf/ta_elf.o
                                         0x70 (size before relaxing)
 .rodata.ta_elf_load_dependency.str1.1
                0x0000000000006fb1       0x26 /media/home/beste/01_Pro/ld25x/bsp_hu/MYD-LD25X-Uboot-L2022.10-V1.0.0/GEN_FIP/myir-st-optee/../build/myb-stm32mp257x-2GB/ldelf/ta_elf.o
                                         0x29 (size before relaxing)
 .rodata.ta_elf_print_mappings.str1.1
                0x0000000000006fd7       0x2e /media/home/beste/01_Pro/ld25x/bsp_hu/MYD-LD25X-Uboot-L2022.10-V1.0.0/GEN_FIP/myir-st-optee/../build/myb-stm32mp257x-2GB/ldelf/ta_elf.o
 .rodata.ta_elf_set_init_fini_info_compat.str1.1
                0x0000000000007005       0x41 /media/home/beste/01_Pro/ld25x/bsp_hu/MYD-LD25X-Uboot-L2022.10-V1.0.0/GEN_FIP/myir-st-optee/../build/myb-stm32mp257x-2GB/ldelf/ta_elf.o
 .rodata.ta_elf_set_elf_phdr_info.str1.1
                0x0000000000007046       0x36 /media/home/beste/01_Pro/ld25x/bsp_hu/MYD-LD25X-Uboot-L2022.10-V1.0.0/GEN_FIP/myir-st-optee/../build/myb-stm32mp257x-2GB/ldelf/ta_elf.o
 .rodata.ta_elf_finalize_load_main.str1.1
                0x000000000000707c       0x3a /media/home/beste/01_Pro/ld25x/bsp_hu/MYD-LD25X-Uboot-L2022.10-V1.0.0/GEN_FIP/myir-st-optee/../build/myb-stm32mp257x-2GB/ldelf/ta_elf.o
                                         0x47 (size before relaxing)
 .rodata.__func__.0
                0x00000000000070b6       0x13 /media/home/beste/01_Pro/ld25x/bsp_hu/MYD-LD25X-Uboot-L2022.10-V1.0.0/GEN_FIP/myir-st-optee/../build/myb-stm32mp257x-2GB/ldelf/ta_elf.o
 .rodata.__func__.1
                0x00000000000070c9       0x19 /media/home/beste/01_Pro/ld25x/bsp_hu/MYD-LD25X-Uboot-L2022.10-V1.0.0/GEN_FIP/myir-st-optee/../build/myb-stm32mp257x-2GB/ldelf/ta_elf.o
 .rodata.__func__.2
                0x00000000000070e2       0x14 /media/home/beste/01_Pro/ld25x/bsp_hu/MYD-LD25X-Uboot-L2022.10-V1.0.0/GEN_FIP/myir-st-optee/../build/myb-stm32mp257x-2GB/ldelf/ta_elf.o
 .rodata.__func__.3
                0x00000000000070f6        0x9 /media/home/beste/01_Pro/ld25x/bsp_hu/MYD-LD25X-Uboot-L2022.10-V1.0.0/GEN_FIP/myir-st-optee/../build/myb-stm32mp257x-2GB/ldelf/ta_elf.o
 .rodata.__func__.4
                0x00000000000070ff       0x21 /media/home/beste/01_Pro/ld25x/bsp_hu/MYD-LD25X-Uboot-L2022.10-V1.0.0/GEN_FIP/myir-st-optee/../build/myb-stm32mp257x-2GB/ldelf/ta_elf.o
 .rodata.__func__.5
                0x0000000000007120       0x12 /media/home/beste/01_Pro/ld25x/bsp_hu/MYD-LD25X-Uboot-L2022.10-V1.0.0/GEN_FIP/myir-st-optee/../build/myb-stm32mp257x-2GB/ldelf/ta_elf.o
 .rodata.__func__.7
                0x0000000000007132       0x16 /media/home/beste/01_Pro/ld25x/bsp_hu/MYD-LD25X-Uboot-L2022.10-V1.0.0/GEN_FIP/myir-st-optee/../build/myb-stm32mp257x-2GB/ldelf/ta_elf.o
 .rodata.__func__.8
                0x0000000000007148       0x19 /media/home/beste/01_Pro/ld25x/bsp_hu/MYD-LD25X-Uboot-L2022.10-V1.0.0/GEN_FIP/myir-st-optee/../build/myb-stm32mp257x-2GB/ldelf/ta_elf.o
 .rodata.__func__.9
                0x0000000000007161       0x17 /media/home/beste/01_Pro/ld25x/bsp_hu/MYD-LD25X-Uboot-L2022.10-V1.0.0/GEN_FIP/myir-st-optee/../build/myb-stm32mp257x-2GB/ldelf/ta_elf.o
 .rodata.__func__.10
                0x0000000000007178       0x1a /media/home/beste/01_Pro/ld25x/bsp_hu/MYD-LD25X-Uboot-L2022.10-V1.0.0/GEN_FIP/myir-st-optee/../build/myb-stm32mp257x-2GB/ldelf/ta_elf.o
 .rodata.__func__.11
                0x0000000000007192        0xd /media/home/beste/01_Pro/ld25x/bsp_hu/MYD-LD25X-Uboot-L2022.10-V1.0.0/GEN_FIP/myir-st-optee/../build/myb-stm32mp257x-2GB/ldelf/ta_elf.o
 .rodata.__func__.12
                0x000000000000719f       0x19 /media/home/beste/01_Pro/ld25x/bsp_hu/MYD-LD25X-Uboot-L2022.10-V1.0.0/GEN_FIP/myir-st-optee/../build/myb-stm32mp257x-2GB/ldelf/ta_elf.o
 .rodata.__func__.13
                0x00000000000071b8       0x12 /media/home/beste/01_Pro/ld25x/bsp_hu/MYD-LD25X-Uboot-L2022.10-V1.0.0/GEN_FIP/myir-st-optee/../build/myb-stm32mp257x-2GB/ldelf/ta_elf.o
 .rodata.__func__.14
                0x00000000000071ca        0xe /media/home/beste/01_Pro/ld25x/bsp_hu/MYD-LD25X-Uboot-L2022.10-V1.0.0/GEN_FIP/myir-st-optee/../build/myb-stm32mp257x-2GB/ldelf/ta_elf.o
 .rodata.__func__.15
                0x00000000000071d8       0x10 /media/home/beste/01_Pro/ld25x/bsp_hu/MYD-LD25X-Uboot-L2022.10-V1.0.0/GEN_FIP/myir-st-optee/../build/myb-stm32mp257x-2GB/ldelf/ta_elf.o
 .rodata.__func__.16
                0x00000000000071e8       0x10 /media/home/beste/01_Pro/ld25x/bsp_hu/MYD-LD25X-Uboot-L2022.10-V1.0.0/GEN_FIP/myir-st-optee/../build/myb-stm32mp257x-2GB/ldelf/ta_elf.o
 .rodata.__func__.17
                0x00000000000071f8       0x15 /media/home/beste/01_Pro/ld25x/bsp_hu/MYD-LD25X-Uboot-L2022.10-V1.0.0/GEN_FIP/myir-st-optee/../build/myb-stm32mp257x-2GB/ldelf/ta_elf.o
 .rodata.__func__.18
                0x000000000000720d        0xc /media/home/beste/01_Pro/ld25x/bsp_hu/MYD-LD25X-Uboot-L2022.10-V1.0.0/GEN_FIP/myir-st-optee/../build/myb-stm32mp257x-2GB/ldelf/ta_elf.o
 .rodata.__func__.19
                0x0000000000007219       0x14 /media/home/beste/01_Pro/ld25x/bsp_hu/MYD-LD25X-Uboot-L2022.10-V1.0.0/GEN_FIP/myir-st-optee/../build/myb-stm32mp257x-2GB/ldelf/ta_elf.o
 .rodata.__func__.20
                0x000000000000722d       0x16 /media/home/beste/01_Pro/ld25x/bsp_hu/MYD-LD25X-Uboot-L2022.10-V1.0.0/GEN_FIP/myir-st-optee/../build/myb-stm32mp257x-2GB/ldelf/ta_elf.o
 .rodata.__func__.21
                0x0000000000007243       0x19 /media/home/beste/01_Pro/ld25x/bsp_hu/MYD-LD25X-Uboot-L2022.10-V1.0.0/GEN_FIP/myir-st-optee/../build/myb-stm32mp257x-2GB/ldelf/ta_elf.o
 .rodata.__func__.22
                0x000000000000725c       0x10 /media/home/beste/01_Pro/ld25x/bsp_hu/MYD-LD25X-Uboot-L2022.10-V1.0.0/GEN_FIP/myir-st-optee/../build/myb-stm32mp257x-2GB/ldelf/ta_elf.o
 .rodata.__func__.23
                0x000000000000726c        0xc /media/home/beste/01_Pro/ld25x/bsp_hu/MYD-LD25X-Uboot-L2022.10-V1.0.0/GEN_FIP/myir-st-optee/../build/myb-stm32mp257x-2GB/ldelf/ta_elf.o
 .rodata.__func__.24
                0x0000000000007278       0x12 /media/home/beste/01_Pro/ld25x/bsp_hu/MYD-LD25X-Uboot-L2022.10-V1.0.0/GEN_FIP/myir-st-optee/../build/myb-stm32mp257x-2GB/ldelf/ta_elf.o
 .rodata.__func__.26
                0x000000000000728a        0xd /media/home/beste/01_Pro/ld25x/bsp_hu/MYD-LD25X-Uboot-L2022.10-V1.0.0/GEN_FIP/myir-st-optee/../build/myb-stm32mp257x-2GB/ldelf/ta_elf.o
 .rodata.__func__.27
                0x0000000000007297        0x9 /media/home/beste/01_Pro/ld25x/bsp_hu/MYD-LD25X-Uboot-L2022.10-V1.0.0/GEN_FIP/myir-st-optee/../build/myb-stm32mp257x-2GB/ldelf/ta_elf.o
 .rodata.__func__.28
                0x00000000000072a0       0x14 /media/home/beste/01_Pro/ld25x/bsp_hu/MYD-LD25X-Uboot-L2022.10-V1.0.0/GEN_FIP/myir-st-optee/../build/myb-stm32mp257x-2GB/ldelf/ta_elf.o
 .rodata.__func__.29
                0x00000000000072b4        0xf /media/home/beste/01_Pro/ld25x/bsp_hu/MYD-LD25X-Uboot-L2022.10-V1.0.0/GEN_FIP/myir-st-optee/../build/myb-stm32mp257x-2GB/ldelf/ta_elf.o
 .rodata.__func__.31
                0x00000000000072c3       0x11 /media/home/beste/01_Pro/ld25x/bsp_hu/MYD-LD25X-Uboot-L2022.10-V1.0.0/GEN_FIP/myir-st-optee/../build/myb-stm32mp257x-2GB/ldelf/ta_elf.o
 .rodata.__func__.32
                0x00000000000072d4       0x12 /media/home/beste/01_Pro/ld25x/bsp_hu/MYD-LD25X-Uboot-L2022.10-V1.0.0/GEN_FIP/myir-st-optee/../build/myb-stm32mp257x-2GB/ldelf/ta_elf.o
 .rodata.__func__.33
                0x00000000000072e6        0xa /media/home/beste/01_Pro/ld25x/bsp_hu/MYD-LD25X-Uboot-L2022.10-V1.0.0/GEN_FIP/myir-st-optee/../build/myb-stm32mp257x-2GB/ldelf/ta_elf.o
 .rodata.__func__.34
                0x00000000000072f0        0xa /media/home/beste/01_Pro/ld25x/bsp_hu/MYD-LD25X-Uboot-L2022.10-V1.0.0/GEN_FIP/myir-st-optee/../build/myb-stm32mp257x-2GB/ldelf/ta_elf.o
 .rodata.__func__.35
                0x00000000000072fa       0x11 /media/home/beste/01_Pro/ld25x/bsp_hu/MYD-LD25X-Uboot-L2022.10-V1.0.0/GEN_FIP/myir-st-optee/../build/myb-stm32mp257x-2GB/ldelf/ta_elf.o
 .rodata.check_found_sym.str1.1
                0x000000000000730b       0x63 /media/home/beste/01_Pro/ld25x/bsp_hu/MYD-LD25X-Uboot-L2022.10-V1.0.0/GEN_FIP/myir-st-optee/../build/myb-stm32mp257x-2GB/ldelf/ta_elf_rel.o
 .rodata.e32_get_sym_name.constprop.0.isra.0.str1.1
                0x000000000000736e       0x32 /media/home/beste/01_Pro/ld25x/bsp_hu/MYD-LD25X-Uboot-L2022.10-V1.0.0/GEN_FIP/myir-st-optee/../build/myb-stm32mp257x-2GB/ldelf/ta_elf_rel.o
 .rodata.resolve_sym.str1.1
                0x00000000000073a0       0x14 /media/home/beste/01_Pro/ld25x/bsp_hu/MYD-LD25X-Uboot-L2022.10-V1.0.0/GEN_FIP/myir-st-optee/../build/myb-stm32mp257x-2GB/ldelf/ta_elf_rel.o
 .rodata.ta_elf_relocate.str1.1
                0x00000000000073b4      0x1ef /media/home/beste/01_Pro/ld25x/bsp_hu/MYD-LD25X-Uboot-L2022.10-V1.0.0/GEN_FIP/myir-st-optee/../build/myb-stm32mp257x-2GB/ldelf/ta_elf_rel.o
                                        0x203 (size before relaxing)
 .rodata.__func__.0
                0x00000000000075a3       0x11 /media/home/beste/01_Pro/ld25x/bsp_hu/MYD-LD25X-Uboot-L2022.10-V1.0.0/GEN_FIP/myir-st-optee/../build/myb-stm32mp257x-2GB/ldelf/ta_elf_rel.o
 .rodata.__func__.1
                0x00000000000075b4        0xd /media/home/beste/01_Pro/ld25x/bsp_hu/MYD-LD25X-Uboot-L2022.10-V1.0.0/GEN_FIP/myir-st-optee/../build/myb-stm32mp257x-2GB/ldelf/ta_elf_rel.o
 .rodata.__func__.2
                0x00000000000075c1       0x13 /media/home/beste/01_Pro/ld25x/bsp_hu/MYD-LD25X-Uboot-L2022.10-V1.0.0/GEN_FIP/myir-st-optee/../build/myb-stm32mp257x-2GB/ldelf/ta_elf_rel.o
 .rodata.__func__.3
                0x00000000000075d4        0xc /media/home/beste/01_Pro/ld25x/bsp_hu/MYD-LD25X-Uboot-L2022.10-V1.0.0/GEN_FIP/myir-st-optee/../build/myb-stm32mp257x-2GB/ldelf/ta_elf_rel.o
 .rodata.__func__.4
                0x00000000000075e0       0x11 /media/home/beste/01_Pro/ld25x/bsp_hu/MYD-LD25X-Uboot-L2022.10-V1.0.0/GEN_FIP/myir-st-optee/../build/myb-stm32mp257x-2GB/ldelf/ta_elf_rel.o
 .rodata.__func__.5
                0x00000000000075f1        0xd /media/home/beste/01_Pro/ld25x/bsp_hu/MYD-LD25X-Uboot-L2022.10-V1.0.0/GEN_FIP/myir-st-optee/../build/myb-stm32mp257x-2GB/ldelf/ta_elf_rel.o
 .rodata.__func__.6
                0x00000000000075fe        0xc /media/home/beste/01_Pro/ld25x/bsp_hu/MYD-LD25X-Uboot-L2022.10-V1.0.0/GEN_FIP/myir-st-optee/../build/myb-stm32mp257x-2GB/ldelf/ta_elf_rel.o
 .rodata.__func__.7
                0x000000000000760a       0x10 /media/home/beste/01_Pro/ld25x/bsp_hu/MYD-LD25X-Uboot-L2022.10-V1.0.0/GEN_FIP/myir-st-optee/../build/myb-stm32mp257x-2GB/ldelf/ta_elf_rel.o
 .rodata.__func__.8
                0x000000000000761a       0x13 /media/home/beste/01_Pro/ld25x/bsp_hu/MYD-LD25X-Uboot-L2022.10-V1.0.0/GEN_FIP/myir-st-optee/../build/myb-stm32mp257x-2GB/ldelf/ta_elf_rel.o
 .rodata.print_stack_arm32.str1.1
                0x000000000000762d       0x14 /media/home/beste/01_Pro/ld25x/bsp_hu/MYD-LD25X-Uboot-L2022.10-V1.0.0/GEN_FIP/myir-st-optee/../build/myb-stm32mp257x-2GB/ldelf-lib/libunw/libunw.a(unwind_arm32.o)
 .rodata.print_stack_arm64.str1.1
                0x0000000000007641        0x9 /media/home/beste/01_Pro/ld25x/bsp_hu/MYD-LD25X-Uboot-L2022.10-V1.0.0/GEN_FIP/myir-st-optee/../build/myb-stm32mp257x-2GB/ldelf-lib/libunw/libunw.a(unwind_arm64.o)
                                         0x15 (size before relaxing)
 .rodata._assert_log.str1.1
                0x000000000000764a       0x27 /media/home/beste/01_Pro/ld25x/bsp_hu/MYD-LD25X-Uboot-L2022.10-V1.0.0/GEN_FIP/myir-st-optee/../build/myb-stm32mp257x-2GB/ldelf-lib/libutee/libutee.a(assert.o)
 .rodata.bget_buf_size.part.0.str1.1
                0x0000000000007671       0x2a /media/home/beste/01_Pro/ld25x/bsp_hu/MYD-LD25X-Uboot-L2022.10-V1.0.0/GEN_FIP/myir-st-optee/../build/myb-stm32mp257x-2GB/ldelf-lib/libutils/libutils.a(bget_malloc.o)
 .rodata.bget.str1.1
                0x000000000000769b      0x11e /media/home/beste/01_Pro/ld25x/bsp_hu/MYD-LD25X-Uboot-L2022.10-V1.0.0/GEN_FIP/myir-st-optee/../build/myb-stm32mp257x-2GB/ldelf-lib/libutils/libutils.a(bget_malloc.o)
                                        0x127 (size before relaxing)
 .rodata.bgetz.str1.1
                0x00000000000077b9        0xe /media/home/beste/01_Pro/ld25x/bsp_hu/MYD-LD25X-Uboot-L2022.10-V1.0.0/GEN_FIP/myir-st-optee/../build/myb-stm32mp257x-2GB/ldelf-lib/libutils/libutils.a(bget_malloc.o)
 .rodata.brel.str1.1
                0x00000000000077c7      0x11c /media/home/beste/01_Pro/ld25x/bsp_hu/MYD-LD25X-Uboot-L2022.10-V1.0.0/GEN_FIP/myir-st-optee/../build/myb-stm32mp257x-2GB/ldelf-lib/libutils/libutils.a(bget_malloc.o)
 .rodata.bpool.str1.1
                0x00000000000078e3       0x35 /media/home/beste/01_Pro/ld25x/bsp_hu/MYD-LD25X-Uboot-L2022.10-V1.0.0/GEN_FIP/myir-st-optee/../build/myb-stm32mp257x-2GB/ldelf-lib/libutils/libutils.a(bget_malloc.o)
 .rodata.gen_malloc_add_pool.str1.1
                0x0000000000007918       0x35 /media/home/beste/01_Pro/ld25x/bsp_hu/MYD-LD25X-Uboot-L2022.10-V1.0.0/GEN_FIP/myir-st-optee/../build/myb-stm32mp257x-2GB/ldelf-lib/libutils/libutils.a(bget_malloc.o)
                                          0x2 (size before relaxing)
 .rodata.__func__.1
                0x0000000000007918       0x14 /media/home/beste/01_Pro/ld25x/bsp_hu/MYD-LD25X-Uboot-L2022.10-V1.0.0/GEN_FIP/myir-st-optee/../build/myb-stm32mp257x-2GB/ldelf-lib/libutils/libutils.a(bget_malloc.o)
 .rodata.__func__.2
                0x000000000000792c        0xe /media/home/beste/01_Pro/ld25x/bsp_hu/MYD-LD25X-Uboot-L2022.10-V1.0.0/GEN_FIP/myir-st-optee/../build/myb-stm32mp257x-2GB/ldelf-lib/libutils/libutils.a(bget_malloc.o)
 .rodata.__func__.4
                0x000000000000793a        0x6 /media/home/beste/01_Pro/ld25x/bsp_hu/MYD-LD25X-Uboot-L2022.10-V1.0.0/GEN_FIP/myir-st-optee/../build/myb-stm32mp257x-2GB/ldelf-lib/libutils/libutils.a(bget_malloc.o)
 .rodata.__func__.5
                0x0000000000007940        0x5 /media/home/beste/01_Pro/ld25x/bsp_hu/MYD-LD25X-Uboot-L2022.10-V1.0.0/GEN_FIP/myir-st-optee/../build/myb-stm32mp257x-2GB/ldelf-lib/libutils/libutils.a(bget_malloc.o)
 .rodata.__func__.7
                0x0000000000007945        0x6 /media/home/beste/01_Pro/ld25x/bsp_hu/MYD-LD25X-Uboot-L2022.10-V1.0.0/GEN_FIP/myir-st-optee/../build/myb-stm32mp257x-2GB/ldelf-lib/libutils/libutils.a(bget_malloc.o)
 .rodata.__func__.8
                0x000000000000794b        0x5 /media/home/beste/01_Pro/ld25x/bsp_hu/MYD-LD25X-Uboot-L2022.10-V1.0.0/GEN_FIP/myir-st-optee/../build/myb-stm32mp257x-2GB/ldelf-lib/libutils/libutils.a(bget_malloc.o)
 .rodata.kprintf.constprop.0.str1.1
                0x0000000000007950       0x38 /media/home/beste/01_Pro/ld25x/bsp_hu/MYD-LD25X-Uboot-L2022.10-V1.0.0/GEN_FIP/myir-st-optee/../build/myb-stm32mp257x-2GB/ldelf-lib/libutils/libutils.a(snprintk.o)
 .rodata.HEXDIGITS
                0x0000000000007988       0x11 /media/home/beste/01_Pro/ld25x/bsp_hu/MYD-LD25X-Uboot-L2022.10-V1.0.0/GEN_FIP/myir-st-optee/../build/myb-stm32mp257x-2GB/ldelf-lib/libutils/libutils.a(snprintk.o)
 .rodata.hexdigits
                0x0000000000007999       0x11 /media/home/beste/01_Pro/ld25x/bsp_hu/MYD-LD25X-Uboot-L2022.10-V1.0.0/GEN_FIP/myir-st-optee/../build/myb-stm32mp257x-2GB/ldelf-lib/libutils/libutils.a(snprintk.o)
 .rodata.trace_vprintf.str1.1
                0x00000000000079aa       0x1a /media/home/beste/01_Pro/ld25x/bsp_hu/MYD-LD25X-Uboot-L2022.10-V1.0.0/GEN_FIP/myir-st-optee/../build/myb-stm32mp257x-2GB/ldelf-lib/libutils/libutils.a(trace.o)
                                         0x1b (size before relaxing)
 .rodata.lvl_strs.0
                0x00000000000079c4        0x5 /media/home/beste/01_Pro/ld25x/bsp_hu/MYD-LD25X-Uboot-L2022.10-V1.0.0/GEN_FIP/myir-st-optee/../build/myb-stm32mp257x-2GB/ldelf-lib/libutils/libutils.a(trace.o)

.gnu.version_d  0x00000000000079d0        0x0
 .gnu.version_d
                0x00000000000079d0        0x0 /media/home/beste/01_Pro/ld25x/bsp_hu/MYD-LD25X-Uboot-L2022.10-V1.0.0/GEN_FIP/myir-st-optee/../build/myb-stm32mp257x-2GB/ldelf/start_a64.o

.gnu.version    0x00000000000079ca        0x0
 .gnu.version   0x00000000000079ca        0x0 /media/home/beste/01_Pro/ld25x/bsp_hu/MYD-LD25X-Uboot-L2022.10-V1.0.0/GEN_FIP/myir-st-optee/../build/myb-stm32mp257x-2GB/ldelf/start_a64.o

.gnu.version_r  0x00000000000079d0        0x0
 .gnu.version_r
                0x00000000000079d0        0x0 /media/home/beste/01_Pro/ld25x/bsp_hu/MYD-LD25X-Uboot-L2022.10-V1.0.0/GEN_FIP/myir-st-optee/../build/myb-stm32mp257x-2GB/ldelf/start_a64.o

.gnu.hash       0x00000000000079d0       0x1c
 .gnu.hash      0x00000000000079d0       0x1c /media/home/beste/01_Pro/ld25x/bsp_hu/MYD-LD25X-Uboot-L2022.10-V1.0.0/GEN_FIP/myir-st-optee/../build/myb-stm32mp257x-2GB/ldelf/start_a64.o

.ARM.exidx
 *(SORT_BY_ALIGNMENT(.ARM.exidx*) SORT_BY_ALIGNMENT(.gnu.linkonce.armexidx.*))

.ARM.extab
 *(SORT_BY_ALIGNMENT(.ARM.extab*))

.ctors
 *(SORT_BY_ALIGNMENT(.ctors))

.dtors
 *(SORT_BY_ALIGNMENT(.dtors))

.dynsym         0x00000000000079f0       0x48
 *(SORT_BY_ALIGNMENT(.dynsym))
 .dynsym        0x00000000000079f0       0x48 /media/home/beste/01_Pro/ld25x/bsp_hu/MYD-LD25X-Uboot-L2022.10-V1.0.0/GEN_FIP/myir-st-optee/../build/myb-stm32mp257x-2GB/ldelf/start_a64.o

.dynstr         0x0000000000007a38        0x1
 *(SORT_BY_ALIGNMENT(.dynstr))
 .dynstr        0x0000000000007a38        0x1 /media/home/beste/01_Pro/ld25x/bsp_hu/MYD-LD25X-Uboot-L2022.10-V1.0.0/GEN_FIP/myir-st-optee/../build/myb-stm32mp257x-2GB/ldelf/start_a64.o

.hash           0x0000000000007a40       0x18
 *(SORT_BY_ALIGNMENT(.hash))
 .hash          0x0000000000007a40       0x18 /media/home/beste/01_Pro/ld25x/bsp_hu/MYD-LD25X-Uboot-L2022.10-V1.0.0/GEN_FIP/myir-st-optee/../build/myb-stm32mp257x-2GB/ldelf/start_a64.o
                0x0000000000007a58                . = ALIGN (0x8)
                0x0000000000007a58                __reloc_begin = .

.rel.got
 *(SORT_BY_ALIGNMENT(.rel.got))

.rela.got       0x0000000000007a58       0x60
 *(SORT_BY_ALIGNMENT(.rela.got))
 .rela.got      0x0000000000007a58       0x60 /media/home/beste/01_Pro/ld25x/bsp_hu/MYD-LD25X-Uboot-L2022.10-V1.0.0/GEN_FIP/myir-st-optee/../build/myb-stm32mp257x-2GB/ldelf/start_a64.o

.rel.text
 *(SORT_BY_ALIGNMENT(.rel.text))
 *(SORT_BY_ALIGNMENT(.rel.gnu.linkonce.t*))

.rela.text
 *(SORT_BY_ALIGNMENT(.rela.text))
 *(SORT_BY_ALIGNMENT(.rela.gnu.linkonce.t*))

.rel.data
 *(SORT_BY_ALIGNMENT(.rel.data))
 *(SORT_BY_ALIGNMENT(.rel.gnu.linkonce.d*))

.rela.data
 *(SORT_BY_ALIGNMENT(.rela.data))
 *(SORT_BY_ALIGNMENT(.rela.gnu.linkonce.d*))

.rel.rodata
 *(SORT_BY_ALIGNMENT(.rel.rodata))
 *(SORT_BY_ALIGNMENT(.rel.gnu.linkonce.r*))

.rela.rodata
 *(SORT_BY_ALIGNMENT(.rela.rodata))
 *(SORT_BY_ALIGNMENT(.rela.gnu.linkonce.r*))

.rel.dyn
 *(SORT_BY_ALIGNMENT(.rel.dyn))

.rela.dyn       0x0000000000007ab8       0x48
 *(SORT_BY_ALIGNMENT(.rela.dyn))
 .rela.data.rel.ro
                0x0000000000007ab8        0x0 /media/home/beste/01_Pro/ld25x/bsp_hu/MYD-LD25X-Uboot-L2022.10-V1.0.0/GEN_FIP/myir-st-optee/../build/myb-stm32mp257x-2GB/ldelf/start_a64.o
 .rela.ifunc    0x0000000000007ab8        0x0 /media/home/beste/01_Pro/ld25x/bsp_hu/MYD-LD25X-Uboot-L2022.10-V1.0.0/GEN_FIP/myir-st-optee/../build/myb-stm32mp257x-2GB/ldelf/start_a64.o
 .rela.data.rel.local.main_elf_queue
                0x0000000000007ab8       0x18 /media/home/beste/01_Pro/ld25x/bsp_hu/MYD-LD25X-Uboot-L2022.10-V1.0.0/GEN_FIP/myir-st-optee/../build/myb-stm32mp257x-2GB/ldelf/start_a64.o
 .rela.data.rel.local.malloc_ctx
                0x0000000000007ad0       0x30 /media/home/beste/01_Pro/ld25x/bsp_hu/MYD-LD25X-Uboot-L2022.10-V1.0.0/GEN_FIP/myir-st-optee/../build/myb-stm32mp257x-2GB/ldelf/start_a64.o

.rel.ctors
 *(SORT_BY_ALIGNMENT(.rel.ctors))

.rela.ctors
 *(SORT_BY_ALIGNMENT(.rela.ctors))

.rel.dtors
 *(SORT_BY_ALIGNMENT(.rel.dtors))

.rela.dtors
 *(SORT_BY_ALIGNMENT(.rela.dtors))

.rel.init
 *(SORT_BY_ALIGNMENT(.rel.init))

.rela.init
 *(SORT_BY_ALIGNMENT(.rela.init))

.rel.fini
 *(SORT_BY_ALIGNMENT(.rel.fini))

.rela.fini
 *(SORT_BY_ALIGNMENT(.rela.fini))

.rel.bss
 *(SORT_BY_ALIGNMENT(.rel.bss))

.rela.bss       0x0000000000007b00        0x0
 *(SORT_BY_ALIGNMENT(.rela.bss))
 .rela.bss      0x0000000000007b00        0x0 /media/home/beste/01_Pro/ld25x/bsp_hu/MYD-LD25X-Uboot-L2022.10-V1.0.0/GEN_FIP/myir-st-optee/../build/myb-stm32mp257x-2GB/ldelf/start_a64.o

.rel.plt
 *(SORT_BY_ALIGNMENT(.rel.plt))

.rela.plt       0x0000000000007b00        0x0
 *(SORT_BY_ALIGNMENT(.rela.plt))
 .rela.plt      0x0000000000007b00        0x0 /media/home/beste/01_Pro/ld25x/bsp_hu/MYD-LD25X-Uboot-L2022.10-V1.0.0/GEN_FIP/myir-st-optee/../build/myb-stm32mp257x-2GB/ldelf/start_a64.o
                0x0000000000007b00                __reloc_end = .
                0x0000000000008000                . = ALIGN (0x1000)

.dynamic        0x0000000000008000      0x110
 *(SORT_BY_ALIGNMENT(.dynamic))
 .dynamic       0x0000000000008000      0x110 /media/home/beste/01_Pro/ld25x/bsp_hu/MYD-LD25X-Uboot-L2022.10-V1.0.0/GEN_FIP/myir-st-optee/../build/myb-stm32mp257x-2GB/ldelf/start_a64.o
                0x0000000000008000                _DYNAMIC

.got            0x0000000000008110       0x40
 *(SORT_BY_ALIGNMENT(.got.plt))
 .got.plt       0x0000000000008110       0x18 /media/home/beste/01_Pro/ld25x/bsp_hu/MYD-LD25X-Uboot-L2022.10-V1.0.0/GEN_FIP/myir-st-optee/../build/myb-stm32mp257x-2GB/ldelf/start_a64.o
 *(SORT_BY_ALIGNMENT(.got))
 .got           0x0000000000008128       0x28 /media/home/beste/01_Pro/ld25x/bsp_hu/MYD-LD25X-Uboot-L2022.10-V1.0.0/GEN_FIP/myir-st-optee/../build/myb-stm32mp257x-2GB/ldelf/start_a64.o
                0x0000000000008128                _GLOBAL_OFFSET_TABLE_

.data           0x0000000000008150       0xa4
 *(SORT_BY_ALIGNMENT(.data) SORT_BY_ALIGNMENT(.data.*) SORT_BY_ALIGNMENT(.gnu.linkonce.d.*))
 .data.last_tls_mod_id.25
                0x0000000000008150        0x8 /media/home/beste/01_Pro/ld25x/bsp_hu/MYD-LD25X-Uboot-L2022.10-V1.0.0/GEN_FIP/myir-st-optee/../build/myb-stm32mp257x-2GB/ldelf/ta_elf.o
 .data.next_offs.30
                0x0000000000008158        0x8 /media/home/beste/01_Pro/ld25x/bsp_hu/MYD-LD25X-Uboot-L2022.10-V1.0.0/GEN_FIP/myir-st-optee/../build/myb-stm32mp257x-2GB/ldelf/ta_elf.o
 .data.rel.local.main_elf_queue
                0x0000000000008160       0x10 /media/home/beste/01_Pro/ld25x/bsp_hu/MYD-LD25X-Uboot-L2022.10-V1.0.0/GEN_FIP/myir-st-optee/../build/myb-stm32mp257x-2GB/ldelf/ta_elf.o
                0x0000000000008160                main_elf_queue
 .data.rel.local.malloc_ctx
                0x0000000000008170       0x80 /media/home/beste/01_Pro/ld25x/bsp_hu/MYD-LD25X-Uboot-L2022.10-V1.0.0/GEN_FIP/myir-st-optee/../build/myb-stm32mp257x-2GB/ldelf-lib/libutils/libutils.a(bget_malloc.o)
 .data.trace_level
                0x00000000000081f0        0x4 /media/home/beste/01_Pro/ld25x/bsp_hu/MYD-LD25X-Uboot-L2022.10-V1.0.0/GEN_FIP/myir-st-optee/../build/myb-stm32mp257x-2GB/ldelf/sys.o
                0x00000000000081f0                trace_level
 .data.rel.ro   0x00000000000081f4        0x0 /media/home/beste/01_Pro/ld25x/bsp_hu/MYD-LD25X-Uboot-L2022.10-V1.0.0/GEN_FIP/myir-st-optee/../build/myb-stm32mp257x-2GB/ldelf/start_a64.o

.bss            0x00000000000081f8       0x18
 *(SORT_BY_ALIGNMENT(.bss) SORT_BY_ALIGNMENT(.bss.*) SORT_BY_ALIGNMENT(.gnu.linkonce.b.*) SORT_BY_ALIGNMENT(COMMON))
 .bss.mpool_base
                0x00000000000081f8        0x8 /media/home/beste/01_Pro/ld25x/bsp_hu/MYD-LD25X-Uboot-L2022.10-V1.0.0/GEN_FIP/myir-st-optee/../build/myb-stm32mp257x-2GB/ldelf/main.o
 .bss.ta_stack_size
                0x0000000000008200        0x8 /media/home/beste/01_Pro/ld25x/bsp_hu/MYD-LD25X-Uboot-L2022.10-V1.0.0/GEN_FIP/myir-st-optee/../build/myb-stm32mp257x-2GB/ldelf/ta_elf.o
 .bss.ta_stack  0x0000000000008208        0x8 /media/home/beste/01_Pro/ld25x/bsp_hu/MYD-LD25X-Uboot-L2022.10-V1.0.0/GEN_FIP/myir-st-optee/../build/myb-stm32mp257x-2GB/ldelf/ta_elf.o

.dynbss         0x0000000000008210        0x0
 .dynbss        0x0000000000008210        0x0 /media/home/beste/01_Pro/ld25x/bsp_hu/MYD-LD25X-Uboot-L2022.10-V1.0.0/GEN_FIP/myir-st-optee/../build/myb-stm32mp257x-2GB/ldelf/start_a64.o

/DISCARD/
 *(SORT_BY_ALIGNMENT(.interp))
LOAD /media/home/beste/01_Pro/ld25x/bsp_hu/MYD-LD25X-Uboot-L2022.10-V1.0.0/GEN_FIP/myir-st-optee/../build/myb-stm32mp257x-2GB/ldelf/start_a64.o
LOAD /media/home/beste/01_Pro/ld25x/bsp_hu/MYD-LD25X-Uboot-L2022.10-V1.0.0/GEN_FIP/myir-st-optee/../build/myb-stm32mp257x-2GB/ldelf/syscalls_a64.o
LOAD /media/home/beste/01_Pro/ld25x/bsp_hu/MYD-LD25X-Uboot-L2022.10-V1.0.0/GEN_FIP/myir-st-optee/../build/myb-stm32mp257x-2GB/ldelf/tlsdesc_rel_a64.o
LOAD /media/home/beste/01_Pro/ld25x/bsp_hu/MYD-LD25X-Uboot-L2022.10-V1.0.0/GEN_FIP/myir-st-optee/../build/myb-stm32mp257x-2GB/ldelf/dl.o
LOAD /media/home/beste/01_Pro/ld25x/bsp_hu/MYD-LD25X-Uboot-L2022.10-V1.0.0/GEN_FIP/myir-st-optee/../build/myb-stm32mp257x-2GB/ldelf/main.o
LOAD /media/home/beste/01_Pro/ld25x/bsp_hu/MYD-LD25X-Uboot-L2022.10-V1.0.0/GEN_FIP/myir-st-optee/../build/myb-stm32mp257x-2GB/ldelf/sys.o
LOAD /media/home/beste/01_Pro/ld25x/bsp_hu/MYD-LD25X-Uboot-L2022.10-V1.0.0/GEN_FIP/myir-st-optee/../build/myb-stm32mp257x-2GB/ldelf/ta_elf.o
LOAD /media/home/beste/01_Pro/ld25x/bsp_hu/MYD-LD25X-Uboot-L2022.10-V1.0.0/GEN_FIP/myir-st-optee/../build/myb-stm32mp257x-2GB/ldelf/ta_elf_rel.o
START GROUP
LOAD /media/home/beste/01_Pro/ld25x/bsp_hu/MYD-LD25X-Uboot-L2022.10-V1.0.0/GEN_FIP/myir-st-optee/../build/myb-stm32mp257x-2GB/ldelf-lib/libunw/libunw.a
LOAD /media/home/beste/01_Pro/ld25x/bsp_hu/MYD-LD25X-Uboot-L2022.10-V1.0.0/GEN_FIP/myir-st-optee/../build/myb-stm32mp257x-2GB/ldelf-lib/libutee/libutee.a
LOAD /media/home/beste/01_Pro/ld25x/bsp_hu/MYD-LD25X-Uboot-L2022.10-V1.0.0/GEN_FIP/myir-st-optee/../build/myb-stm32mp257x-2GB/ldelf-lib/libutils/libutils.a
END GROUP
LOAD /media/home/beste/03_toolchain/ld25x/sysroots/cortexa35-ostl-linux/usr/lib/aarch64-ostl-linux/12.3.0/libgcc.a
OUTPUT(/media/home/beste/01_Pro/ld25x/bsp_hu/MYD-LD25X-Uboot-L2022.10-V1.0.0/GEN_FIP/myir-st-optee/../build/myb-stm32mp257x-2GB/ldelf/ldelf.elf elf64-littleaarch64)
LOAD linker stubs

.debug_line     0x0000000000000000     0x70e9
 .debug_line    0x0000000000000000       0x63 /media/home/beste/01_Pro/ld25x/bsp_hu/MYD-LD25X-Uboot-L2022.10-V1.0.0/GEN_FIP/myir-st-optee/../build/myb-stm32mp257x-2GB/ldelf/start_a64.o
 .debug_line    0x0000000000000063      0x14e /media/home/beste/01_Pro/ld25x/bsp_hu/MYD-LD25X-Uboot-L2022.10-V1.0.0/GEN_FIP/myir-st-optee/../build/myb-stm32mp257x-2GB/ldelf/syscalls_a64.o
 .debug_line    0x00000000000001b1       0x4e /media/home/beste/01_Pro/ld25x/bsp_hu/MYD-LD25X-Uboot-L2022.10-V1.0.0/GEN_FIP/myir-st-optee/../build/myb-stm32mp257x-2GB/ldelf/tlsdesc_rel_a64.o
 .debug_line    0x00000000000001ff      0x17e /media/home/beste/01_Pro/ld25x/bsp_hu/MYD-LD25X-Uboot-L2022.10-V1.0.0/GEN_FIP/myir-st-optee/../build/myb-stm32mp257x-2GB/ldelf/dl.o
 .debug_line    0x000000000000037d      0x272 /media/home/beste/01_Pro/ld25x/bsp_hu/MYD-LD25X-Uboot-L2022.10-V1.0.0/GEN_FIP/myir-st-optee/../build/myb-stm32mp257x-2GB/ldelf/main.o
 .debug_line    0x00000000000005ef      0x240 /media/home/beste/01_Pro/ld25x/bsp_hu/MYD-LD25X-Uboot-L2022.10-V1.0.0/GEN_FIP/myir-st-optee/../build/myb-stm32mp257x-2GB/ldelf/sys.o
 .debug_line    0x000000000000082f     0x25a5 /media/home/beste/01_Pro/ld25x/bsp_hu/MYD-LD25X-Uboot-L2022.10-V1.0.0/GEN_FIP/myir-st-optee/../build/myb-stm32mp257x-2GB/ldelf/ta_elf.o
 .debug_line    0x0000000000002dd4      0xdb8 /media/home/beste/01_Pro/ld25x/bsp_hu/MYD-LD25X-Uboot-L2022.10-V1.0.0/GEN_FIP/myir-st-optee/../build/myb-stm32mp257x-2GB/ldelf/ta_elf_rel.o
 .debug_line    0x0000000000003b8c      0x5f2 /media/home/beste/01_Pro/ld25x/bsp_hu/MYD-LD25X-Uboot-L2022.10-V1.0.0/GEN_FIP/myir-st-optee/../build/myb-stm32mp257x-2GB/ldelf-lib/libunw/libunw.a(unwind_arm32.o)
 .debug_line    0x000000000000417e      0x1c1 /media/home/beste/01_Pro/ld25x/bsp_hu/MYD-LD25X-Uboot-L2022.10-V1.0.0/GEN_FIP/myir-st-optee/../build/myb-stm32mp257x-2GB/ldelf-lib/libunw/libunw.a(unwind_arm64.o)
 .debug_line    0x000000000000433f      0x119 /media/home/beste/01_Pro/ld25x/bsp_hu/MYD-LD25X-Uboot-L2022.10-V1.0.0/GEN_FIP/myir-st-optee/../build/myb-stm32mp257x-2GB/ldelf-lib/libutee/libutee.a(assert.o)
 .debug_line    0x0000000000004458      0x26e /media/home/beste/01_Pro/ld25x/bsp_hu/MYD-LD25X-Uboot-L2022.10-V1.0.0/GEN_FIP/myir-st-optee/../build/myb-stm32mp257x-2GB/ldelf-lib/libutee/libutee.a(tee_uuid_from_str.o)
 .debug_line    0x00000000000046c6      0x507 /media/home/beste/01_Pro/ld25x/bsp_hu/MYD-LD25X-Uboot-L2022.10-V1.0.0/GEN_FIP/myir-st-optee/../build/myb-stm32mp257x-2GB/ldelf-lib/libutee/libutee.a(utee_syscalls_a64.o)
 .debug_line    0x0000000000004bcd     0x1046 /media/home/beste/01_Pro/ld25x/bsp_hu/MYD-LD25X-Uboot-L2022.10-V1.0.0/GEN_FIP/myir-st-optee/../build/myb-stm32mp257x-2GB/ldelf-lib/libutils/libutils.a(bget_malloc.o)
 .debug_line    0x0000000000005c13       0x7b /media/home/beste/01_Pro/ld25x/bsp_hu/MYD-LD25X-Uboot-L2022.10-V1.0.0/GEN_FIP/myir-st-optee/../build/myb-stm32mp257x-2GB/ldelf-lib/libutils/libutils.a(isxdigit.o)
 .debug_line    0x0000000000005c8e       0xe0 /media/home/beste/01_Pro/ld25x/bsp_hu/MYD-LD25X-Uboot-L2022.10-V1.0.0/GEN_FIP/myir-st-optee/../build/myb-stm32mp257x-2GB/ldelf-lib/libutils/libutils.a(snprintf.o)
 .debug_line    0x0000000000005d6e       0x74 /media/home/beste/01_Pro/ld25x/bsp_hu/MYD-LD25X-Uboot-L2022.10-V1.0.0/GEN_FIP/myir-st-optee/../build/myb-stm32mp257x-2GB/ldelf-lib/libutils/libutils.a(tolower.o)
 .debug_line    0x0000000000005de2       0xab /media/home/beste/01_Pro/ld25x/bsp_hu/MYD-LD25X-Uboot-L2022.10-V1.0.0/GEN_FIP/myir-st-optee/../build/myb-stm32mp257x-2GB/ldelf-lib/libutils/libutils.a(memcmp.o)
 .debug_line    0x0000000000005e8d      0x136 /media/home/beste/01_Pro/ld25x/bsp_hu/MYD-LD25X-Uboot-L2022.10-V1.0.0/GEN_FIP/myir-st-optee/../build/myb-stm32mp257x-2GB/ldelf-lib/libutils/libutils.a(memcpy.o)
 .debug_line    0x0000000000005fc3       0x9a /media/home/beste/01_Pro/ld25x/bsp_hu/MYD-LD25X-Uboot-L2022.10-V1.0.0/GEN_FIP/myir-st-optee/../build/myb-stm32mp257x-2GB/ldelf-lib/libutils/libutils.a(memset.o)
 .debug_line    0x000000000000605d       0xa8 /media/home/beste/01_Pro/ld25x/bsp_hu/MYD-LD25X-Uboot-L2022.10-V1.0.0/GEN_FIP/myir-st-optee/../build/myb-stm32mp257x-2GB/ldelf-lib/libutils/libutils.a(strcmp.o)
 .debug_line    0x0000000000006105       0xb3 /media/home/beste/01_Pro/ld25x/bsp_hu/MYD-LD25X-Uboot-L2022.10-V1.0.0/GEN_FIP/myir-st-optee/../build/myb-stm32mp257x-2GB/ldelf-lib/libutils/libutils.a(strcpy.o)
 .debug_line    0x00000000000061b8       0xa0 /media/home/beste/01_Pro/ld25x/bsp_hu/MYD-LD25X-Uboot-L2022.10-V1.0.0/GEN_FIP/myir-st-optee/../build/myb-stm32mp257x-2GB/ldelf-lib/libutils/libutils.a(strnlen.o)
 .debug_line    0x0000000000006258      0x8b6 /media/home/beste/01_Pro/ld25x/bsp_hu/MYD-LD25X-Uboot-L2022.10-V1.0.0/GEN_FIP/myir-st-optee/../build/myb-stm32mp257x-2GB/ldelf-lib/libutils/libutils.a(snprintk.o)
 .debug_line    0x0000000000006b0e      0x2cd /media/home/beste/01_Pro/ld25x/bsp_hu/MYD-LD25X-Uboot-L2022.10-V1.0.0/GEN_FIP/myir-st-optee/../build/myb-stm32mp257x-2GB/ldelf-lib/libutils/libutils.a(trace.o)
 .debug_line    0x0000000000006ddb       0xa8 /media/home/beste/01_Pro/ld25x/bsp_hu/MYD-LD25X-Uboot-L2022.10-V1.0.0/GEN_FIP/myir-st-optee/../build/myb-stm32mp257x-2GB/ldelf-lib/libutils/libutils.a(memchr.o)
 .debug_line    0x0000000000006e83       0x9d /media/home/beste/01_Pro/ld25x/bsp_hu/MYD-LD25X-Uboot-L2022.10-V1.0.0/GEN_FIP/myir-st-optee/../build/myb-stm32mp257x-2GB/ldelf-lib/libutils/libutils.a(strlen.o)
 .debug_line    0x0000000000006f20      0x1c9 /media/home/beste/01_Pro/ld25x/bsp_hu/MYD-LD25X-Uboot-L2022.10-V1.0.0/GEN_FIP/myir-st-optee/../build/myb-stm32mp257x-2GB/ldelf-lib/libutee/libutee.a(trace_ext.o)

.debug_line_str
                0x0000000000000000      0x774
 .debug_line_str
                0x0000000000000000       0x6e /media/home/beste/01_Pro/ld25x/bsp_hu/MYD-LD25X-Uboot-L2022.10-V1.0.0/GEN_FIP/myir-st-optee/../build/myb-stm32mp257x-2GB/ldelf/start_a64.o
 .debug_line_str
                0x000000000000006e       0x6e /media/home/beste/01_Pro/ld25x/bsp_hu/MYD-LD25X-Uboot-L2022.10-V1.0.0/GEN_FIP/myir-st-optee/../build/myb-stm32mp257x-2GB/ldelf/syscalls_a64.o
                                         0x80 (size before relaxing)
 .debug_line_str
                0x000000000000006e       0x12 /media/home/beste/01_Pro/ld25x/bsp_hu/MYD-LD25X-Uboot-L2022.10-V1.0.0/GEN_FIP/myir-st-optee/../build/myb-stm32mp257x-2GB/ldelf/tlsdesc_rel_a64.o
                                         0x74 (size before relaxing)
 .debug_line_str
                0x0000000000000080      0x257 /media/home/beste/01_Pro/ld25x/bsp_hu/MYD-LD25X-Uboot-L2022.10-V1.0.0/GEN_FIP/myir-st-optee/../build/myb-stm32mp257x-2GB/ldelf/dl.o
                                        0x31f (size before relaxing)
 .debug_line_str
                0x00000000000002d7       0x62 /media/home/beste/01_Pro/ld25x/bsp_hu/MYD-LD25X-Uboot-L2022.10-V1.0.0/GEN_FIP/myir-st-optee/../build/myb-stm32mp257x-2GB/ldelf/main.o
                                        0x382 (size before relaxing)
 .debug_line_str
                0x0000000000000339        0xc /media/home/beste/01_Pro/ld25x/bsp_hu/MYD-LD25X-Uboot-L2022.10-V1.0.0/GEN_FIP/myir-st-optee/../build/myb-stm32mp257x-2GB/ldelf/sys.o
                                        0x30b (size before relaxing)
 .debug_line_str
                0x0000000000000345       0xd3 /media/home/beste/01_Pro/ld25x/bsp_hu/MYD-LD25X-Uboot-L2022.10-V1.0.0/GEN_FIP/myir-st-optee/../build/myb-stm32mp257x-2GB/ldelf/ta_elf.o
                                        0x43b (size before relaxing)
 .debug_line_str
                0x0000000000000418       0x13 /media/home/beste/01_Pro/ld25x/bsp_hu/MYD-LD25X-Uboot-L2022.10-V1.0.0/GEN_FIP/myir-st-optee/../build/myb-stm32mp257x-2GB/ldelf/ta_elf_rel.o
                                        0x39c (size before relaxing)
 .debug_line_str
                0x000000000000042b       0x25 /media/home/beste/01_Pro/ld25x/bsp_hu/MYD-LD25X-Uboot-L2022.10-V1.0.0/GEN_FIP/myir-st-optee/../build/myb-stm32mp257x-2GB/ldelf-lib/libunw/libunw.a(unwind_arm32.o)
                                        0x316 (size before relaxing)
 .debug_line_str
                0x0000000000000450       0x1a /media/home/beste/01_Pro/ld25x/bsp_hu/MYD-LD25X-Uboot-L2022.10-V1.0.0/GEN_FIP/myir-st-optee/../build/myb-stm32mp257x-2GB/ldelf-lib/libunw/libunw.a(unwind_arm64.o)
                                        0x316 (size before relaxing)
 .debug_line_str
                0x000000000000046a       0x68 /media/home/beste/01_Pro/ld25x/bsp_hu/MYD-LD25X-Uboot-L2022.10-V1.0.0/GEN_FIP/myir-st-optee/../build/myb-stm32mp257x-2GB/ldelf-lib/libutee/libutee.a(assert.o)
                                        0x359 (size before relaxing)
 .debug_line_str
                0x00000000000004d2       0x20 /media/home/beste/01_Pro/ld25x/bsp_hu/MYD-LD25X-Uboot-L2022.10-V1.0.0/GEN_FIP/myir-st-optee/../build/myb-stm32mp257x-2GB/ldelf-lib/libutee/libutee.a(tee_uuid_from_str.o)
                                        0x36c (size before relaxing)
 .debug_line_str
                0x00000000000004f2       0x3d /media/home/beste/01_Pro/ld25x/bsp_hu/MYD-LD25X-Uboot-L2022.10-V1.0.0/GEN_FIP/myir-st-optee/../build/myb-stm32mp257x-2GB/ldelf-lib/libutee/libutee.a(utee_syscalls_a64.o)
                                         0x99 (size before relaxing)
 .debug_line_str
                0x000000000000052f       0x5f /media/home/beste/01_Pro/ld25x/bsp_hu/MYD-LD25X-Uboot-L2022.10-V1.0.0/GEN_FIP/myir-st-optee/../build/myb-stm32mp257x-2GB/ldelf-lib/libutils/libutils.a(bget_malloc.o)
                                        0x35a (size before relaxing)
 .debug_line_str
                0x000000000000058e       0x1d /media/home/beste/01_Pro/ld25x/bsp_hu/MYD-LD25X-Uboot-L2022.10-V1.0.0/GEN_FIP/myir-st-optee/../build/myb-stm32mp257x-2GB/ldelf-lib/libutils/libutils.a(isxdigit.o)
                                        0x1b1 (size before relaxing)
 .debug_line_str
                0x00000000000005ab       0x1d /media/home/beste/01_Pro/ld25x/bsp_hu/MYD-LD25X-Uboot-L2022.10-V1.0.0/GEN_FIP/myir-st-optee/../build/myb-stm32mp257x-2GB/ldelf-lib/libutils/libutils.a(snprintf.o)
                                        0x27f (size before relaxing)
 .debug_line_str
                0x00000000000005c8       0x1c /media/home/beste/01_Pro/ld25x/bsp_hu/MYD-LD25X-Uboot-L2022.10-V1.0.0/GEN_FIP/myir-st-optee/../build/myb-stm32mp257x-2GB/ldelf-lib/libutils/libutils.a(tolower.o)
                                        0x1ae (size before relaxing)
 .debug_line_str
                0x00000000000005e4       0x43 /media/home/beste/01_Pro/ld25x/bsp_hu/MYD-LD25X-Uboot-L2022.10-V1.0.0/GEN_FIP/myir-st-optee/../build/myb-stm32mp257x-2GB/ldelf-lib/libutils/libutils.a(memcmp.o)
                                        0x276 (size before relaxing)
 .debug_line_str
                0x0000000000000627       0x22 /media/home/beste/01_Pro/ld25x/bsp_hu/MYD-LD25X-Uboot-L2022.10-V1.0.0/GEN_FIP/myir-st-optee/../build/myb-stm32mp257x-2GB/ldelf-lib/libutils/libutils.a(memcpy.o)
                                        0x276 (size before relaxing)
 .debug_line_str
                0x0000000000000649       0x22 /media/home/beste/01_Pro/ld25x/bsp_hu/MYD-LD25X-Uboot-L2022.10-V1.0.0/GEN_FIP/myir-st-optee/../build/myb-stm32mp257x-2GB/ldelf-lib/libutils/libutils.a(memset.o)
                                        0x276 (size before relaxing)
 .debug_line_str
                0x000000000000066b       0x22 /media/home/beste/01_Pro/ld25x/bsp_hu/MYD-LD25X-Uboot-L2022.10-V1.0.0/GEN_FIP/myir-st-optee/../build/myb-stm32mp257x-2GB/ldelf-lib/libutils/libutils.a(strcmp.o)
                                        0x27f (size before relaxing)
 .debug_line_str
                0x000000000000068d       0x22 /media/home/beste/01_Pro/ld25x/bsp_hu/MYD-LD25X-Uboot-L2022.10-V1.0.0/GEN_FIP/myir-st-optee/../build/myb-stm32mp257x-2GB/ldelf-lib/libutils/libutils.a(strcpy.o)
                                        0x27f (size before relaxing)
 .debug_line_str
                0x00000000000006af       0x23 /media/home/beste/01_Pro/ld25x/bsp_hu/MYD-LD25X-Uboot-L2022.10-V1.0.0/GEN_FIP/myir-st-optee/../build/myb-stm32mp257x-2GB/ldelf-lib/libutils/libutils.a(strnlen.o)
                                        0x279 (size before relaxing)
 .debug_line_str
                0x00000000000006d2       0x2d /media/home/beste/01_Pro/ld25x/bsp_hu/MYD-LD25X-Uboot-L2022.10-V1.0.0/GEN_FIP/myir-st-optee/../build/myb-stm32mp257x-2GB/ldelf-lib/libutils/libutils.a(snprintk.o)
                                        0x2ca (size before relaxing)
 .debug_line_str
                0x00000000000006ff       0x19 /media/home/beste/01_Pro/ld25x/bsp_hu/MYD-LD25X-Uboot-L2022.10-V1.0.0/GEN_FIP/myir-st-optee/../build/myb-stm32mp257x-2GB/ldelf-lib/libutils/libutils.a(trace.o)
                                        0x2f6 (size before relaxing)
 .debug_line_str
                0x0000000000000718       0x22 /media/home/beste/01_Pro/ld25x/bsp_hu/MYD-LD25X-Uboot-L2022.10-V1.0.0/GEN_FIP/myir-st-optee/../build/myb-stm32mp257x-2GB/ldelf-lib/libutils/libutils.a(memchr.o)
                                        0x27f (size before relaxing)
 .debug_line_str
                0x000000000000073a       0x22 /media/home/beste/01_Pro/ld25x/bsp_hu/MYD-LD25X-Uboot-L2022.10-V1.0.0/GEN_FIP/myir-st-optee/../build/myb-stm32mp257x-2GB/ldelf-lib/libutils/libutils.a(strlen.o)
                                        0x27f (size before relaxing)
 .debug_line_str
                0x000000000000075c       0x18 /media/home/beste/01_Pro/ld25x/bsp_hu/MYD-LD25X-Uboot-L2022.10-V1.0.0/GEN_FIP/myir-st-optee/../build/myb-stm32mp257x-2GB/ldelf-lib/libutee/libutee.a(trace_ext.o)
                                        0x376 (size before relaxing)

.debug_info     0x0000000000000000    0x10075
 .debug_info    0x0000000000000000       0x39 /media/home/beste/01_Pro/ld25x/bsp_hu/MYD-LD25X-Uboot-L2022.10-V1.0.0/GEN_FIP/myir-st-optee/../build/myb-stm32mp257x-2GB/ldelf/start_a64.o
 .debug_info    0x0000000000000039       0xf5 /media/home/beste/01_Pro/ld25x/bsp_hu/MYD-LD25X-Uboot-L2022.10-V1.0.0/GEN_FIP/myir-st-optee/../build/myb-stm32mp257x-2GB/ldelf/syscalls_a64.o
 .debug_info    0x000000000000012e       0x39 /media/home/beste/01_Pro/ld25x/bsp_hu/MYD-LD25X-Uboot-L2022.10-V1.0.0/GEN_FIP/myir-st-optee/../build/myb-stm32mp257x-2GB/ldelf/tlsdesc_rel_a64.o
 .debug_info    0x0000000000000167      0x70e /media/home/beste/01_Pro/ld25x/bsp_hu/MYD-LD25X-Uboot-L2022.10-V1.0.0/GEN_FIP/myir-st-optee/../build/myb-stm32mp257x-2GB/ldelf/dl.o
 .debug_info    0x0000000000000875      0xe8b /media/home/beste/01_Pro/ld25x/bsp_hu/MYD-LD25X-Uboot-L2022.10-V1.0.0/GEN_FIP/myir-st-optee/../build/myb-stm32mp257x-2GB/ldelf/main.o
 .debug_info    0x0000000000001700      0x91c /media/home/beste/01_Pro/ld25x/bsp_hu/MYD-LD25X-Uboot-L2022.10-V1.0.0/GEN_FIP/myir-st-optee/../build/myb-stm32mp257x-2GB/ldelf/sys.o
 .debug_info    0x000000000000201c     0x5cb9 /media/home/beste/01_Pro/ld25x/bsp_hu/MYD-LD25X-Uboot-L2022.10-V1.0.0/GEN_FIP/myir-st-optee/../build/myb-stm32mp257x-2GB/ldelf/ta_elf.o
 .debug_info    0x0000000000007cd5     0x265a /media/home/beste/01_Pro/ld25x/bsp_hu/MYD-LD25X-Uboot-L2022.10-V1.0.0/GEN_FIP/myir-st-optee/../build/myb-stm32mp257x-2GB/ldelf/ta_elf_rel.o
 .debug_info    0x000000000000a32f      0xa86 /media/home/beste/01_Pro/ld25x/bsp_hu/MYD-LD25X-Uboot-L2022.10-V1.0.0/GEN_FIP/myir-st-optee/../build/myb-stm32mp257x-2GB/ldelf-lib/libunw/libunw.a(unwind_arm32.o)
 .debug_info    0x000000000000adb5      0x416 /media/home/beste/01_Pro/ld25x/bsp_hu/MYD-LD25X-Uboot-L2022.10-V1.0.0/GEN_FIP/myir-st-optee/../build/myb-stm32mp257x-2GB/ldelf-lib/libunw/libunw.a(unwind_arm64.o)
 .debug_info    0x000000000000b1cb      0x1b3 /media/home/beste/01_Pro/ld25x/bsp_hu/MYD-LD25X-Uboot-L2022.10-V1.0.0/GEN_FIP/myir-st-optee/../build/myb-stm32mp257x-2GB/ldelf-lib/libutee/libutee.a(assert.o)
 .debug_info    0x000000000000b37e      0x3f4 /media/home/beste/01_Pro/ld25x/bsp_hu/MYD-LD25X-Uboot-L2022.10-V1.0.0/GEN_FIP/myir-st-optee/../build/myb-stm32mp257x-2GB/ldelf-lib/libutee/libutee.a(tee_uuid_from_str.o)
 .debug_info    0x000000000000b772      0x3b5 /media/home/beste/01_Pro/ld25x/bsp_hu/MYD-LD25X-Uboot-L2022.10-V1.0.0/GEN_FIP/myir-st-optee/../build/myb-stm32mp257x-2GB/ldelf-lib/libutee/libutee.a(utee_syscalls_a64.o)
 .debug_info    0x000000000000bb27     0x282f /media/home/beste/01_Pro/ld25x/bsp_hu/MYD-LD25X-Uboot-L2022.10-V1.0.0/GEN_FIP/myir-st-optee/../build/myb-stm32mp257x-2GB/ldelf-lib/libutils/libutils.a(bget_malloc.o)
 .debug_info    0x000000000000e356       0x6b /media/home/beste/01_Pro/ld25x/bsp_hu/MYD-LD25X-Uboot-L2022.10-V1.0.0/GEN_FIP/myir-st-optee/../build/myb-stm32mp257x-2GB/ldelf-lib/libutils/libutils.a(isxdigit.o)
 .debug_info    0x000000000000e3c1      0x266 /media/home/beste/01_Pro/ld25x/bsp_hu/MYD-LD25X-Uboot-L2022.10-V1.0.0/GEN_FIP/myir-st-optee/../build/myb-stm32mp257x-2GB/ldelf-lib/libutils/libutils.a(snprintf.o)
 .debug_info    0x000000000000e627       0x6b /media/home/beste/01_Pro/ld25x/bsp_hu/MYD-LD25X-Uboot-L2022.10-V1.0.0/GEN_FIP/myir-st-optee/../build/myb-stm32mp257x-2GB/ldelf-lib/libutils/libutils.a(tolower.o)
 .debug_info    0x000000000000e692       0xeb /media/home/beste/01_Pro/ld25x/bsp_hu/MYD-LD25X-Uboot-L2022.10-V1.0.0/GEN_FIP/myir-st-optee/../build/myb-stm32mp257x-2GB/ldelf-lib/libutils/libutils.a(memcmp.o)
 .debug_info    0x000000000000e77d      0x12c /media/home/beste/01_Pro/ld25x/bsp_hu/MYD-LD25X-Uboot-L2022.10-V1.0.0/GEN_FIP/myir-st-optee/../build/myb-stm32mp257x-2GB/ldelf-lib/libutils/libutils.a(memcpy.o)
 .debug_info    0x000000000000e8a9       0xcf /media/home/beste/01_Pro/ld25x/bsp_hu/MYD-LD25X-Uboot-L2022.10-V1.0.0/GEN_FIP/myir-st-optee/../build/myb-stm32mp257x-2GB/ldelf-lib/libutils/libutils.a(memset.o)
 .debug_info    0x000000000000e978       0xb0 /media/home/beste/01_Pro/ld25x/bsp_hu/MYD-LD25X-Uboot-L2022.10-V1.0.0/GEN_FIP/myir-st-optee/../build/myb-stm32mp257x-2GB/ldelf-lib/libutils/libutils.a(strcmp.o)
 .debug_info    0x000000000000ea28       0xc1 /media/home/beste/01_Pro/ld25x/bsp_hu/MYD-LD25X-Uboot-L2022.10-V1.0.0/GEN_FIP/myir-st-optee/../build/myb-stm32mp257x-2GB/ldelf-lib/libutils/libutils.a(strcpy.o)
 .debug_info    0x000000000000eae9       0xc9 /media/home/beste/01_Pro/ld25x/bsp_hu/MYD-LD25X-Uboot-L2022.10-V1.0.0/GEN_FIP/myir-st-optee/../build/myb-stm32mp257x-2GB/ldelf-lib/libutils/libutils.a(strnlen.o)
 .debug_info    0x000000000000ebb2      0x8f0 /media/home/beste/01_Pro/ld25x/bsp_hu/MYD-LD25X-Uboot-L2022.10-V1.0.0/GEN_FIP/myir-st-optee/../build/myb-stm32mp257x-2GB/ldelf-lib/libutils/libutils.a(snprintk.o)
 .debug_info    0x000000000000f4a2      0x6a2 /media/home/beste/01_Pro/ld25x/bsp_hu/MYD-LD25X-Uboot-L2022.10-V1.0.0/GEN_FIP/myir-st-optee/../build/myb-stm32mp257x-2GB/ldelf-lib/libutils/libutils.a(trace.o)
 .debug_info    0x000000000000fb44       0xfb /media/home/beste/01_Pro/ld25x/bsp_hu/MYD-LD25X-Uboot-L2022.10-V1.0.0/GEN_FIP/myir-st-optee/../build/myb-stm32mp257x-2GB/ldelf-lib/libutils/libutils.a(memchr.o)
 .debug_info    0x000000000000fc3f       0xbb /media/home/beste/01_Pro/ld25x/bsp_hu/MYD-LD25X-Uboot-L2022.10-V1.0.0/GEN_FIP/myir-st-optee/../build/myb-stm32mp257x-2GB/ldelf-lib/libutils/libutils.a(strlen.o)
 .debug_info    0x000000000000fcfa      0x37b /media/home/beste/01_Pro/ld25x/bsp_hu/MYD-LD25X-Uboot-L2022.10-V1.0.0/GEN_FIP/myir-st-optee/../build/myb-stm32mp257x-2GB/ldelf-lib/libutee/libutee.a(trace_ext.o)

.debug_abbrev   0x0000000000000000     0x2d2a
 .debug_abbrev  0x0000000000000000       0x28 /media/home/beste/01_Pro/ld25x/bsp_hu/MYD-LD25X-Uboot-L2022.10-V1.0.0/GEN_FIP/myir-st-optee/../build/myb-stm32mp257x-2GB/ldelf/start_a64.o
 .debug_abbrev  0x0000000000000028       0x26 /media/home/beste/01_Pro/ld25x/bsp_hu/MYD-LD25X-Uboot-L2022.10-V1.0.0/GEN_FIP/myir-st-optee/../build/myb-stm32mp257x-2GB/ldelf/syscalls_a64.o
 .debug_abbrev  0x000000000000004e       0x28 /media/home/beste/01_Pro/ld25x/bsp_hu/MYD-LD25X-Uboot-L2022.10-V1.0.0/GEN_FIP/myir-st-optee/../build/myb-stm32mp257x-2GB/ldelf/tlsdesc_rel_a64.o
 .debug_abbrev  0x0000000000000076      0x1b2 /media/home/beste/01_Pro/ld25x/bsp_hu/MYD-LD25X-Uboot-L2022.10-V1.0.0/GEN_FIP/myir-st-optee/../build/myb-stm32mp257x-2GB/ldelf/dl.o
 .debug_abbrev  0x0000000000000228      0x2f8 /media/home/beste/01_Pro/ld25x/bsp_hu/MYD-LD25X-Uboot-L2022.10-V1.0.0/GEN_FIP/myir-st-optee/../build/myb-stm32mp257x-2GB/ldelf/main.o
 .debug_abbrev  0x0000000000000520      0x1be /media/home/beste/01_Pro/ld25x/bsp_hu/MYD-LD25X-Uboot-L2022.10-V1.0.0/GEN_FIP/myir-st-optee/../build/myb-stm32mp257x-2GB/ldelf/sys.o
 .debug_abbrev  0x00000000000006de      0x6c5 /media/home/beste/01_Pro/ld25x/bsp_hu/MYD-LD25X-Uboot-L2022.10-V1.0.0/GEN_FIP/myir-st-optee/../build/myb-stm32mp257x-2GB/ldelf/ta_elf.o
 .debug_abbrev  0x0000000000000da3      0x4fd /media/home/beste/01_Pro/ld25x/bsp_hu/MYD-LD25X-Uboot-L2022.10-V1.0.0/GEN_FIP/myir-st-optee/../build/myb-stm32mp257x-2GB/ldelf/ta_elf_rel.o
 .debug_abbrev  0x00000000000012a0      0x321 /media/home/beste/01_Pro/ld25x/bsp_hu/MYD-LD25X-Uboot-L2022.10-V1.0.0/GEN_FIP/myir-st-optee/../build/myb-stm32mp257x-2GB/ldelf-lib/libunw/libunw.a(unwind_arm32.o)
 .debug_abbrev  0x00000000000015c1      0x204 /media/home/beste/01_Pro/ld25x/bsp_hu/MYD-LD25X-Uboot-L2022.10-V1.0.0/GEN_FIP/myir-st-optee/../build/myb-stm32mp257x-2GB/ldelf-lib/libunw/libunw.a(unwind_arm64.o)
 .debug_abbrev  0x00000000000017c5       0xbc /media/home/beste/01_Pro/ld25x/bsp_hu/MYD-LD25X-Uboot-L2022.10-V1.0.0/GEN_FIP/myir-st-optee/../build/myb-stm32mp257x-2GB/ldelf-lib/libutee/libutee.a(assert.o)
 .debug_abbrev  0x0000000000001881      0x1d3 /media/home/beste/01_Pro/ld25x/bsp_hu/MYD-LD25X-Uboot-L2022.10-V1.0.0/GEN_FIP/myir-st-optee/../build/myb-stm32mp257x-2GB/ldelf-lib/libutee/libutee.a(tee_uuid_from_str.o)
 .debug_abbrev  0x0000000000001a54       0x26 /media/home/beste/01_Pro/ld25x/bsp_hu/MYD-LD25X-Uboot-L2022.10-V1.0.0/GEN_FIP/myir-st-optee/../build/myb-stm32mp257x-2GB/ldelf-lib/libutee/libutee.a(utee_syscalls_a64.o)
 .debug_abbrev  0x0000000000001a7a      0x4f9 /media/home/beste/01_Pro/ld25x/bsp_hu/MYD-LD25X-Uboot-L2022.10-V1.0.0/GEN_FIP/myir-st-optee/../build/myb-stm32mp257x-2GB/ldelf-lib/libutils/libutils.a(bget_malloc.o)
 .debug_abbrev  0x0000000000001f73       0x52 /media/home/beste/01_Pro/ld25x/bsp_hu/MYD-LD25X-Uboot-L2022.10-V1.0.0/GEN_FIP/myir-st-optee/../build/myb-stm32mp257x-2GB/ldelf-lib/libutils/libutils.a(isxdigit.o)
 .debug_abbrev  0x0000000000001fc5      0x13f /media/home/beste/01_Pro/ld25x/bsp_hu/MYD-LD25X-Uboot-L2022.10-V1.0.0/GEN_FIP/myir-st-optee/../build/myb-stm32mp257x-2GB/ldelf-lib/libutils/libutils.a(snprintf.o)
 .debug_abbrev  0x0000000000002104       0x52 /media/home/beste/01_Pro/ld25x/bsp_hu/MYD-LD25X-Uboot-L2022.10-V1.0.0/GEN_FIP/myir-st-optee/../build/myb-stm32mp257x-2GB/ldelf-lib/libutils/libutils.a(tolower.o)
 .debug_abbrev  0x0000000000002156       0x95 /media/home/beste/01_Pro/ld25x/bsp_hu/MYD-LD25X-Uboot-L2022.10-V1.0.0/GEN_FIP/myir-st-optee/../build/myb-stm32mp257x-2GB/ldelf-lib/libutils/libutils.a(memcmp.o)
 .debug_abbrev  0x00000000000021eb       0xbb /media/home/beste/01_Pro/ld25x/bsp_hu/MYD-LD25X-Uboot-L2022.10-V1.0.0/GEN_FIP/myir-st-optee/../build/myb-stm32mp257x-2GB/ldelf-lib/libutils/libutils.a(memcpy.o)
 .debug_abbrev  0x00000000000022a6       0xa3 /media/home/beste/01_Pro/ld25x/bsp_hu/MYD-LD25X-Uboot-L2022.10-V1.0.0/GEN_FIP/myir-st-optee/../build/myb-stm32mp257x-2GB/ldelf-lib/libutils/libutils.a(memset.o)
 .debug_abbrev  0x0000000000002349       0x6f /media/home/beste/01_Pro/ld25x/bsp_hu/MYD-LD25X-Uboot-L2022.10-V1.0.0/GEN_FIP/myir-st-optee/../build/myb-stm32mp257x-2GB/ldelf-lib/libutils/libutils.a(strcmp.o)
 .debug_abbrev  0x00000000000023b8       0x79 /media/home/beste/01_Pro/ld25x/bsp_hu/MYD-LD25X-Uboot-L2022.10-V1.0.0/GEN_FIP/myir-st-optee/../build/myb-stm32mp257x-2GB/ldelf-lib/libutils/libutils.a(strcpy.o)
 .debug_abbrev  0x0000000000002431       0x87 /media/home/beste/01_Pro/ld25x/bsp_hu/MYD-LD25X-Uboot-L2022.10-V1.0.0/GEN_FIP/myir-st-optee/../build/myb-stm32mp257x-2GB/ldelf-lib/libutils/libutils.a(strnlen.o)
 .debug_abbrev  0x00000000000024b8      0x2e3 /media/home/beste/01_Pro/ld25x/bsp_hu/MYD-LD25X-Uboot-L2022.10-V1.0.0/GEN_FIP/myir-st-optee/../build/myb-stm32mp257x-2GB/ldelf-lib/libutils/libutils.a(snprintk.o)
 .debug_abbrev  0x000000000000279b      0x2b2 /media/home/beste/01_Pro/ld25x/bsp_hu/MYD-LD25X-Uboot-L2022.10-V1.0.0/GEN_FIP/myir-st-optee/../build/myb-stm32mp257x-2GB/ldelf-lib/libutils/libutils.a(trace.o)
 .debug_abbrev  0x0000000000002a4d       0xb4 /media/home/beste/01_Pro/ld25x/bsp_hu/MYD-LD25X-Uboot-L2022.10-V1.0.0/GEN_FIP/myir-st-optee/../build/myb-stm32mp257x-2GB/ldelf-lib/libutils/libutils.a(memchr.o)
 .debug_abbrev  0x0000000000002b01       0x85 /media/home/beste/01_Pro/ld25x/bsp_hu/MYD-LD25X-Uboot-L2022.10-V1.0.0/GEN_FIP/myir-st-optee/../build/myb-stm32mp257x-2GB/ldelf-lib/libutils/libutils.a(strlen.o)
 .debug_abbrev  0x0000000000002b86      0x1a4 /media/home/beste/01_Pro/ld25x/bsp_hu/MYD-LD25X-Uboot-L2022.10-V1.0.0/GEN_FIP/myir-st-optee/../build/myb-stm32mp257x-2GB/ldelf-lib/libutee/libutee.a(trace_ext.o)

.debug_aranges  0x0000000000000000     0x1050
 .debug_aranges
                0x0000000000000000       0x30 /media/home/beste/01_Pro/ld25x/bsp_hu/MYD-LD25X-Uboot-L2022.10-V1.0.0/GEN_FIP/myir-st-optee/../build/myb-stm32mp257x-2GB/ldelf/start_a64.o
 .debug_aranges
                0x0000000000000030       0xf0 /media/home/beste/01_Pro/ld25x/bsp_hu/MYD-LD25X-Uboot-L2022.10-V1.0.0/GEN_FIP/myir-st-optee/../build/myb-stm32mp257x-2GB/ldelf/syscalls_a64.o
 .debug_aranges
                0x0000000000000120       0x30 /media/home/beste/01_Pro/ld25x/bsp_hu/MYD-LD25X-Uboot-L2022.10-V1.0.0/GEN_FIP/myir-st-optee/../build/myb-stm32mp257x-2GB/ldelf/tlsdesc_rel_a64.o
 .debug_aranges
                0x0000000000000150       0x40 /media/home/beste/01_Pro/ld25x/bsp_hu/MYD-LD25X-Uboot-L2022.10-V1.0.0/GEN_FIP/myir-st-optee/../build/myb-stm32mp257x-2GB/ldelf/dl.o
 .debug_aranges
                0x0000000000000190       0x60 /media/home/beste/01_Pro/ld25x/bsp_hu/MYD-LD25X-Uboot-L2022.10-V1.0.0/GEN_FIP/myir-st-optee/../build/myb-stm32mp257x-2GB/ldelf/main.o
 .debug_aranges
                0x00000000000001f0       0xd0 /media/home/beste/01_Pro/ld25x/bsp_hu/MYD-LD25X-Uboot-L2022.10-V1.0.0/GEN_FIP/myir-st-optee/../build/myb-stm32mp257x-2GB/ldelf/sys.o
 .debug_aranges
                0x00000000000002c0      0x260 /media/home/beste/01_Pro/ld25x/bsp_hu/MYD-LD25X-Uboot-L2022.10-V1.0.0/GEN_FIP/myir-st-optee/../build/myb-stm32mp257x-2GB/ldelf/ta_elf.o
 .debug_aranges
                0x0000000000000520       0xc0 /media/home/beste/01_Pro/ld25x/bsp_hu/MYD-LD25X-Uboot-L2022.10-V1.0.0/GEN_FIP/myir-st-optee/../build/myb-stm32mp257x-2GB/ldelf/ta_elf_rel.o
 .debug_aranges
                0x00000000000005e0       0x60 /media/home/beste/01_Pro/ld25x/bsp_hu/MYD-LD25X-Uboot-L2022.10-V1.0.0/GEN_FIP/myir-st-optee/../build/myb-stm32mp257x-2GB/ldelf-lib/libunw/libunw.a(unwind_arm32.o)
 .debug_aranges
                0x0000000000000640       0x60 /media/home/beste/01_Pro/ld25x/bsp_hu/MYD-LD25X-Uboot-L2022.10-V1.0.0/GEN_FIP/myir-st-optee/../build/myb-stm32mp257x-2GB/ldelf-lib/libunw/libunw.a(unwind_arm64.o)
 .debug_aranges
                0x00000000000006a0       0x40 /media/home/beste/01_Pro/ld25x/bsp_hu/MYD-LD25X-Uboot-L2022.10-V1.0.0/GEN_FIP/myir-st-optee/../build/myb-stm32mp257x-2GB/ldelf-lib/libutee/libutee.a(assert.o)
 .debug_aranges
                0x00000000000006e0       0x40 /media/home/beste/01_Pro/ld25x/bsp_hu/MYD-LD25X-Uboot-L2022.10-V1.0.0/GEN_FIP/myir-st-optee/../build/myb-stm32mp257x-2GB/ldelf-lib/libutee/libutee.a(tee_uuid_from_str.o)
 .debug_aranges
                0x0000000000000720      0x3b0 /media/home/beste/01_Pro/ld25x/bsp_hu/MYD-LD25X-Uboot-L2022.10-V1.0.0/GEN_FIP/myir-st-optee/../build/myb-stm32mp257x-2GB/ldelf-lib/libutee/libutee.a(utee_syscalls_a64.o)
 .debug_aranges
                0x0000000000000ad0      0x210 /media/home/beste/01_Pro/ld25x/bsp_hu/MYD-LD25X-Uboot-L2022.10-V1.0.0/GEN_FIP/myir-st-optee/../build/myb-stm32mp257x-2GB/ldelf-lib/libutils/libutils.a(bget_malloc.o)
 .debug_aranges
                0x0000000000000ce0       0x30 /media/home/beste/01_Pro/ld25x/bsp_hu/MYD-LD25X-Uboot-L2022.10-V1.0.0/GEN_FIP/myir-st-optee/../build/myb-stm32mp257x-2GB/ldelf-lib/libutils/libutils.a(isxdigit.o)
 .debug_aranges
                0x0000000000000d10       0x40 /media/home/beste/01_Pro/ld25x/bsp_hu/MYD-LD25X-Uboot-L2022.10-V1.0.0/GEN_FIP/myir-st-optee/../build/myb-stm32mp257x-2GB/ldelf-lib/libutils/libutils.a(snprintf.o)
 .debug_aranges
                0x0000000000000d50       0x30 /media/home/beste/01_Pro/ld25x/bsp_hu/MYD-LD25X-Uboot-L2022.10-V1.0.0/GEN_FIP/myir-st-optee/../build/myb-stm32mp257x-2GB/ldelf-lib/libutils/libutils.a(tolower.o)
 .debug_aranges
                0x0000000000000d80       0x30 /media/home/beste/01_Pro/ld25x/bsp_hu/MYD-LD25X-Uboot-L2022.10-V1.0.0/GEN_FIP/myir-st-optee/../build/myb-stm32mp257x-2GB/ldelf-lib/libutils/libutils.a(memcmp.o)
 .debug_aranges
                0x0000000000000db0       0x30 /media/home/beste/01_Pro/ld25x/bsp_hu/MYD-LD25X-Uboot-L2022.10-V1.0.0/GEN_FIP/myir-st-optee/../build/myb-stm32mp257x-2GB/ldelf-lib/libutils/libutils.a(memcpy.o)
 .debug_aranges