Archive member included to satisfy reference by file (symbol)

../build/myb-stm32mp257x-2GB-ca35tdcid-ostl/export-ta_arm64/lib/libutils.a(memcpy.o)
                              ../build/myb-stm32mp257x-2GB-ca35tdcid-ostl/ta/remoteproc/src/remoteproc_core.o (memcpy)
../build/myb-stm32mp257x-2GB-ca35tdcid-ostl/export-ta_arm64/lib/libutils.a(memset.o)
                              ../build/myb-stm32mp257x-2GB-ca35tdcid-ostl/ta/remoteproc/src/remoteproc_core.o (memset)
../build/myb-stm32mp257x-2GB-ca35tdcid-ostl/export-ta_arm64/lib/libutils.a(strcmp.o)
                              ../build/myb-stm32mp257x-2GB-ca35tdcid-ostl/ta/remoteproc/src/elf_parser.o (strcmp)
../build/myb-stm32mp257x-2GB-ca35tdcid-ostl/export-ta_arm64/lib/libutils.a(trace.o)
                              ../build/myb-stm32mp257x-2GB-ca35tdcid-ostl/ta/remoteproc/src/remoteproc_core.o (trace_printf)
../build/myb-stm32mp257x-2GB-ca35tdcid-ostl/export-ta_arm64/lib/libutils.a(snprintk.o)
                              ../build/myb-stm32mp257x-2GB-ca35tdcid-ostl/export-ta_arm64/lib/libutils.a(trace.o) (vsnprintk)
../build/myb-stm32mp257x-2GB-ca35tdcid-ostl/export-ta_arm64/lib/libutils.a(memchr.o)
                              ../build/myb-stm32mp257x-2GB-ca35tdcid-ostl/export-ta_arm64/lib/libutils.a(snprintk.o) (memchr)
../build/myb-stm32mp257x-2GB-ca35tdcid-ostl/export-ta_arm64/lib/libutils.a(strlen.o)
                              ../build/myb-stm32mp257x-2GB-ca35tdcid-ostl/export-ta_arm64/lib/libutils.a(snprintk.o) (strlen)
../build/myb-stm32mp257x-2GB-ca35tdcid-ostl/export-ta_arm64/lib/libutee.a(assert.o)
                              ../build/myb-stm32mp257x-2GB-ca35tdcid-ostl/ta/remoteproc/src/remoteproc_core.o (_assert_log)
../build/myb-stm32mp257x-2GB-ca35tdcid-ostl/export-ta_arm64/lib/libutee.a(trace_ext.o)
                              ../build/myb-stm32mp257x-2GB-ca35tdcid-ostl/export-ta_arm64/lib/libutils.a(trace.o) (trace_ext_puts)
../build/myb-stm32mp257x-2GB-ca35tdcid-ostl/export-ta_arm64/lib/libutee.a(tee_api.o)
                              ../build/myb-stm32mp257x-2GB-ca35tdcid-ostl/ta/remoteproc/src/remoteproc_core.o (TEE_CloseTASession)
../build/myb-stm32mp257x-2GB-ca35tdcid-ostl/export-ta_arm64/lib/libutee.a(tee_api_operations.o)
                              ../build/myb-stm32mp257x-2GB-ca35tdcid-ostl/ta/remoteproc/src/remoteproc_core.o (TEE_FreeOperation)
../build/myb-stm32mp257x-2GB-ca35tdcid-ostl/export-ta_arm64/lib/libutee.a(tee_api_panic.o)
                              ../build/myb-stm32mp257x-2GB-ca35tdcid-ostl/export-ta_arm64/lib/libutee.a(tee_api.o) (TEE_Panic)
../build/myb-stm32mp257x-2GB-ca35tdcid-ostl/export-ta_arm64/lib/libutee.a(tee_system_pta.o)
                              ../build/myb-stm32mp257x-2GB-ca35tdcid-ostl/export-ta_arm64/lib/libutee.a(tee_api.o) (tee_map_zi)
../build/myb-stm32mp257x-2GB-ca35tdcid-ostl/export-ta_arm64/lib/libutee.a(utee_syscalls_a64.o)
                              ../build/myb-stm32mp257x-2GB-ca35tdcid-ostl/export-ta_arm64/lib/libutee.a(assert.o) (_utee_panic)
../build/myb-stm32mp257x-2GB-ca35tdcid-ostl/export-ta_arm64/lib/libutee.a(user_ta_entry.o)
                              ../build/myb-stm32mp257x-2GB-ca35tdcid-ostl/ta/remoteproc/user_ta_header.o (__utee_entry)
../build/myb-stm32mp257x-2GB-ca35tdcid-ostl/export-ta_arm64/lib/libutee.a(abort.o)
                              ../build/myb-stm32mp257x-2GB-ca35tdcid-ostl/export-ta_arm64/lib/libutee.a(user_ta_entry.o) (abort)
../build/myb-stm32mp257x-2GB-ca35tdcid-ostl/export-ta_arm64/lib/libutee.a(tee_api_arith_mpi.o)
                              ../build/myb-stm32mp257x-2GB-ca35tdcid-ostl/export-ta_arm64/lib/libutee.a(user_ta_entry.o) (_TEE_MathAPI_Init)
../build/myb-stm32mp257x-2GB-ca35tdcid-ostl/export-ta_arm64/lib/libutee.a(tee_api_objects.o)
                              ../build/myb-stm32mp257x-2GB-ca35tdcid-ostl/export-ta_arm64/lib/libutee.a(tee_api_operations.o) (__utee_from_attr)
../build/myb-stm32mp257x-2GB-ca35tdcid-ostl/export-ta_arm64/lib/libutee.a(tee_api_property.o)
                              ../build/myb-stm32mp257x-2GB-ca35tdcid-ostl/export-ta_arm64/lib/libutee.a(user_ta_entry.o) (TEE_GetPropertyAsU32)
../build/myb-stm32mp257x-2GB-ca35tdcid-ostl/export-ta_arm64/lib/libutee.a(tcb.o)
                              ../build/myb-stm32mp257x-2GB-ca35tdcid-ostl/export-ta_arm64/lib/libutee.a(user_ta_entry.o) (__utee_tcb_init)
../build/myb-stm32mp257x-2GB-ca35tdcid-ostl/export-ta_arm64/lib/libutee.a(base64.o)
                              ../build/myb-stm32mp257x-2GB-ca35tdcid-ostl/export-ta_arm64/lib/libutee.a(tee_api_property.o) (_base64_enc_len)
../build/myb-stm32mp257x-2GB-ca35tdcid-ostl/export-ta_arm64/lib/libmbedtls.a(bignum.o)
                              ../build/myb-stm32mp257x-2GB-ca35tdcid-ostl/export-ta_arm64/lib/libutee.a(tee_api_arith_mpi.o) (mbedtls_mpi_init_mempool)
../build/myb-stm32mp257x-2GB-ca35tdcid-ostl/export-ta_arm64/lib/libmbedtls.a(constant_time.o)
[...]
Memory Configuration

Name             Origin             Length             Attributes
*default*        0x0000000000000000 0xffffffffffffffff

Linker script and memory map


.ta_head        0x0000000000000000       0x20
 *(SORT_BY_ALIGNMENT(.ta_head))
 .ta_head       0x0000000000000000       0x20 ../build/myb-stm32mp257x-2GB-ca35tdcid-ostl/ta/remoteproc/user_ta_header.o
                0x0000000000000000                ta_head

.text           0x0000000000000020     0xfb4c
                0x0000000000000020                __text_start = .
 *(SORT_BY_ALIGNMENT(.text) SORT_BY_ALIGNMENT(.text.*))
 .text          0x0000000000000020       0xd8 ../build/myb-stm32mp257x-2GB-ca35tdcid-ostl/export-ta_arm64/lib/libutils.a(memcpy.o)
                0x0000000000000020                memcpy
 .text          0x00000000000000f8      0xe78 ../build/myb-stm32mp257x-2GB-ca35tdcid-ostl/ta/remoteproc/src/remoteproc_core.o
                0x00000000000003e8                TA_CreateEntryPoint
                0x00000000000003f0                TA_DestroyEntryPoint
                0x00000000000003f4                TA_OpenSessionEntryPoint
                0x0000000000000468                TA_CloseSessionEntryPoint
                0x000000000000048c                TA_InvokeCommandEntryPoint
 .text          0x0000000000000f70      0x3e0 ../build/myb-stm32mp257x-2GB-ca35tdcid-ostl/ta/remoteproc/src/elf_parser.o
                0x0000000000000f70                e32_parse_ehdr
                0x0000000000001054                e32_parser_load_elf_image
                0x000000000000114c                e32_parser_find_rsc_table
 .text          0x0000000000001350       0x1c ../build/myb-stm32mp257x-2GB-ca35tdcid-ostl/ta/remoteproc/user_ta_header.o
                0x0000000000001350                __ta_entry
                0x0000000000001364                tahead_get_trace_level
 .text          0x000000000000136c       0x1c ../build/myb-stm32mp257x-2GB-ca35tdcid-ostl/export-ta_arm64/lib/libutils.a(memset.o)
                0x000000000000136c                memset
 .text          0x0000000000001388       0x24 ../build/myb-stm32mp257x-2GB-ca35tdcid-ostl/export-ta_arm64/lib/libutils.a(strcmp.o)
                0x0000000000001388                strcmp
 .text          0x00000000000013ac      0x290 ../build/myb-stm32mp257x-2GB-ca35tdcid-ostl/export-ta_arm64/lib/libutils.a(trace.o)
                0x00000000000013ac                trace_set_level
                0x00000000000013c8                trace_get_level
                0x00000000000013d8                trace_vprintf
                0x00000000000015c8                trace_printf
                0x0000000000001638                dhex_dump
 .text          0x000000000000163c      0xd8c ../build/myb-stm32mp257x-2GB-ca35tdcid-ostl/export-ta_arm64/lib/libutils.a(snprintk.o)
                0x000000000000163c                __vsnprintf
                0x00000000000016cc                vsnprintk
                0x0000000000001724                snprintk
                0x000000000000237c                __vsprintf
 .text          0x00000000000023c8       0x2c ../build/myb-stm32mp257x-2GB-ca35tdcid-ostl/export-ta_arm64/lib/libutils.a(memchr.o)
                0x00000000000023c8                memchr
 .text          0x00000000000023f4       0x1c ../build/myb-stm32mp257x-2GB-ca35tdcid-ostl/export-ta_arm64/lib/libutils.a(strlen.o)
                0x00000000000023f4                strlen
 .text          0x0000000000002410       0x58 ../build/myb-stm32mp257x-2GB-ca35tdcid-ostl/export-ta_arm64/lib/libutee.a(assert.o)
                0x0000000000002410                _assert_log
                0x0000000000002454                _assert_break
 .text          0x0000000000002468      0x174 ../build/myb-stm32mp257x-2GB-ca35tdcid-ostl/export-ta_arm64/lib/libutee.a(trace_ext.o)
                0x0000000000002468                trace_ext_puts
                0x0000000000002490                trace_ext_get_thread_id
                0x0000000000002498                printf
                0x0000000000002560                puts
                0x00000000000025a0                putchar
 .text          0x00000000000025dc      0x760 ../build/myb-stm32mp257x-2GB-ca35tdcid-ostl/export-ta_arm64/lib/libutee.a(tee_api.o)
                0x0000000000002684                TEE_CloseTASession
                0x00000000000026ac                TEE_GetCancellationFlag
                0x00000000000026d8                TEE_UnmaskCancellation
                0x0000000000002704                TEE_MaskCancellation
                0x0000000000002730                TEE_CheckMemoryAccessRights
                0x0000000000002904                TEE_OpenTASession
                0x00000000000029f8                TEE_InvokeTACommand
                0x0000000000002b1c                TEE_SetInstanceData
                0x0000000000002b28                TEE_GetInstanceData
                0x0000000000002b34                TEE_MemMove
                0x0000000000002b3c                TEE_MemCompare
                0x0000000000002b44                TEE_MemFill
                0x0000000000002b4c                TEE_GetSystemTime
                0x0000000000002b74                TEE_Wait
                0x0000000000002bb0                TEE_GetTAPersistentTime
                0x0000000000002c10                TEE_SetTAPersistentTime
                0x0000000000002c54                TEE_GetREETime
                0x0000000000002c7c                TEE_Malloc
                0x0000000000002ce4                TEE_Free
                0x0000000000002cf4                TEE_Realloc
                0x0000000000002d24                TEE_CacheClean
                0x0000000000002d2c                TEE_CacheFlush
                0x0000000000002d34                TEE_CacheInvalidate
 .text          0x0000000000002d3c     0x2df0 ../build/myb-stm32mp257x-2GB-ca35tdcid-ostl/export-ta_arm64/lib/libutee.a(tee_api_operations.o)
                0x0000000000002fc0                TEE_FreeOperation
                0x0000000000003004                TEE_AllocateOperation
                0x0000000000003b98                TEE_GetOperationInfo
                0x0000000000003bec                TEE_GetOperationInfoMultiple
                0x0000000000003d6c                TEE_ResetOperation
                0x0000000000003de4                TEE_SetOperationKey
                0x0000000000003eec                TEE_SetOperationKey2
                0x00000000000040a8                TEE_CopyOperation
                0x00000000000041e8                TEE_DigestUpdate
                0x0000000000004258                TEE_DigestDoFinal
                0x000000000000433c                TEE_CipherInit
                0x000000000000441c                TEE_CipherUpdate
                0x0000000000004584                TEE_CipherDoFinal
                0x000000000000478c                TEE_MACInit
                0x0000000000004830                TEE_MACUpdate
                0x00000000000048d0                TEE_MACComputeFinal
                0x00000000000049ac                TEE_MACCompareFinal
                0x0000000000004a80                TEE_AEInit
                0x0000000000004b50                TEE_AEUpdateAAD
                0x0000000000004be4                TEE_AEUpdate
                0x0000000000004d48                TEE_AEEncryptFinal
                0x0000000000004f04                TEE_AEDecryptFinal
                0x000000000000509c                TEE_AsymmetricEncrypt
                0x00000000000051dc                TEE_AsymmetricDecrypt
                0x0000000000005320                TEE_AsymmetricSignDigest
                0x0000000000005458                TEE_AsymmetricVerifyDigest
                0x000000000000557c                TEE_DeriveKey
                0x00000000000056f4                TEE_GenerateRandom
                0x0000000000005718                rand
                0x000000000000573c                TEE_IsAlgorithmSupported
 .text          0x0000000000005b2c      0x154 ../build/myb-stm32mp257x-2GB-ca35tdcid-ostl/export-ta_arm64/lib/libutee.a(tee_api_panic.o)
                0x0000000000005b48                TEE_Panic
                0x0000000000005b58                __utee_check_outbuf_annotation
                0x0000000000005bb4                __utee_check_instring_annotation
                0x0000000000005bf4                __utee_check_outstring_annotation
                0x0000000000005bf8                __utee_check_out_annotation
                0x0000000000005c24                __utee_check_attr_in_annotation
                0x0000000000005c54                __utee_check_inout_annotation
 .text          0x0000000000005c80      0x240 ../build/myb-stm32mp257x-2GB-ca35tdcid-ostl/export-ta_arm64/lib/libutee.a(tee_system_pta.o)
                0x0000000000005d04                tee_map_zi
                0x0000000000005d7c                tee_unmap
                0x0000000000005e08                tee_invoke_supp_plugin
 .text._utee_panic
                0x0000000000005ec0        0xc ../build/myb-stm32mp257x-2GB-ca35tdcid-ostl/export-ta_arm64/lib/libutee.a(utee_syscalls_a64.o)
                0x0000000000005ec0                _utee_panic
 .text._utee_return
                0x0000000000005ecc        0xc ../build/myb-stm32mp257x-2GB-ca35tdcid-ostl/export-ta_arm64/lib/libutee.a(utee_syscalls_a64.o)
                0x0000000000005ecc                _utee_return
 .text._utee_log
                0x0000000000005ed8        0xc ../build/myb-stm32mp257x-2GB-ca35tdcid-ostl/export-ta_arm64/lib/libutee.a(utee_syscalls_a64.o)
                0x0000000000005ed8                _utee_log
 .text.__utee_panic
                0x0000000000005ee4        0xc ../build/myb-stm32mp257x-2GB-ca35tdcid-ostl/export-ta_arm64/lib/libutee.a(utee_syscalls_a64.o)
                0x0000000000005ee4                __utee_panic
 .text._utee_get_property
                0x0000000000005ef0        0xc ../build/myb-stm32mp257x-2GB-ca35tdcid-ostl/export-ta_arm64/lib/libutee.a(utee_syscalls_a64.o)
                0x0000000000005ef0                _utee_get_property
 .text._utee_get_property_name_to_index
                0x0000000000005efc        0xc ../build/myb-stm32mp257x-2GB-ca35tdcid-ostl/export-ta_arm64/lib/libutee.a(utee_syscalls_a64.o)
                0x0000000000005efc                _utee_get_property_name_to_index
 .text._utee_open_ta_session
                0x0000000000005f08        0xc ../build/myb-stm32mp257x-2GB-ca35tdcid-ostl/export-ta_arm64/lib/libutee.a(utee_syscalls_a64.o)
                0x0000000000005f08                _utee_open_ta_session
 .text._utee_close_ta_session
                0x0000000000005f14        0xc ../build/myb-stm32mp257x-2GB-ca35tdcid-ostl/export-ta_arm64/lib/libutee.a(utee_syscalls_a64.o)
                0x0000000000005f14                _utee_close_ta_session
 .text._utee_invoke_ta_command
                0x0000000000005f20        0xc ../build/myb-stm32mp257x-2GB-ca35tdcid-ostl/export-ta_arm64/lib/libutee.a(utee_syscalls_a64.o)
                0x0000000000005f20                _utee_invoke_ta_command
 .text._utee_get_cancellation_flag
                0x0000000000005f2c        0xc ../build/myb-stm32mp257x-2GB-ca35tdcid-ostl/export-ta_arm64/lib/libutee.a(utee_syscalls_a64.o)
                0x0000000000005f2c                _utee_get_cancellation_flag
 .text._utee_check_access_rights
                0x0000000000005f38        0xc ../build/myb-stm32mp257x-2GB-ca35tdcid-ostl/export-ta_arm64/lib/libutee.a(utee_syscalls_a64.o)
                0x0000000000005f38                _utee_check_access_rights
 .text._utee_unmask_cancellation
                0x0000000000005f44        0xc ../build/myb-stm32mp257x-2GB-ca35tdcid-ostl/export-ta_arm64/lib/libutee.a(utee_syscalls_a64.o)
                0x0000000000005f44                _utee_unmask_cancellation
 .text._utee_mask_cancellation
                0x0000000000005f50        0xc ../build/myb-stm32mp257x-2GB-ca35tdcid-ostl/export-ta_arm64/lib/libutee.a(utee_syscalls_a64.o)
                0x0000000000005f50                _utee_mask_cancellation
 .text._utee_wait
                0x0000000000005f5c        0xc ../build/myb-stm32mp257x-2GB-ca35tdcid-ostl/export-ta_arm64/lib/libutee.a(utee_syscalls_a64.o)
                0x0000000000005f5c                _utee_wait
 .text._utee_get_time
                0x0000000000005f68        0xc ../build/myb-stm32mp257x-2GB-ca35tdcid-ostl/export-ta_arm64/lib/libutee.a(utee_syscalls_a64.o)
                0x0000000000005f68                _utee_get_time
 .text._utee_set_ta_time
                0x0000000000005f74        0xc ../build/myb-stm32mp257x-2GB-ca35tdcid-ostl/export-ta_arm64/lib/libutee.a(utee_syscalls_a64.o)
                0x0000000000005f74                _utee_set_ta_time
 .text._utee_cryp_state_alloc
                0x0000000000005f80        0xc ../build/myb-stm32mp257x-2GB-ca35tdcid-ostl/export-ta_arm64/lib/libutee.a(utee_syscalls_a64.o)
                0x0000000000005f80                _utee_cryp_state_alloc
 .text._utee_cryp_state_copy
                0x0000000000005f8c        0xc ../build/myb-stm32mp257x-2GB-ca35tdcid-ostl/export-ta_arm64/lib/libutee.a(utee_syscalls_a64.o)
                0x0000000000005f8c                _utee_cryp_state_copy
 .text._utee_cryp_state_free
                0x0000000000005f98        0xc ../build/myb-stm32mp257x-2GB-ca35tdcid-ostl/export-ta_arm64/lib/libutee.a(utee_syscalls_a64.o)
                0x0000000000005f98                _utee_cryp_state_free
 .text._utee_hash_init
                0x0000000000005fa4        0xc ../build/myb-stm32mp257x-2GB-ca35tdcid-ostl/export-ta_arm64/lib/libutee.a(utee_syscalls_a64.o)
                0x0000000000005fa4                _utee_hash_init
 .text._utee_hash_update
                0x0000000000005fb0        0xc ../build/myb-stm32mp257x-2GB-ca35tdcid-ostl/export-ta_arm64/lib/libutee.a(utee_syscalls_a64.o)
                0x0000000000005fb0                _utee_hash_update
 .text._utee_hash_final
                0x0000000000005fbc        0xc ../build/myb-stm32mp257x-2GB-ca35tdcid-ostl/export-ta_arm64/lib/libutee.a(utee_syscalls_a64.o)
                0x0000000000005fbc                _utee_hash_final
 .text._utee_cipher_init
                0x0000000000005fc8        0xc ../build/myb-stm32mp257x-2GB-ca35tdcid-ostl/export-ta_arm64/lib/libutee.a(utee_syscalls_a64.o)
                0x0000000000005fc8                _utee_cipher_init
 .text._utee_cipher_update
                0x0000000000005fd4        0xc ../build/myb-stm32mp257x-2GB-ca35tdcid-ostl/export-ta_arm64/lib/libutee.a(utee_syscalls_a64.o)
                0x0000000000005fd4                _utee_cipher_update
 .text._utee_cipher_final
                0x0000000000005fe0        0xc ../build/myb-stm32mp257x-2GB-ca35tdcid-ostl/export-ta_arm64/lib/libutee.a(utee_syscalls_a64.o)
                0x0000000000005fe0                _utee_cipher_final
 .text._utee_cryp_obj_get_info
                0x0000000000005fec        0xc ../build/myb-stm32mp257x-2GB-ca35tdcid-ostl/export-ta_arm64/lib/libutee.a(utee_syscalls_a64.o)
                0x0000000000005fec                _utee_cryp_obj_get_info
 .text._utee_cryp_obj_restrict_usage
                0x0000000000005ff8        0xc ../build/myb-stm32mp257x-2GB-ca35tdcid-ostl/export-ta_arm64/lib/libutee.a(utee_syscalls_a64.o)
                0x0000000000005ff8                _utee_cryp_obj_restrict_usage
 .text._utee_cryp_obj_get_attr
                0x0000000000006004        0xc ../build/myb-stm32mp257x-2GB-ca35tdcid-ostl/export-ta_arm64/lib/libutee.a(utee_syscalls_a64.o)
                0x0000000000006004                _utee_cryp_obj_get_attr
 .text._utee_cryp_obj_alloc
                0x0000000000006010        0xc ../build/myb-stm32mp257x-2GB-ca35tdcid-ostl/export-ta_arm64/lib/libutee.a(utee_syscalls_a64.o)
                0x0000000000006010                _utee_cryp_obj_alloc
 .text._utee_cryp_obj_close
                0x000000000000601c        0xc ../build/myb-stm32mp257x-2GB-ca35tdcid-ostl/export-ta_arm64/lib/libutee.a(utee_syscalls_a64.o)
                0x000000000000601c                _utee_cryp_obj_close
 .text._utee_cryp_obj_reset
                0x0000000000006028        0xc ../build/myb-stm32mp257x-2GB-ca35tdcid-ostl/export-ta_arm64/lib/libutee.a(utee_syscalls_a64.o)
                0x0000000000006028                _utee_cryp_obj_reset
 .text._utee_cryp_obj_populate
                0x0000000000006034        0xc ../build/myb-stm32mp257x-2GB-ca35tdcid-ostl/export-ta_arm64/lib/libutee.a(utee_syscalls_a64.o)
                0x0000000000006034                _utee_cryp_obj_populate
 .text._utee_cryp_obj_copy
                0x0000000000006040        0xc ../build/myb-stm32mp257x-2GB-ca35tdcid-ostl/export-ta_arm64/lib/libutee.a(utee_syscalls_a64.o)
                0x0000000000006040                _utee_cryp_obj_copy
 .text._utee_cryp_derive_key
                0x000000000000604c        0xc ../build/myb-stm32mp257x-2GB-ca35tdcid-ostl/export-ta_arm64/lib/libutee.a(utee_syscalls_a64.o)
                0x000000000000604c                _utee_cryp_derive_key
 .text._utee_cryp_random_number_generate
                0x0000000000006058        0xc ../build/myb-stm32mp257x-2GB-ca35tdcid-ostl/export-ta_arm64/lib/libutee.a(utee_syscalls_a64.o)
                0x0000000000006058                _utee_cryp_random_number_generate
 .text._utee_authenc_init
                0x0000000000006064        0xc ../build/myb-stm32mp257x-2GB-ca35tdcid-ostl/export-ta_arm64/lib/libutee.a(utee_syscalls_a64.o)
                0x0000000000006064                _utee_authenc_init
 .text._utee_authenc_update_aad
                0x0000000000006070        0xc ../build/myb-stm32mp257x-2GB-ca35tdcid-ostl/export-ta_arm64/lib/libutee.a(utee_syscalls_a64.o)
                0x0000000000006070                _utee_authenc_update_aad
 .text._utee_authenc_update_payload
                0x000000000000607c        0xc ../build/myb-stm32mp257x-2GB-ca35tdcid-ostl/export-ta_arm64/lib/libutee.a(utee_syscalls_a64.o)
                0x000000000000607c                _utee_authenc_update_payload
 .text._utee_authenc_enc_final
                0x0000000000006088        0xc ../build/myb-stm32mp257x-2GB-ca35tdcid-ostl/export-ta_arm64/lib/libutee.a(utee_syscalls_a64.o)
                0x0000000000006088                _utee_authenc_enc_final
 .text._utee_authenc_dec_final
                0x0000000000006094        0xc ../build/myb-stm32mp257x-2GB-ca35tdcid-ostl/export-ta_arm64/lib/libutee.a(utee_syscalls_a64.o)
                0x0000000000006094                _utee_authenc_dec_final
 .text._utee_asymm_operate
                0x00000000000060a0        0xc ../build/myb-stm32mp257x-2GB-ca35tdcid-ostl/export-ta_arm64/lib/libutee.a(utee_syscalls_a64.o)
                0x00000000000060a0                _utee_asymm_operate
 .text._utee_asymm_verify
                0x00000000000060ac        0xc ../build/myb-stm32mp257x-2GB-ca35tdcid-ostl/export-ta_arm64/lib/libutee.a(utee_syscalls_a64.o)
                0x00000000000060ac                _utee_asymm_verify
 .text._utee_storage_obj_open
                0x00000000000060b8        0xc ../build/myb-stm32mp257x-2GB-ca35tdcid-ostl/export-ta_arm64/lib/libutee.a(utee_syscalls_a64.o)
                0x00000000000060b8                _utee_storage_obj_open
 .text._utee_storage_obj_create
                0x00000000000060c4        0xc ../build/myb-stm32mp257x-2GB-ca35tdcid-ostl/export-ta_arm64/lib/libutee.a(utee_syscalls_a64.o)
                0x00000000000060c4                _utee_storage_obj_create
 .text._utee_storage_obj_del
                0x00000000000060d0        0xc ../build/myb-stm32mp257x-2GB-ca35tdcid-ostl/export-ta_arm64/lib/libutee.a(utee_syscalls_a64.o)
                0x00000000000060d0                _utee_storage_obj_del
 .text._utee_storage_obj_rename
                0x00000000000060dc        0xc ../build/myb-stm32mp257x-2GB-ca35tdcid-ostl/export-ta_arm64/lib/libutee.a(utee_syscalls_a64.o)
                0x00000000000060dc                _utee_storage_obj_rename
 .text._utee_storage_alloc_enum
                0x00000000000060e8        0xc ../build/myb-stm32mp257x-2GB-ca35tdcid-ostl/export-ta_arm64/lib/libutee.a(utee_syscalls_a64.o)
                0x00000000000060e8                _utee_storage_alloc_enum
 .text._utee_storage_free_enum
                0x00000000000060f4        0xc ../build/myb-stm32mp257x-2GB-ca35tdcid-ostl/export-ta_arm64/lib/libutee.a(utee_syscalls_a64.o)
                0x00000000000060f4                _utee_storage_free_enum
 .text._utee_storage_reset_enum
                0x0000000000006100        0xc ../build/myb-stm32mp257x-2GB-ca35tdcid-ostl/export-ta_arm64/lib/libutee.a(utee_syscalls_a64.o)
                0x0000000000006100                _utee_storage_reset_enum
 .text._utee_storage_start_enum
                0x000000000000610c        0xc ../build/myb-stm32mp257x-2GB-ca35tdcid-ostl/export-ta_arm64/lib/libutee.a(utee_syscalls_a64.o)
                0x000000000000610c                _utee_storage_start_enum
 .text._utee_storage_next_enum
                0x0000000000006118        0xc ../build/myb-stm32mp257x-2GB-ca35tdcid-ostl/export-ta_arm64/lib/libutee.a(utee_syscalls_a64.o)
                0x0000000000006118                _utee_storage_next_enum
 .text._utee_storage_obj_read
                0x0000000000006124        0xc ../build/myb-stm32mp257x-2GB-ca35tdcid-ostl/export-ta_arm64/lib/libutee.a(utee_syscalls_a64.o)
                0x0000000000006124                _utee_storage_obj_read
 .text._utee_storage_obj_write
                0x0000000000006130        0xc ../build/myb-stm32mp257x-2GB-ca35tdcid-ostl/export-ta_arm64/lib/libutee.a(utee_syscalls_a64.o)
                0x0000000000006130                _utee_storage_obj_write
 .text._utee_storage_obj_trunc
                0x000000000000613c        0xc ../build/myb-stm32mp257x-2GB-ca35tdcid-ostl/export-ta_arm64/lib/libutee.a(utee_syscalls_a64.o)
                0x000000000000613c                _utee_storage_obj_trunc
 .text._utee_storage_obj_seek
                0x0000000000006148        0xc ../build/myb-stm32mp257x-2GB-ca35tdcid-ostl/export-ta_arm64/lib/libutee.a(utee_syscalls_a64.o)
                0x0000000000006148                _utee_storage_obj_seek
 .text._utee_cryp_obj_generate_key
                0x0000000000006154        0xc ../build/myb-stm32mp257x-2GB-ca35tdcid-ostl/export-ta_arm64/lib/libutee.a(utee_syscalls_a64.o)
                0x0000000000006154                _utee_cryp_obj_generate_key
 .text._utee_cache_operation
                0x0000000000006160        0xc ../build/myb-stm32mp257x-2GB-ca35tdcid-ostl/export-ta_arm64/lib/libutee.a(utee_syscalls_a64.o)
                0x0000000000006160                _utee_cache_operation
 .text          0x000000000000616c      0x688 ../build/myb-stm32mp257x-2GB-ca35tdcid-ostl/export-ta_arm64/lib/libutee.a(user_ta_entry.o)
                0x0000000000006404                __utee_call_elf_init_fn
                0x0000000000006524                __utee_call_elf_fini_fn
                0x00000000000065c8                __utee_entry
 .text.unlikely
                0x00000000000067f4       0x20 ../build/myb-stm32mp257x-2GB-ca35tdcid-ostl/export-ta_arm64/lib/libutee.a(abort.o)
                0x00000000000067f4                abort
 .text          0x0000000000006814     0x1964 ../build/myb-stm32mp257x-2GB-ca35tdcid-ostl/export-ta_arm64/lib/libutee.a(tee_api_arith_mpi.o)
                0x000000000000701c                _TEE_MathAPI_Init
                0x000000000000706c                TEE_BigIntInit
                0x00000000000070d0                TEE_BigIntConvertFromOctetString
                0x0000000000007164                TEE_BigIntConvertToOctetString
                0x00000000000071f8                TEE_BigIntConvertFromS32
                0x000000000000727c                TEE_BigIntConvertToS32
                0x0000000000007304                TEE_BigIntCmp
                0x000000000000736c                TEE_BigIntCmpS32
                0x0000000000007558                TEE_BigIntShiftRight
                0x00000000000076c4                TEE_BigIntGetBit
                0x0000000000007710                TEE_BigIntGetBitCount
                0x0000000000007750                TEE_BigIntAdd
                0x000000000000775c                TEE_BigIntSub
                0x0000000000007768                TEE_BigIntNeg
                0x0000000000007818                TEE_BigIntMul
                0x0000000000007900                TEE_BigIntSquare
                0x0000000000007908                TEE_BigIntDiv
                0x0000000000007a94                TEE_BigIntMod
                0x0000000000007b00                TEE_BigIntAddMod
                0x0000000000007b0c                TEE_BigIntSubMod
                0x0000000000007b18                TEE_BigIntMulMod
                0x0000000000007b24                TEE_BigIntSquareMod
                0x0000000000007b30                TEE_BigIntInvMod
                0x0000000000007c4c                TEE_BigIntRelativePrime
                0x0000000000007d20                TEE_BigIntComputeExtendedGcd
                0x0000000000007f54                TEE_BigIntIsProbablePrime
                0x0000000000007fa4                TEE_BigIntInitFMM
                0x0000000000007fa8                TEE_BigIntInitFMMContext
                0x0000000000007fac                TEE_BigIntFMMSizeInU32
                0x0000000000007fbc                TEE_BigIntFMMContextSizeInU32
                0x0000000000007fc4                TEE_BigIntConvertToFMM
                0x0000000000007fc8                TEE_BigIntConvertFromFMM
                0x0000000000008064                TEE_BigIntComputeFMM
 .text          0x0000000000008178      0xe08 ../build/myb-stm32mp257x-2GB-ca35tdcid-ostl/export-ta_arm64/lib/libutee.a(tee_api_objects.o)
                0x0000000000008178                __utee_from_attr
                0x00000000000081c8                TEE_GetObjectInfo
                0x0000000000008210                TEE_GetObjectInfo1
                0x0000000000008250                TEE_RestrictObjectUsage1
                0x0000000000008294                TEE_RestrictObjectUsage
                0x00000000000082e4                TEE_GetObjectBufferAttribute
                0x00000000000083b4                TEE_GetObjectValueAttribute
                0x00000000000084cc                TEE_CloseObject
                0x00000000000084f4                TEE_AllocateTransientObject
                0x0000000000008574                TEE_FreeTransientObject
                0x00000000000085c8                TEE_ResetTransientObject
                0x000000000000861c                TEE_PopulateTransientObject
                0x00000000000086ec                TEE_InitRefAttribute
                0x000000000000873c                TEE_InitValueAttribute
                0x0000000000008788                TEE_CopyObjectAttributes1
                0x0000000000008834                TEE_CopyObjectAttributes
                0x0000000000008888                TEE_GenerateKey
                0x0000000000008928                TEE_OpenPersistentObject
                0x00000000000089d8                TEE_CreatePersistentObject
                0x0000000000008ab0                TEE_CloseAndDeletePersistentObject1
                0x0000000000008af8                TEE_CloseAndDeletePersistentObject
                0x0000000000008b24                TEE_RenamePersistentObject
                0x0000000000008b84                TEE_AllocatePersistentObjectEnumerator
                0x0000000000008be0                TEE_FreePersistentObjectEnumerator
                0x0000000000008c08                TEE_ResetPersistentObjectEnumerator
                0x0000000000008c30                TEE_StartPersistentObjectEnumerator
                0x0000000000008c80                TEE_GetNextPersistentObject
                0x0000000000008d44                TEE_ReadObjectData
                0x0000000000008dd8                TEE_WriteObjectData
                0x0000000000008e48                TEE_TruncateObjectData
                0x0000000000008ea8                TEE_SeekObjectData
 .text          0x0000000000008f80      0xb00 ../build/myb-stm32mp257x-2GB-ca35tdcid-ostl/export-ta_arm64/lib/libutee.a(tee_api_property.o)
                0x00000000000092c0                TEE_GetPropertyAsString
                0x00000000000094f4                TEE_GetPropertyAsBool
                0x00000000000095a0                TEE_GetPropertyAsU32
                0x0000000000009654                TEE_GetPropertyAsBinaryBlock
                0x0000000000009708                TEE_GetPropertyAsUUID
                0x00000000000097bc                TEE_GetPropertyAsIdentity
                0x0000000000009870                TEE_ResetPropertyEnumerator
                0x000000000000987c                TEE_AllocatePropertyEnumerator
                0x00000000000098c4                TEE_FreePropertyEnumerator
                0x00000000000098c8                TEE_StartPropertyEnumerator
                0x00000000000098d8                TEE_GetPropertyName
                0x00000000000099d4                TEE_GetNextProperty
 .text          0x0000000000009a80      0x34c ../build/myb-stm32mp257x-2GB-ca35tdcid-ostl/export-ta_arm64/lib/libutee.a(tcb.o)
                0x0000000000009a80                __utee_tcb_init
                0x0000000000009cc0                __tls_get_addr
                0x0000000000009cdc                dl_iterate_phdr
 .text          0x0000000000009dcc      0x264 ../build/myb-stm32mp257x-2GB-ca35tdcid-ostl/export-ta_arm64/lib/libutee.a(base64.o)
                0x0000000000009dcc                _base64_enc_len
                0x0000000000009de4                _base64_enc
                0x0000000000009ef8                _base64_dec
 .text          0x000000000000a030     0x3d2c ../build/myb-stm32mp257x-2GB-ca35tdcid-ostl/export-ta_arm64/lib/libmbedtls.a(bignum.o)
                0x000000000000a788                mbedtls_mpi_init
                0x000000000000a798                mbedtls_mpi_init_mempool
                0x000000000000a7c0                mbedtls_mpi_free
                0x000000000000a82c                mbedtls_mpi_grow
                0x000000000000a984                mbedtls_mpi_shrink
                0x000000000000aa9c                mbedtls_mpi_copy
                0x000000000000ab68                mbedtls_mpi_swap
                0x000000000000abc8                mbedtls_mpi_lset
                0x000000000000ac34                mbedtls_mpi_get_bit
                0x000000000000ac60                mbedtls_mpi_set_bit
                0x000000000000acec                mbedtls_mpi_lsb
                0x000000000000ad4c                mbedtls_mpi_bitlen
                0x000000000000adac                mbedtls_mpi_size
                0x000000000000adc8                mbedtls_mpi_read_binary_le
                0x000000000000ae40                mbedtls_mpi_read_binary
                0x000000000000aec4                mbedtls_mpi_write_binary_le
                0x000000000000af7c                mbedtls_mpi_write_binary
                0x000000000000b040                mbedtls_mpi_shift_l
                0x000000000000b150                mbedtls_mpi_shift_r
                0x000000000000b210                mbedtls_mpi_cmp_abs
                0x000000000000b2ac                mbedtls_mpi_cmp_mpi
                0x000000000000b37c                mbedtls_mpi_cmp_int
                0x000000000000b3c0                mbedtls_mpi_add_abs
                0x000000000000b4e0                mbedtls_mpi_sub_abs
                0x000000000000b63c                mbedtls_mpi_add_mpi
                0x000000000000b6cc                mbedtls_mpi_sub_mpi
                0x000000000000b760                mbedtls_mpi_add_int
                0x000000000000b7a4                mbedtls_mpi_sub_int
                0x000000000000b7e8                mbedtls_mpi_mul_mpi
                0x000000000000b95c                mbedtls_mpi_mul_int
                0x000000000000ba04                mbedtls_mpi_read_string
                0x000000000000bbdc                mbedtls_mpi_div_mpi
                0x000000000000c08c                mbedtls_mpi_div_int
                0x000000000000c0d0                mbedtls_mpi_mod_mpi
                0x000000000000c184                mbedtls_mpi_mod_int
                0x000000000000c21c                mbedtls_mpi_write_string
                0x000000000000c4ec                mbedtls_mpi_montg_init
                0x000000000000c4f4                mbedtls_mpi_montmul
                0x000000000000c4f8                mbedtls_mpi_montred
                0x000000000000c4fc                mbedtls_mpi_exp_mod
                0x000000000000cb58                mbedtls_mpi_gcd
                0x000000000000ccfc                mbedtls_mpi_fill_random
                0x000000000000cfd4                mbedtls_mpi_random
                0x000000000000d150                mbedtls_mpi_inv_mod
                0x000000000000d574                mbedtls_mpi_is_prime_ext
                0x000000000000d620                mbedtls_mpi_is_prime
                0x000000000000d630                mbedtls_mpi_gen_prime
                0x000000000000d940                mbedtls_mpi_self_test
 .text          0x000000000000dd5c      0x7b8 ../build/myb-stm32mp257x-2GB-ca35tdcid-ostl/export-ta_arm64/lib/libmbedtls.a(constant_time.o)
                0x000000000000dd7c                mbedtls_ct_memcmp
                0x000000000000ddc4                mbedtls_ct_uint_mask
                0x000000000000ddd4                mbedtls_ct_mpi_uint_mask
                0x000000000000dde4                mbedtls_ct_size_bool_eq
                0x000000000000ddfc                mbedtls_ct_mpi_uint_lt
                0x000000000000de18                mbedtls_ct_uint_if
                0x000000000000de48                mbedtls_ct_mpi_uint_cond_assign
                0x000000000000de84                mbedtls_ct_base64_enc_char
                0x000000000000df38                mbedtls_ct_base64_dec_value
                0x000000000000dff4                mbedtls_mpi_safe_cond_assign
                0x000000000000e0b0                mbedtls_mpi_safe_cond_swap
                0x000000000000e1ac                mbedtls_mpi_lt_mpi_ct
                0x000000000000e2a8                mbedtls_ct_rsaes_pkcs1_v15_unpadding
 .text          0x000000000000e514       0x20 ../build/myb-stm32mp257x-2GB-ca35tdcid-ostl/export-ta_arm64/lib/libmbedtls.a(platform_util.o)
                0x000000000000e514                mbedtls_platform_zeroize
 .text          0x000000000000e534     0x12dc ../build/myb-stm32mp257x-2GB-ca35tdcid-ostl/export-ta_arm64/lib/libutils.a(bget_malloc.o)
                0x000000000000e590                bget
                0x000000000000e888                bgetz
                0x000000000000e910                brel
                0x000000000000ebc8                bgetr
                0x000000000000eca4                bpool
                0x000000000000ed74                bstats
                0x000000000000ee60                bget_main_test
                0x000000000000f134                malloc_reset_stats
                0x000000000000f14c                malloc_get_stats
                0x000000000000f188                raw_memalign
                0x000000000000f23c                raw_malloc
                0x000000000000f24c                raw_free
                0x000000000000f25c                raw_calloc
                0x000000000000f310                raw_realloc
                0x000000000000f534                malloc
                0x000000000000f550                calloc
                0x000000000000f570                realloc
                0x000000000000f58c                memalign
                0x000000000000f5ac                aligned_alloc
                0x000000000000f5c4                free
                0x000000000000f5d8                free_wipe
                0x000000000000f5ec                raw_malloc_get_ctx_size
                0x000000000000f5f4                raw_malloc_init_ctx
                0x000000000000f620                raw_malloc_add_pool
                0x000000000000f624                raw_malloc_get_stats
                0x000000000000f660                malloc_add_pool
                0x000000000000f678                malloc_buffer_is_within_alloced
                0x000000000000f7ac                malloc_buffer_overlaps_heap
 .text          0x000000000000f810       0xd0 ../build/myb-stm32mp257x-2GB-ca35tdcid-ostl/export-ta_arm64/lib/libutils.a(snprintf.o)
                0x000000000000f810                snprintf
                0x000000000000f888                vsnprintf
 .text          0x000000000000f8e0       0x58 ../build/myb-stm32mp257x-2GB-ca35tdcid-ostl/export-ta_arm64/lib/libutils.a(memmove.o)
                0x000000000000f8e0                memmove
 .text          0x000000000000f938       0x38 ../build/myb-stm32mp257x-2GB-ca35tdcid-ostl/export-ta_arm64/lib/libutils.a(strlcpy.o)
                0x000000000000f938                strlcpy
 .text          0x000000000000f970      0x18c ../build/myb-stm32mp257x-2GB-ca35tdcid-ostl/export-ta_arm64/lib/libutils.a(mempool.o)
                0x000000000000f970                mempool_alloc_pool
                0x000000000000fa38                mempool_alloc
                0x000000000000fa9c                mempool_calloc
                0x000000000000fae8                mempool_free
 .text          0x000000000000fafc       0x70 ../build/myb-stm32mp257x-2GB-ca35tdcid-ostl/export-ta_arm64/lib/libutils.a(consttime_memcmp.o)
                0x000000000000fafc                consttime_memcmp
 .text          0x000000000000fb6c        0x0 ../build/myb-stm32mp257x-2GB-ca35tdcid-ostl/export-ta_arm64/lib/libutee.a(utee_syscalls_a64.o)
 .text          0x000000000000fb6c        0x0 ../build/myb-stm32mp257x-2GB-ca35tdcid-ostl/export-ta_arm64/lib/libutee.a(abort.o)
 *(SORT_BY_ALIGNMENT(.stub))
 *(SORT_BY_ALIGNMENT(.glue_7))
 *(SORT_BY_ALIGNMENT(.glue_7t))
 *(SORT_BY_ALIGNMENT(.gnu.linkonce.t.*))
 *(SORT_BY_ALIGNMENT(.vfp11_veneer))
                0x000000000000fb6c                __text_end = .

.note.gnu.property
 *(SORT_BY_ALIGNMENT(.note.gnu.property))

.plt            0x000000000000fb6c        0x0
 *(SORT_BY_ALIGNMENT(.plt))
 .plt           0x000000000000fb6c        0x0 ../build/myb-stm32mp257x-2GB-ca35tdcid-ostl/ta/remoteproc/src/remoteproc_core.o

.eh_frame_hdr
 *(SORT_BY_ALIGNMENT(.eh_frame_hdr))
 *(SORT_BY_ALIGNMENT(.eh_frame_entry) SORT_BY_ALIGNMENT(.eh_frame_entry.*))

.eh_frame       0x000000000000fb70     0x30ec
 *(SORT_BY_ALIGNMENT(.eh_frame))
 .eh_frame      0x000000000000fb70      0x160 ../build/myb-stm32mp257x-2GB-ca35tdcid-ostl/ta/remoteproc/src/remoteproc_core.o
 .eh_frame      0x000000000000fcd0       0xb0 ../build/myb-stm32mp257x-2GB-ca35tdcid-ostl/ta/remoteproc/src/elf_parser.o
                                         0xc8 (size before relaxing)
 .eh_frame      0x000000000000fd80       0x30 ../build/myb-stm32mp257x-2GB-ca35tdcid-ostl/ta/remoteproc/user_ta_header.o
                                         0x40 (size before relaxing)
 .eh_frame      0x000000000000fdb0       0x18 ../build/myb-stm32mp257x-2GB-ca35tdcid-ostl/export-ta_arm64/lib/libutils.a(memcpy.o)
                                         0x28 (size before relaxing)
 .eh_frame      0x000000000000fdc8       0x18 ../build/myb-stm32mp257x-2GB-ca35tdcid-ostl/export-ta_arm64/lib/libutils.a(memset.o)
                                         0x28 (size before relaxing)
 .eh_frame      0x000000000000fde0       0x18 ../build/myb-stm32mp257x-2GB-ca35tdcid-ostl/export-ta_arm64/lib/libutils.a(strcmp.o)
                                         0x28 (size before relaxing)
 .eh_frame      0x000000000000fdf8       0xa0 ../build/myb-stm32mp257x-2GB-ca35tdcid-ostl/export-ta_arm64/lib/libutils.a(trace.o)
                                         0xb8 (size before relaxing)
 .eh_frame      0x000000000000fe98       0xe8 ../build/myb-stm32mp257x-2GB-ca35tdcid-ostl/export-ta_arm64/lib/libutils.a(snprintk.o)
                                        0x100 (size before relaxing)
 .eh_frame      0x000000000000ff80       0x18 ../build/myb-stm32mp257x-2GB-ca35tdcid-ostl/export-ta_arm64/lib/libutils.a(memchr.o)
                                         0x28 (size before relaxing)
 .eh_frame      0x000000000000ff98       0x18 ../build/myb-stm32mp257x-2GB-ca35tdcid-ostl/export-ta_arm64/lib/libutils.a(strlen.o)
                                         0x28 (size before relaxing)
 .eh_frame      0x000000000000ffb0       0x38 ../build/myb-stm32mp257x-2GB-ca35tdcid-ostl/export-ta_arm64/lib/libutee.a(assert.o)
                                         0x50 (size before relaxing)
 .eh_frame      0x000000000000ffe8       0xb0 ../build/myb-stm32mp257x-2GB-ca35tdcid-ostl/export-ta_arm64/lib/libutee.a(trace_ext.o)
                                         0xc0 (size before relaxing)
 .eh_frame      0x0000000000010098      0x340 ../build/myb-stm32mp257x-2GB-ca35tdcid-ostl/export-ta_arm64/lib/libutee.a(tee_api.o)
                                        0x358 (size before relaxing)
 .eh_frame      0x00000000000103d8      0x628 ../build/myb-stm32mp257x-2GB-ca35tdcid-ostl/export-ta_arm64/lib/libutee.a(tee_api_operations.o)
                                        0x638 (size before relaxing)
 .eh_frame      0x0000000000010a00      0x128 ../build/myb-stm32mp257x-2GB-ca35tdcid-ostl/export-ta_arm64/lib/libutee.a(tee_api_panic.o)
                                        0x138 (size before relaxing)
 .eh_frame      0x0000000000010b28       0xb0 ../build/myb-stm32mp257x-2GB-ca35tdcid-ostl/export-ta_arm64/lib/libutee.a(tee_system_pta.o)
                                         0xc8 (size before relaxing)
 .eh_frame      0x0000000000010bd8      0x150 ../build/myb-stm32mp257x-2GB-ca35tdcid-ostl/export-ta_arm64/lib/libutee.a(user_ta_entry.o)
                                        0x168 (size before relaxing)
 .eh_frame      0x0000000000010d28       0x18 ../build/myb-stm32mp257x-2GB-ca35tdcid-ostl/export-ta_arm64/lib/libutee.a(abort.o)
                                         0x30 (size before relaxing)
 .eh_frame      0x0000000000010d40      0x620 ../build/myb-stm32mp257x-2GB-ca35tdcid-ostl/export-ta_arm64/lib/libutee.a(tee_api_arith_mpi.o)
                                        0x638 (size before relaxing)
 .eh_frame      0x0000000000011360      0x508 ../build/myb-stm32mp257x-2GB-ca35tdcid-ostl/export-ta_arm64/lib/libutee.a(tee_api_objects.o)
                                        0x520 (size before relaxing)
 .eh_frame      0x0000000000011868      0x270 ../build/myb-stm32mp257x-2GB-ca35tdcid-ostl/export-ta_arm64/lib/libutee.a(tee_api_property.o)
                                        0x288 (size before relaxing)
 .eh_frame      0x0000000000011ad8       0x90 ../build/myb-stm32mp257x-2GB-ca35tdcid-ostl/export-ta_arm64/lib/libutee.a(tcb.o)
                                         0xa0 (size before relaxing)
 .eh_frame      0x0000000000011b68       0x58 ../build/myb-stm32mp257x-2GB-ca35tdcid-ostl/export-ta_arm64/lib/libutee.a(base64.o)
                                         0x70 (size before relaxing)
 .eh_frame      0x0000000000011bc0      0x990 ../build/myb-stm32mp257x-2GB-ca35tdcid-ostl/export-ta_arm64/lib/libmbedtls.a(bignum.o)
                                        0x9a8 (size before relaxing)
 .eh_frame      0x0000000000012550      0x1e0 ../build/myb-stm32mp257x-2GB-ca35tdcid-ostl/export-ta_arm64/lib/libmbedtls.a(constant_time.o)
                                        0x1f8 (size before relaxing)
 .eh_frame      0x0000000000012730       0x18 ../build/myb-stm32mp257x-2GB-ca35tdcid-ostl/export-ta_arm64/lib/libmbedtls.a(platform_util.o)
                                         0x28 (size before relaxing)
 .eh_frame      0x0000000000012748      0x3f8 ../build/myb-stm32mp257x-2GB-ca35tdcid-ostl/export-ta_arm64/lib/libutils.a(bget_malloc.o)
                                        0x408 (size before relaxing)
 .eh_frame      0x0000000000012b40       0x48 ../build/myb-stm32mp257x-2GB-ca35tdcid-ostl/export-ta_arm64/lib/libutils.a(snprintf.o)
                                         0x60 (size before relaxing)
 .eh_frame      0x0000000000012b88       0x18 ../build/myb-stm32mp257x-2GB-ca35tdcid-ostl/export-ta_arm64/lib/libutils.a(memmove.o)
                                         0x28 (size before relaxing)
 .eh_frame      0x0000000000012ba0       0x18 ../build/myb-stm32mp257x-2GB-ca35tdcid-ostl/export-ta_arm64/lib/libutils.a(strlcpy.o)
                                         0x28 (size before relaxing)
 .eh_frame      0x0000000000012bb8       0x88 ../build/myb-stm32mp257x-2GB-ca35tdcid-ostl/export-ta_arm64/lib/libutils.a(mempool.o)
                                         0xa0 (size before relaxing)
 .eh_frame      0x0000000000012c40       0x1c ../build/myb-stm32mp257x-2GB-ca35tdcid-ostl/export-ta_arm64/lib/libutils.a(consttime_memcmp.o)
                                         0x30 (size before relaxing)
 *(SORT_BY_ALIGNMENT(.eh_frame.*))

.gcc_except_table
 *(SORT_BY_ALIGNMENT(.gcc_except_table) SORT_BY_ALIGNMENT(.gcc_except_table.*))

.rodata         0x0000000000012c60     0x15ec
 *(SORT_BY_ALIGNMENT(.gnu.linkonce.r.*))
 *(SORT_BY_ALIGNMENT(.rodata) SORT_BY_ALIGNMENT(.rodata.*))
 .rodata.ta/remoteproc/src/remoteproc_core.c
                0x0000000000012c60       0xd6 ../build/myb-stm32mp257x-2GB-ca35tdcid-ostl/ta/remoteproc/src/remoteproc_core.o
 *fill*         0x0000000000012d36        0x2 
 .rodata.../build/myb-stm32mp257x-2GB-ca35tdcid-ostl/export-ta_arm64/src/user_ta_header.c
                0x0000000000012d38       0x23 ../build/myb-stm32mp257x-2GB-ca35tdcid-ostl/ta/remoteproc/user_ta_header.o
                0x0000000000012d38                ta_num_props
                0x0000000000012d50                ta_heap_size
                0x0000000000012d58                trace_ext_prefix
 *fill*         0x0000000000012d5b        0x1 
 .rodata.lib/libutils/ext/snprintk.c
                0x0000000000012d5c       0xc4 ../build/myb-stm32mp257x-2GB-ca35tdcid-ostl/export-ta_arm64/lib/libutils.a(snprintk.o)
 .rodata.lib/libutee/tee_system_pta.c
                0x0000000000012e20       0x31 ../build/myb-stm32mp257x-2GB-ca35tdcid-ostl/export-ta_arm64/lib/libutee.a(tee_system_pta.o)
 *fill*         0x0000000000012e51        0x3 
 .rodata.lib/libutee/tee_api_property.c
                0x0000000000012e54       0x10 ../build/myb-stm32mp257x-2GB-ca35tdcid-ostl/export-ta_arm64/lib/libutee.a(tee_api_property.o)
 .rodata.lib/libmbedtls/mbedtls/library/bignum.c
                0x0000000000012e64      0x2c4 ../build/myb-stm32mp257x-2GB-ca35tdcid-ostl/export-ta_arm64/lib/libmbedtls.a(bignum.o)
 .rodata.str1.1.ta/remoteproc/src/remoteproc_core.c
                0x0000000000013128      0x172 ../build/myb-stm32mp257x-2GB-ca35tdcid-ostl/ta/remoteproc/src/remoteproc_core.o
 .rodata.str1.1.ta/remoteproc/src/elf_parser.c
                0x000000000001329a       0xdf ../build/myb-stm32mp257x-2GB-ca35tdcid-ostl/ta/remoteproc/src/elf_parser.o
 .rodata.ta/remoteproc/src/elf_parser.c
                0x0000000000013379       0x29 ../build/myb-stm32mp257x-2GB-ca35tdcid-ostl/ta/remoteproc/src/elf_parser.o
 .rodata.str1.1.../build/myb-stm32mp257x-2GB-ca35tdcid-ostl/export-ta_arm64/src/user_ta_header.c
                0x00000000000133a2       0xaf ../build/myb-stm32mp257x-2GB-ca35tdcid-ostl/ta/remoteproc/user_ta_header.o
 .rodata.str1.1.lib/libutils/ext/trace.c
                0x0000000000013451       0x1a ../build/myb-stm32mp257x-2GB-ca35tdcid-ostl/export-ta_arm64/lib/libutils.a(trace.o)
                                         0x1b (size before relaxing)
 .rodata.lib/libutils/ext/trace.c
                0x000000000001346b        0x5 ../build/myb-stm32mp257x-2GB-ca35tdcid-ostl/export-ta_arm64/lib/libutils.a(trace.o)
 .rodata.str1.1.lib/libutils/ext/snprintk.c
                0x0000000000013470       0x38 ../build/myb-stm32mp257x-2GB-ca35tdcid-ostl/export-ta_arm64/lib/libutils.a(snprintk.o)
 .rodata.str1.1.lib/libutee/assert.c
                0x00000000000134a8       0x27 ../build/myb-stm32mp257x-2GB-ca35tdcid-ostl/export-ta_arm64/lib/libutee.a(assert.o)
 .rodata.str1.1.lib/libutee/trace_ext.c
                0x00000000000134cf       0x27 ../build/myb-stm32mp257x-2GB-ca35tdcid-ostl/export-ta_arm64/lib/libutee.a(trace_ext.o)
                                          0x2 (size before relaxing)
 .rodata.str1.1.lib/libutee/tee_api.c
                0x00000000000134cf       0x11 ../build/myb-stm32mp257x-2GB-ca35tdcid-ostl/export-ta_arm64/lib/libutee.a(tee_api.o)
 .rodata.lib/libutee/tee_api.c
                0x00000000000134e0        0xb ../build/myb-stm32mp257x-2GB-ca35tdcid-ostl/export-ta_arm64/lib/libutee.a(tee_api.o)
 .rodata.str1.1.lib/libutee/tee_system_pta.c
                0x00000000000134eb       0x55 ../build/myb-stm32mp257x-2GB-ca35tdcid-ostl/export-ta_arm64/lib/libutee.a(tee_system_pta.o)
 .rodata.str1.1.lib/libutee/arch/arm/user_ta_entry.c
                0x0000000000013540       0x4f ../build/myb-stm32mp257x-2GB-ca35tdcid-ostl/export-ta_arm64/lib/libutee.a(user_ta_entry.o)
 .rodata.lib/libutee/arch/arm/user_ta_entry.c
                0x000000000001358f       0x16 ../build/myb-stm32mp257x-2GB-ca35tdcid-ostl/export-ta_arm64/lib/libutee.a(user_ta_entry.o)
 .rodata.str1.1.lib/libutee/abort.c
                0x00000000000135a5        0x7 ../build/myb-stm32mp257x-2GB-ca35tdcid-ostl/export-ta_arm64/lib/libutee.a(abort.o)
 .rodata.str1.1.lib/libutee/tee_api_arith_mpi.c
                0x00000000000135ac       0xb7 ../build/myb-stm32mp257x-2GB-ca35tdcid-ostl/export-ta_arm64/lib/libutee.a(tee_api_arith_mpi.o)
 .rodata.lib/libutee/tee_api_arith_mpi.c
                0x0000000000013663      0x13d ../build/myb-stm32mp257x-2GB-ca35tdcid-ostl/export-ta_arm64/lib/libutee.a(tee_api_arith_mpi.o)
 .rodata.str1.1.lib/libutee/tee_api_property.c
                0x00000000000137a0       0x97 ../build/myb-stm32mp257x-2GB-ca35tdcid-ostl/export-ta_arm64/lib/libutee.a(tee_api_property.o)
                                         0x9c (size before relaxing)
 .rodata.str1.1.lib/libutee/arch/arm/tcb.c
                0x0000000000013837       0x96 ../build/myb-stm32mp257x-2GB-ca35tdcid-ostl/export-ta_arm64/lib/libutee.a(tcb.o)
 .rodata.lib/libutee/arch/arm/tcb.c
                0x00000000000138cd       0x20 ../build/myb-stm32mp257x-2GB-ca35tdcid-ostl/export-ta_arm64/lib/libutee.a(tcb.o)
 .rodata.lib/libutee/base64.c
                0x00000000000138ed       0x41 ../build/myb-stm32mp257x-2GB-ca35tdcid-ostl/export-ta_arm64/lib/libutee.a(base64.o)
 .rodata.str1.1.lib/libmbedtls/mbedtls/library/bignum.c
                0x000000000001392e      0x456 ../build/myb-stm32mp257x-2GB-ca35tdcid-ostl/export-ta_arm64/lib/libmbedtls.a(bignum.o)
                                        0x45d (size before relaxing)
 .rodata.str1.1.lib/libutils/isoc/bget_malloc.c
                0x0000000000013d84      0x3a9 ../build/myb-stm32mp257x-2GB-ca35tdcid-ostl/export-ta_arm64/lib/libutils.a(bget_malloc.o)
                                        0x3b2 (size before relaxing)
 .rodata.lib/libutils/isoc/bget_malloc.c
                0x000000000001412d       0x6a ../build/myb-stm32mp257x-2GB-ca35tdcid-ostl/export-ta_arm64/lib/libutils.a(bget_malloc.o)
 .rodata.str1.1.lib/libutils/ext/mempool.c
                0x0000000000014197       0x89 ../build/myb-stm32mp257x-2GB-ca35tdcid-ostl/export-ta_arm64/lib/libutils.a(mempool.o)
 .rodata.lib/libutils/ext/mempool.c
                0x0000000000014220       0x2c ../build/myb-stm32mp257x-2GB-ca35tdcid-ostl/export-ta_arm64/lib/libutils.a(mempool.o)

.gnu.version_d  0x0000000000014250        0x0
 .gnu.version_d
                0x0000000000014250        0x0 ../build/myb-stm32mp257x-2GB-ca35tdcid-ostl/ta/remoteproc/src/remoteproc_core.o

.gnu.version    0x000000000001424c        0x0
 .gnu.version   0x000000000001424c        0x0 ../build/myb-stm32mp257x-2GB-ca35tdcid-ostl/ta/remoteproc/src/remoteproc_core.o

.gnu.version_r  0x0000000000014250        0x0
 .gnu.version_r
                0x0000000000014250        0x0 ../build/myb-stm32mp257x-2GB-ca35tdcid-ostl/ta/remoteproc/src/remoteproc_core.o

.gnu.hash       0x0000000000014250       0x30
 .gnu.hash      0x0000000000014250       0x30 ../build/myb-stm32mp257x-2GB-ca35tdcid-ostl/ta/remoteproc/src/remoteproc_core.o

.ARM.extab
 *(SORT_BY_ALIGNMENT(.ARM.extab*) SORT_BY_ALIGNMENT(.gnu.linkonce.armextab.*))
                [!provide]                        PROVIDE (__exidx_start = .)

.ARM.exidx
 *(SORT_BY_ALIGNMENT(.ARM.exidx*) SORT_BY_ALIGNMENT(.gnu.linkonce.armexidx.*))
                [!provide]                        PROVIDE (__exidx_end = .)

.ctors
 *(SORT_BY_ALIGNMENT(.ctors))

.dtors
 *(SORT_BY_ALIGNMENT(.dtors))

.dynsym         0x0000000000014280       0x90
 *(SORT_BY_ALIGNMENT(.dynsym))
 .dynsym        0x0000000000014280       0x90 ../build/myb-stm32mp257x-2GB-ca35tdcid-ostl/ta/remoteproc/src/remoteproc_core.o

.dynstr         0x0000000000014310       0x2e
 *(SORT_BY_ALIGNMENT(.dynstr))
 .dynstr        0x0000000000014310       0x2e ../build/myb-stm32mp257x-2GB-ca35tdcid-ostl/ta/remoteproc/src/remoteproc_core.o

.hash           0x0000000000014340       0x2c
 *(SORT_BY_ALIGNMENT(.hash))
 .hash          0x0000000000014340       0x2c ../build/myb-stm32mp257x-2GB-ca35tdcid-ostl/ta/remoteproc/src/remoteproc_core.o

.rela.dyn       0x0000000000014370      0x300
 .rela.data.rel.ro
                0x0000000000014370        0x0 ../build/myb-stm32mp257x-2GB-ca35tdcid-ostl/ta/remoteproc/src/remoteproc_core.o
 .rela.ifunc    0x0000000000014370        0x0 ../build/myb-stm32mp257x-2GB-ca35tdcid-ostl/ta/remoteproc/src/remoteproc_core.o
 .rela.data.rel.local
                0x0000000000014370       0xa8 ../build/myb-stm32mp257x-2GB-ca35tdcid-ostl/ta/remoteproc/src/remoteproc_core.o
 .rela.data.rel.ro.local
                0x0000000000014418      0x240 ../build/myb-stm32mp257x-2GB-ca35tdcid-ostl/ta/remoteproc/src/remoteproc_core.o
 .rela.data.rel
                0x0000000000014658       0x18 ../build/myb-stm32mp257x-2GB-ca35tdcid-ostl/ta/remoteproc/src/remoteproc_core.o
                0x0000000000015000                . = ALIGN (0x1000)

.dynamic        0x0000000000015000      0x110
 *(SORT_BY_ALIGNMENT(.dynamic))
 .dynamic       0x0000000000015000      0x110 ../build/myb-stm32mp257x-2GB-ca35tdcid-ostl/ta/remoteproc/src/remoteproc_core.o
                0x0000000000015000                _DYNAMIC

.tdata
 *(SORT_BY_ALIGNMENT(.tdata) SORT_BY_ALIGNMENT(.tdata.*) SORT_BY_ALIGNMENT(.gnu.linkonce.td.*))

.tbss
 *(SORT_BY_ALIGNMENT(.tbss) SORT_BY_ALIGNMENT(.tbss.*) SORT_BY_ALIGNMENT(.gnu.linkonce.tb.*))
 *(SORT_BY_ALIGNMENT(.tcommon))

.got            0x0000000000015110       0xb0
 *(SORT_BY_ALIGNMENT(.got.plt))
 .got.plt       0x0000000000015110       0x18 ../build/myb-stm32mp257x-2GB-ca35tdcid-ostl/ta/remoteproc/src/remoteproc_core.o
 *(SORT_BY_ALIGNMENT(.got))
 .got           0x0000000000015128       0x98 ../build/myb-stm32mp257x-2GB-ca35tdcid-ostl/ta/remoteproc/src/remoteproc_core.o
                0x0000000000015128                _GLOBAL_OFFSET_TABLE_

.rel.text
 *(SORT_BY_ALIGNMENT(.rel.text))
 *(SORT_BY_ALIGNMENT(.rel.gnu.linkonce.t*))

.rela.text
 *(SORT_BY_ALIGNMENT(.rela.text))
 *(SORT_BY_ALIGNMENT(.rela.gnu.linkonce.t*))

.rel.data
 *(SORT_BY_ALIGNMENT(.rel.data))
 *(SORT_BY_ALIGNMENT(.rel.gnu.linkonce.d*))

.rela.data
 *(SORT_BY_ALIGNMENT(.rela.data))
 *(SORT_BY_ALIGNMENT(.rela.gnu.linkonce.d*))

.rel.tdata
 *(SORT_BY_ALIGNMENT(.rel.tdata) SORT_BY_ALIGNMENT(.rel.tdata.*) SORT_BY_ALIGNMENT(.rel.gnu.linkonce.td.*))

.rela.tdata
 *(SORT_BY_ALIGNMENT(.rela.tdata) SORT_BY_ALIGNMENT(.rela.tdata.*) SORT_BY_ALIGNMENT(.rela.gnu.linkonce.td.*))

.rel.tbss
 *(SORT_BY_ALIGNMENT(.rel.tbss) SORT_BY_ALIGNMENT(.rel.tbss.*) SORT_BY_ALIGNMENT(.rel.gnu.linkonce.tb.*))

.rela.tbss
 *(SORT_BY_ALIGNMENT(.rela.tbss) SORT_BY_ALIGNMENT(.rela.tbss.*) SORT_BY_ALIGNMENT(.rela.gnu.linkonce.tb.*))

.rel.rodata
 *(SORT_BY_ALIGNMENT(.rel.rodata))
 *(SORT_BY_ALIGNMENT(.rel.gnu.linkonce.r*))

.rela.rodata
 *(SORT_BY_ALIGNMENT(.rela.rodata))
 *(SORT_BY_ALIGNMENT(.rela.gnu.linkonce.r*))

.rel.dyn
 *(SORT_BY_ALIGNMENT(.rel.dyn))

.rel.got
 *(SORT_BY_ALIGNMENT(.rel.got))

.rela.got       0x00000000000151c0      0x1b0
 *(SORT_BY_ALIGNMENT(.rela.got))
 .rela.got      0x00000000000151c0      0x1b0 ../build/myb-stm32mp257x-2GB-ca35tdcid-ostl/ta/remoteproc/src/remoteproc_core.o

.rel.ctors
 *(SORT_BY_ALIGNMENT(.rel.ctors))

.rela.ctors
 *(SORT_BY_ALIGNMENT(.rela.ctors))

.rel.dtors
 *(SORT_BY_ALIGNMENT(.rel.dtors))

.rela.dtors
 *(SORT_BY_ALIGNMENT(.rela.dtors))

.rel.init
 *(SORT_BY_ALIGNMENT(.rel.init))

.rela.init
 *(SORT_BY_ALIGNMENT(.rela.init))

.rel.fini
 *(SORT_BY_ALIGNMENT(.rel.fini))

.rela.fini
 *(SORT_BY_ALIGNMENT(.rela.fini))

.rel.bss
 *(SORT_BY_ALIGNMENT(.rel.bss))

.rela.bss       0x0000000000015370        0x0
 *(SORT_BY_ALIGNMENT(.rela.bss))
 .rela.bss      0x0000000000015370        0x0 ../build/myb-stm32mp257x-2GB-ca35tdcid-ostl/ta/remoteproc/src/remoteproc_core.o

.rel.plt
 *(SORT_BY_ALIGNMENT(.rel.plt))

.rela.plt       0x0000000000015370        0x0
 *(SORT_BY_ALIGNMENT(.rela.plt))
 .rela.plt      0x0000000000015370        0x0 ../build/myb-stm32mp257x-2GB-ca35tdcid-ostl/ta/remoteproc/src/remoteproc_core.o

.data           0x0000000000015370      0x21c
 *(SORT_BY_ALIGNMENT(.data) SORT_BY_ALIGNMENT(.data.*) SORT_BY_ALIGNMENT(.gnu.linkonce.d.*))
 .data.rel.local
                0x0000000000015370       0x10 ../build/myb-stm32mp257x-2GB-ca35tdcid-ostl/ta/remoteproc/src/remoteproc_core.o
 .data.rel.ro.local
                0x0000000000015380       0xa8 ../build/myb-stm32mp257x-2GB-ca35tdcid-ostl/ta/remoteproc/user_ta_header.o
                0x0000000000015380                ta_props
 .data.rel.local
                0x0000000000015428       0x20 ../build/myb-stm32mp257x-2GB-ca35tdcid-ostl/export-ta_arm64/lib/libutee.a(user_ta_entry.o)
 .data.rel.ro.local
                0x0000000000015448       0x78 ../build/myb-stm32mp257x-2GB-ca35tdcid-ostl/export-ta_arm64/lib/libutee.a(tee_api_property.o)
                0x0000000000015448                tee_props
 .data.rel      0x00000000000154c0        0x8 ../build/myb-stm32mp257x-2GB-ca35tdcid-ostl/export-ta_arm64/lib/libmbedtls.a(platform_util.o)
 .data          0x00000000000154c8        0x8 ../build/myb-stm32mp257x-2GB-ca35tdcid-ostl/export-ta_arm64/lib/libutils.a(bget_malloc.o)
 .data.rel.local
                0x00000000000154d0       0xb8 ../build/myb-stm32mp257x-2GB-ca35tdcid-ostl/export-ta_arm64/lib/libutils.a(bget_malloc.o)
 .data          0x0000000000015588        0x4 ../build/myb-stm32mp257x-2GB-ca35tdcid-ostl/ta/remoteproc/user_ta_header.o
                0x0000000000015588                trace_level
 .data          0x000000000001558c        0x0 ../build/myb-stm32mp257x-2GB-ca35tdcid-ostl/ta/remoteproc/src/remoteproc_core.o
 .data.rel.ro   0x000000000001558c        0x0 ../build/myb-stm32mp257x-2GB-ca35tdcid-ostl/ta/remoteproc/src/remoteproc_core.o
 .data          0x000000000001558c        0x0 ../build/myb-stm32mp257x-2GB-ca35tdcid-ostl/ta/remoteproc/src/elf_parser.o
 .data          0x000000000001558c        0x0 ../build/myb-stm32mp257x-2GB-ca35tdcid-ostl/export-ta_arm64/lib/libutils.a(memcpy.o)
 .data          0x000000000001558c        0x0 ../build/myb-stm32mp257x-2GB-ca35tdcid-ostl/export-ta_arm64/lib/libutils.a(memset.o)
 .data          0x000000000001558c        0x0 ../build/myb-stm32mp257x-2GB-ca35tdcid-ostl/export-ta_arm64/lib/libutils.a(strcmp.o)
 .data          0x000000000001558c        0x0 ../build/myb-stm32mp257x-2GB-ca35tdcid-ostl/export-ta_arm64/lib/libutils.a(trace.o)
 .data          0x000000000001558c        0x0 ../build/myb-stm32mp257x-2GB-ca35tdcid-ostl/export-ta_arm64/lib/libutils.a(snprintk.o)
 .data          0x000000000001558c        0x0 ../build/myb-stm32mp257x-2GB-ca35tdcid-ostl/export-ta_arm64/lib/libutils.a(memchr.o)
 .data          0x000000000001558c        0x0 ../build/myb-stm32mp257x-2GB-ca35tdcid-ostl/export-ta_arm64/lib/libutils.a(strlen.o)
 .data          0x000000000001558c        0x0 ../build/myb-stm32mp257x-2GB-ca35tdcid-ostl/export-ta_arm64/lib/libutee.a(assert.o)
 .data          0x000000000001558c        0x0 ../build/myb-stm32mp257x-2GB-ca35tdcid-ostl/export-ta_arm64/lib/libutee.a(trace_ext.o)
 .data          0x000000000001558c        0x0 ../build/myb-stm32mp257x-2GB-ca35tdcid-ostl/export-ta_arm64/lib/libutee.a(tee_api.o)
 .data          0x000000000001558c        0x0 ../build/myb-stm32mp257x-2GB-ca35tdcid-ostl/export-ta_arm64/lib/libutee.a(tee_api_operations.o)
 .data          0x000000000001558c        0x0 ../build/myb-stm32mp257x-2GB-ca35tdcid-ostl/export-ta_arm64/lib/libutee.a(tee_api_panic.o)
 .data          0x000000000001558c        0x0 ../build/myb-stm32mp257x-2GB-ca35tdcid-ostl/export-ta_arm64/lib/libutee.a(tee_system_pta.o)
 .data          0x000000000001558c        0x0 ../build/myb-stm32mp257x-2GB-ca35tdcid-ostl/export-ta_arm64/lib/libutee.a(utee_syscalls_a64.o)
 .data          0x000000000001558c        0x0 ../build/myb-stm32mp257x-2GB-ca35tdcid-ostl/export-ta_arm64/lib/libutee.a(user_ta_entry.o)
 .data          0x000000000001558c        0x0 ../build/myb-stm32mp257x-2GB-ca35tdcid-ostl/export-ta_arm64/lib/libutee.a(abort.o)
 .data          0x000000000001558c        0x0 ../build/myb-stm32mp257x-2GB-ca35tdcid-ostl/export-ta_arm64/lib/libutee.a(tee_api_arith_mpi.o)
 .data          0x000000000001558c        0x0 ../build/myb-stm32mp257x-2GB-ca35tdcid-ostl/export-ta_arm64/lib/libutee.a(tee_api_objects.o)
 .data          0x000000000001558c        0x0 ../build/myb-stm32mp257x-2GB-ca35tdcid-ostl/export-ta_arm64/lib/libutee.a(tee_api_property.o)
 .data          0x000000000001558c        0x0 ../build/myb-stm32mp257x-2GB-ca35tdcid-ostl/export-ta_arm64/lib/libutee.a(tcb.o)
 .data          0x000000000001558c        0x0 ../build/myb-stm32mp257x-2GB-ca35tdcid-ostl/export-ta_arm64/lib/libutee.a(base64.o)
 .data          0x000000000001558c        0x0 ../build/myb-stm32mp257x-2GB-ca35tdcid-ostl/export-ta_arm64/lib/libmbedtls.a(bignum.o)
 .data          0x000000000001558c        0x0 ../build/myb-stm32mp257x-2GB-ca35tdcid-ostl/export-ta_arm64/lib/libmbedtls.a(constant_time.o)
 .data          0x000000000001558c        0x0 ../build/myb-stm32mp257x-2GB-ca35tdcid-ostl/export-ta_arm64/lib/libmbedtls.a(platform_util.o)
 .data          0x000000000001558c        0x0 ../build/myb-stm32mp257x-2GB-ca35tdcid-ostl/export-ta_arm64/lib/libutils.a(snprintf.o)
 .data          0x000000000001558c        0x0 ../build/myb-stm32mp257x-2GB-ca35tdcid-ostl/export-ta_arm64/lib/libutils.a(memmove.o)
 .data          0x000000000001558c        0x0 ../build/myb-stm32mp257x-2GB-ca35tdcid-ostl/export-ta_arm64/lib/libutils.a(strlcpy.o)
 .data          0x000000000001558c        0x0 ../build/myb-stm32mp257x-2GB-ca35tdcid-ostl/export-ta_arm64/lib/libutils.a(mempool.o)
 .data          0x000000000001558c        0x0 ../build/myb-stm32mp257x-2GB-ca35tdcid-ostl/export-ta_arm64/lib/libutils.a(consttime_memcmp.o)

.bss            0x0000000000015590     0x40a8
 *(SORT_BY_ALIGNMENT(.bss) SORT_BY_ALIGNMENT(.bss.*) SORT_BY_ALIGNMENT(.gnu.linkonce.b.*) SORT_BY_ALIGNMENT(COMMON))
 .bss           0x0000000000015590       0x10 ../build/myb-stm32mp257x-2GB-ca35tdcid-ostl/ta/remoteproc/src/remoteproc_core.o
 .bss           0x00000000000155a0        0x8 ../build/myb-stm32mp257x-2GB-ca35tdcid-ostl/export-ta_arm64/lib/libutee.a(tee_api.o)
 .bss           0x00000000000155a8        0x8 ../build/myb-stm32mp257x-2GB-ca35tdcid-ostl/export-ta_arm64/lib/libutee.a(tee_system_pta.o)
 .bss           0x00000000000155b0       0x64 ../build/myb-stm32mp257x-2GB-ca35tdcid-ostl/export-ta_arm64/lib/libutee.a(user_ta_entry.o)
                0x00000000000155c0                __elf_phdr_info
                0x00000000000155d0                ta_params
                0x0000000000015610                ta_param_types
 *fill*         0x0000000000015614        0x4 
 .bss           0x0000000000015618     0x3000 ../build/myb-stm32mp257x-2GB-ca35tdcid-ostl/export-ta_arm64/lib/libutee.a(tee_api_arith_mpi.o)
 .bss           0x0000000000018618       0x10 ../build/myb-stm32mp257x-2GB-ca35tdcid-ostl/export-ta_arm64/lib/libutee.a(tcb.o)
 .bss           0x0000000000018628        0x8 ../build/myb-stm32mp257x-2GB-ca35tdcid-ostl/export-ta_arm64/lib/libmbedtls.a(bignum.o)
                0x0000000000018628                mbedtls_mpi_mempool
 .bss           0x0000000000018630        0x8 ../build/myb-stm32mp257x-2GB-ca35tdcid-ostl/export-ta_arm64/lib/libutils.a(bget_malloc.o)
 .bss           0x0000000000018638        0x0 ../build/myb-stm32mp257x-2GB-ca35tdcid-ostl/ta/remoteproc/src/elf_parser.o
 .bss           0x0000000000018638     0x1000 ../build/myb-stm32mp257x-2GB-ca35tdcid-ostl/ta/remoteproc/user_ta_header.o
                0x0000000000018638                ta_heap
 .bss           0x0000000000019638        0x0 ../build/myb-stm32mp257x-2GB-ca35tdcid-ostl/export-ta_arm64/lib/libutils.a(memcpy.o)
 .bss           0x0000000000019638        0x0 ../build/myb-stm32mp257x-2GB-ca35tdcid-ostl/export-ta_arm64/lib/libutils.a(memset.o)
 .bss           0x0000000000019638        0x0 ../build/myb-stm32mp257x-2GB-ca35tdcid-ostl/export-ta_arm64/lib/libutils.a(strcmp.o)
 .bss           0x0000000000019638        0x0 ../build/myb-stm32mp257x-2GB-ca35tdcid-ostl/export-ta_arm64/lib/libutils.a(trace.o)
 .bss           0x0000000000019638        0x0 ../build/myb-stm32mp257x-2GB-ca35tdcid-ostl/export-ta_arm64/lib/libutils.a(snprintk.o)
 .bss           0x0000000000019638        0x0 ../build/myb-stm32mp257x-2GB-ca35tdcid-ostl/export-ta_arm64/lib/libutils.a(memchr.o)
 .bss           0x0000000000019638        0x0 ../build/myb-stm32mp257x-2GB-ca35tdcid-ostl/export-ta_arm64/lib/libutils.a(strlen.o)
 .bss           0x0000000000019638        0x0 ../build/myb-stm32mp257x-2GB-ca35tdcid-ostl/export-ta_arm64/lib/libutee.a(assert.o)
 .bss           0x0000000000019638        0x0 ../build/myb-stm32mp257x-2GB-ca35tdcid-ostl/export-ta_arm64/lib/libutee.a(trace_ext.o)
 .bss           0x0000000000019638        0x0 ../build/myb-stm32mp257x-2GB-ca35tdcid-ostl/export-ta_arm64/lib/libutee.a(tee_api_operations.o)
 .bss           0x0000000000019638        0x0 ../build/myb-stm32mp257x-2GB-ca35tdcid-ostl/export-ta_arm64/lib/libutee.a(tee_api_panic.o)
 .bss           0x0000000000019638        0x0 ../build/myb-stm32mp257x-2GB-ca35tdcid-ostl/export-ta_arm64/lib/libutee.a(utee_syscalls_a64.o)
 .bss           0x0000000000019638        0x0 ../build/myb-stm32mp257x-2GB-ca35tdcid-ostl/export-ta_arm64/lib/libutee.a(abort.o)
 .bss           0x0000000000019638        0x0 ../build/myb-stm32mp257x-2GB-ca35tdcid-ostl/export-ta_arm64/lib/libutee.a(tee_api_objects.o)
 .bss           0x0000000000019638        0x0 ../build/myb-stm32mp257x-2GB-ca35tdcid-ostl/export-ta_arm64/lib/libutee.a(tee_api_property.o)
 .bss           0x0000000000019638        0x0 ../build/myb-stm32mp257x-2GB-ca35tdcid-ostl/export-ta_arm64/lib/libutee.a(base64.o)
 .bss           0x0000000000019638        0x0 ../build/myb-stm32mp257x-2GB-ca35tdcid-ostl/export-ta_arm64/lib/libmbedtls.a(constant_time.o)
 .bss           0x0000000000019638        0x0 ../build/myb-stm32mp257x-2GB-ca35tdcid-ostl/export-ta_arm64/lib/libmbedtls.a(platform_util.o)
 .bss           0x0000000000019638        0x0 ../build/myb-stm32mp257x-2GB-ca35tdcid-ostl/export-ta_arm64/lib/libutils.a(snprintf.o)
 .bss           0x0000000000019638        0x0 ../build/myb-stm32mp257x-2GB-ca35tdcid-ostl/export-ta_arm64/lib/libutils.a(memmove.o)
 .bss           0x0000000000019638        0x0 ../build/myb-stm32mp257x-2GB-ca35tdcid-ostl/export-ta_arm64/lib/libutils.a(strlcpy.o)
 .bss           0x0000000000019638        0x0 ../build/myb-stm32mp257x-2GB-ca35tdcid-ostl/export-ta_arm64/lib/libutils.a(mempool.o)
 .bss           0x0000000000019638        0x0 ../build/myb-stm32mp257x-2GB-ca35tdcid-ostl/export-ta_arm64/lib/libutils.a(consttime_memcmp.o)
                0x0000000000019638                . = ALIGN (0x8)
                0x0000000000019638                __ftrace_buf_start = .
                0x0000000000019638                . = (. + DEFINED (_mcount)?0x800:0x0)
                0x0000000000019638                __ftrace_buf_end = .

.dynbss         0x0000000000019638        0x0
 .dynbss        0x0000000000019638        0x0 ../build/myb-stm32mp257x-2GB-ca35tdcid-ostl/ta/remoteproc/src/remoteproc_core.o

/DISCARD/
 *(SORT_BY_ALIGNMENT(.interp))
LOAD ../build/myb-stm32mp257x-2GB-ca35tdcid-ostl/ta/remoteproc/src/remoteproc_core.o
LOAD ../build/myb-stm32mp257x-2GB-ca35tdcid-ostl/ta/remoteproc/src/elf_parser.o
LOAD ../build/myb-stm32mp257x-2GB-ca35tdcid-ostl/ta/remoteproc/user_ta_header.o
START GROUP
LOAD ../build/myb-stm32mp257x-2GB-ca35tdcid-ostl/export-ta_arm64/lib/libutils.a
LOAD ../build/myb-stm32mp257x-2GB-ca35tdcid-ostl/export-ta_arm64/lib/libutee.a
LOAD ../build/myb-stm32mp257x-2GB-ca35tdcid-ostl/export-ta_arm64/lib/libmbedtls.a
LOAD ../build/myb-stm32mp257x-2GB-ca35tdcid-ostl/export-ta_arm64/lib/libzlib.a
LOAD ../build/myb-stm32mp257x-2GB-ca35tdcid-ostl/export-ta_arm64/lib/libpng.a
END GROUP
LOAD /media/home/beste/03_toolchain/ld25x/sysroots/cortexa35-ostl-linux/usr/lib/aarch64-ostl-linux/12.3.0/libgcc.a
OUTPUT(../build/myb-stm32mp257x-2GB-ca35tdcid-ostl/ta/remoteproc/80a4c275-0a47-4905-8285-1486a9771a08.elf elf64-littleaarch64)
LOAD linker stubs

.debug_info     0x0000000000000000    0x1f89f
 .debug_info    0x0000000000000000     0x2b8e ../build/myb-stm32mp257x-2GB-ca35tdcid-ostl/ta/remoteproc/src/remoteproc_core.o
 .debug_info    0x0000000000002b8e      0xa9f ../build/myb-stm32mp257x-2GB-ca35tdcid-ostl/ta/remoteproc/src/elf_parser.o
 .debug_info    0x000000000000362d      0x451 ../build/myb-stm32mp257x-2GB-ca35tdcid-ostl/ta/remoteproc/user_ta_header.o
 .debug_info    0x0000000000003a7e      0x130 ../build/myb-stm32mp257x-2GB-ca35tdcid-ostl/export-ta_arm64/lib/libutils.a(memcpy.o)
 .debug_info    0x0000000000003bae       0xd3 ../build/myb-stm32mp257x-2GB-ca35tdcid-ostl/export-ta_arm64/lib/libutils.a(memset.o)
 .debug_info    0x0000000000003c81       0xb4 ../build/myb-stm32mp257x-2GB-ca35tdcid-ostl/export-ta_arm64/lib/libutils.a(strcmp.o)
 .debug_info    0x0000000000003d35      0x6a7 ../build/myb-stm32mp257x-2GB-ca35tdcid-ostl/export-ta_arm64/lib/libutils.a(trace.o)
 .debug_info    0x00000000000043dc      0x8f4 ../build/myb-stm32mp257x-2GB-ca35tdcid-ostl/export-ta_arm64/lib/libutils.a(snprintk.o)
 .debug_info    0x0000000000004cd0       0xff ../build/myb-stm32mp257x-2GB-ca35tdcid-ostl/export-ta_arm64/lib/libutils.a(memchr.o)
 .debug_info    0x0000000000004dcf       0xbf ../build/myb-stm32mp257x-2GB-ca35tdcid-ostl/export-ta_arm64/lib/libutils.a(strlen.o)
 .debug_info    0x0000000000004e8e      0x1b7 ../build/myb-stm32mp257x-2GB-ca35tdcid-ostl/export-ta_arm64/lib/libutee.a(assert.o)
 .debug_info    0x0000000000005045      0x37f ../build/myb-stm32mp257x-2GB-ca35tdcid-ostl/export-ta_arm64/lib/libutee.a(trace_ext.o)
 .debug_info    0x00000000000053c4     0x15a8 ../build/myb-stm32mp257x-2GB-ca35tdcid-ostl/export-ta_arm64/lib/libutee.a(tee_api.o)
 .debug_info    0x000000000000696c     0x356f ../build/myb-stm32mp257x-2GB-ca35tdcid-ostl/export-ta_arm64/lib/libutee.a(tee_api_operations.o)
 .debug_info    0x0000000000009edb      0x7bf ../build/myb-stm32mp257x-2GB-ca35tdcid-ostl/export-ta_arm64/lib/libutee.a(tee_api_panic.o)
 .debug_info    0x000000000000a69a      0x79b ../build/myb-stm32mp257x-2GB-ca35tdcid-ostl/export-ta_arm64/lib/libutee.a(tee_system_pta.o)
 .debug_info    0x000000000000ae35      0x3b5 ../build/myb-stm32mp257x-2GB-ca35tdcid-ostl/export-ta_arm64/lib/libutee.a(utee_syscalls_a64.o)
 .debug_info    0x000000000000b1ea     0x15e4 ../build/myb-stm32mp257x-2GB-ca35tdcid-ostl/export-ta_arm64/lib/libutee.a(user_ta_entry.o)
 .debug_info    0x000000000000c7ce       0xf1 ../build/myb-stm32mp257x-2GB-ca35tdcid-ostl/export-ta_arm64/lib/libutee.a(abort.o)
 .debug_info    0x000000000000c8bf     0x468c ../build/myb-stm32mp257x-2GB-ca35tdcid-ostl/export-ta_arm64/lib/libutee.a(tee_api_arith_mpi.o)
 .debug_info    0x0000000000010f4b     0x1eef ../build/myb-stm32mp257x-2GB-ca35tdcid-ostl/export-ta_arm64/lib/libutee.a(tee_api_objects.o)
 .debug_info    0x0000000000012e3a     0x14d2 ../build/myb-stm32mp257x-2GB-ca35tdcid-ostl/export-ta_arm64/lib/libutee.a(tee_api_property.o)
 .debug_info    0x000000000001430c      0x89b ../build/myb-stm32mp257x-2GB-ca35tdcid-ostl/export-ta_arm64/lib/libutee.a(tcb.o)
 .debug_info    0x0000000000014ba7      0x339 ../build/myb-stm32mp257x-2GB-ca35tdcid-ostl/export-ta_arm64/lib/libutee.a(base64.o)
 .debug_info    0x0000000000014ee0     0x5d37 ../build/myb-stm32mp257x-2GB-ca35tdcid-ostl/export-ta_arm64/lib/libmbedtls.a(bignum.o)
 .debug_info    0x000000000001ac17     0x101c ../build/myb-stm32mp257x-2GB-ca35tdcid-ostl/export-ta_arm64/lib/libmbedtls.a(constant_time.o)
 .debug_info    0x000000000001bc33      0x14b ../build/myb-stm32mp257x-2GB-ca35tdcid-ostl/export-ta_arm64/lib/libmbedtls.a(platform_util.o)
 .debug_info    0x000000000001bd7e     0x2e5a ../build/myb-stm32mp257x-2GB-ca35tdcid-ostl/export-ta_arm64/lib/libutils.a(bget_malloc.o)
 .debug_info    0x000000000001ebd8      0x26a ../build/myb-stm32mp257x-2GB-ca35tdcid-ostl/export-ta_arm64/lib/libutils.a(snprintf.o)
 .debug_info    0x000000000001ee42       0xfb ../build/myb-stm32mp257x-2GB-ca35tdcid-ostl/export-ta_arm64/lib/libutils.a(memmove.o)
 .debug_info    0x000000000001ef3d      0x123 ../build/myb-stm32mp257x-2GB-ca35tdcid-ostl/export-ta_arm64/lib/libutils.a(strlcpy.o)
 .debug_info    0x000000000001f060      0x70d ../build/myb-stm32mp257x-2GB-ca35tdcid-ostl/export-ta_arm64/lib/libutils.a(mempool.o)
 .debug_info    0x000000000001f76d      0x132 ../build/myb-stm32mp257x-2GB-ca35tdcid-ostl/export-ta_arm64/lib/libutils.a(consttime_memcmp.o)

.debug_abbrev   0x0000000000000000     0x4c5d
 .debug_abbrev  0x0000000000000000      0x4f8 ../build/myb-stm32mp257x-2GB-ca35tdcid-ostl/ta/remoteproc/src/remoteproc_core.o
 .debug_abbrev  0x00000000000004f8      0x239 ../build/myb-stm32mp257x-2GB-ca35tdcid-ostl/ta/remoteproc/src/elf_parser.o
 .debug_abbrev  0x0000000000000731      0x1d1 ../build/myb-stm32mp257x-2GB-ca35tdcid-ostl/ta/remoteproc/user_ta_header.o
 .debug_abbrev  0x0000000000000902       0xbb ../build/myb-stm32mp257x-2GB-ca35tdcid-ostl/export-ta_arm64/lib/libutils.a(memcpy.o)
 .debug_abbrev  0x00000000000009bd       0xa3 ../build/myb-stm32mp257x-2GB-ca35tdcid-ostl/export-ta_arm64/lib/libutils.a(memset.o)
 .debug_abbrev  0x0000000000000a60       0x6f ../build/myb-stm32mp257x-2GB-ca35tdcid-ostl/export-ta_arm64/lib/libutils.a(strcmp.o)
 .debug_abbrev  0x0000000000000acf      0x2b2 ../build/myb-stm32mp257x-2GB-ca35tdcid-ostl/export-ta_arm64/lib/libutils.a(trace.o)
 .debug_abbrev  0x0000000000000d81      0x2e3 ../build/myb-stm32mp257x-2GB-ca35tdcid-ostl/export-ta_arm64/lib/libutils.a(snprintk.o)
 .debug_abbrev  0x0000000000001064       0xb4 ../build/myb-stm32mp257x-2GB-ca35tdcid-ostl/export-ta_arm64/lib/libutils.a(memchr.o)
 .debug_abbrev  0x0000000000001118       0x85 ../build/myb-stm32mp257x-2GB-ca35tdcid-ostl/export-ta_arm64/lib/libutils.a(strlen.o)
 .debug_abbrev  0x000000000000119d       0xbc ../build/myb-stm32mp257x-2GB-ca35tdcid-ostl/export-ta_arm64/lib/libutee.a(assert.o)
 .debug_abbrev  0x0000000000001259      0x1a4 ../build/myb-stm32mp257x-2GB-ca35tdcid-ostl/export-ta_arm64/lib/libutee.a(trace_ext.o)
 .debug_abbrev  0x00000000000013fd      0x3b1 ../build/myb-stm32mp257x-2GB-ca35tdcid-ostl/export-ta_arm64/lib/libutee.a(tee_api.o)
 .debug_abbrev  0x00000000000017ae      0x436 ../build/myb-stm32mp257x-2GB-ca35tdcid-ostl/export-ta_arm64/lib/libutee.a(tee_api_operations.o)
 .debug_abbrev  0x0000000000001be4      0x215 ../build/myb-stm32mp257x-2GB-ca35tdcid-ostl/export-ta_arm64/lib/libutee.a(tee_api_panic.o)
 .debug_abbrev  0x0000000000001df9      0x27e ../build/myb-stm32mp257x-2GB-ca35tdcid-ostl/export-ta_arm64/lib/libutee.a(tee_system_pta.o)
 .debug_abbrev  0x0000000000002077       0x26 ../build/myb-stm32mp257x-2GB-ca35tdcid-ostl/export-ta_arm64/lib/libutee.a(utee_syscalls_a64.o)
 .debug_abbrev  0x000000000000209d      0x56e ../build/myb-stm32mp257x-2GB-ca35tdcid-ostl/export-ta_arm64/lib/libutee.a(user_ta_entry.o)
 .debug_abbrev  0x000000000000260b       0x94 ../build/myb-stm32mp257x-2GB-ca35tdcid-ostl/export-ta_arm64/lib/libutee.a(abort.o)
 .debug_abbrev  0x000000000000269f      0x522 ../build/myb-stm32mp257x-2GB-ca35tdcid-ostl/export-ta_arm64/lib/libutee.a(tee_api_arith_mpi.o)
 .debug_abbrev  0x0000000000002bc1      0x3a6 ../build/myb-stm32mp257x-2GB-ca35tdcid-ostl/export-ta_arm64/lib/libutee.a(tee_api_objects.o)
 .debug_abbrev  0x0000000000002f67      0x358 ../build/myb-stm32mp257x-2GB-ca35tdcid-ostl/export-ta_arm64/lib/libutee.a(tee_api_property.o)
 .debug_abbrev  0x00000000000032bf      0x2c8 ../build/myb-stm32mp257x-2GB-ca35tdcid-ostl/export-ta_arm64/lib/libutee.a(tcb.o)
 .debug_abbrev  0x0000000000003587      0x1a4 ../build/myb-stm32mp257x-2GB-ca35tdcid-ostl/export-ta_arm64/lib/libutee.a(base64.o)
 .debug_abbrev  0x000000000000372b      0x5ce ../build/myb-stm32mp257x-2GB-ca35tdcid-ostl/export-ta_arm64/lib/libmbedtls.a(bignum.o)
 .debug_abbrev  0x0000000000003cf9      0x392 ../build/myb-stm32mp257x-2GB-ca35tdcid-ostl/export-ta_arm64/lib/libmbedtls.a(constant_time.o)
 .debug_abbrev  0x000000000000408b       0xd4 ../build/myb-stm32mp257x-2GB-ca35tdcid-ostl/export-ta_arm64/lib/libmbedtls.a(platform_util.o)
 .debug_abbrev  0x000000000000415f      0x510 ../build/myb-stm32mp257x-2GB-ca35tdcid-ostl/export-ta_arm64/lib/libutils.a(bget_malloc.o)
 .debug_abbrev  0x000000000000466f      0x13f ../build/myb-stm32mp257x-2GB-ca35tdcid-ostl/export-ta_arm64/lib/libutils.a(snprintf.o)
 .debug_abbrev  0x00000000000047ae       0xa6 ../build/myb-stm32mp257x-2GB-ca35tdcid-ostl/export-ta_arm64/lib/libutils.a(memmove.o)
 .debug_abbrev  0x0000000000004854       0xa5 ../build/myb-stm32mp257x-2GB-ca35tdcid-ostl/export-ta_arm64/lib/libutils.a(strlcpy.o)
 .debug_abbrev  0x00000000000048f9      0x2a2 ../build/myb-stm32mp257x-2GB-ca35tdcid-ostl/export-ta_arm64/lib/libutils.a(mempool.o)
 .debug_abbrev  0x0000000000004b9b       0xc2 ../build/myb-stm32mp257x-2GB-ca35tdcid-ostl/export-ta_arm64/lib/libutils.a(consttime_memcmp.o)

.debug_loclists
                0x0000000000000000    0x13b54
 .debug_loclists
                0x0000000000000000     0x18f8 ../build/myb-stm32mp257x-2GB-ca35tdcid-ostl/ta/remoteproc/src/remoteproc_core.o
 .debug_loclists
                0x00000000000018f8      0x7cb ../build/myb-stm32mp257x-2GB-ca35tdcid-ostl/ta/remoteproc/src/elf_parser.o
 .debug_loclists
                0x00000000000020c3       0x5c ../build/myb-stm32mp257x-2GB-ca35tdcid-ostl/ta/remoteproc/user_ta_header.o
 .debug_loclists
                0x000000000000211f      0x2a4 ../build/myb-stm32mp257x-2GB-ca35tdcid-ostl/export-ta_arm64/lib/libutils.a(memcpy.o)
 .debug_loclists
                0x00000000000023c3       0x67 ../build/myb-stm32mp257x-2GB-ca35tdcid-ostl/export-ta_arm64/lib/libutils.a(memset.o)
 .debug_loclists
                0x000000000000242a       0x50 ../build/myb-stm32mp257x-2GB-ca35tdcid-ostl/export-ta_arm64/lib/libutils.a(strcmp.o)
 .debug_loclists
                0x000000000000247a      0x2a4 ../build/myb-stm32mp257x-2GB-ca35tdcid-ostl/export-ta_arm64/lib/libutils.a(trace.o)
 .debug_loclists
                0x000000000000271e     0x1724 ../build/myb-stm32mp257x-2GB-ca35tdcid-ostl/export-ta_arm64/lib/libutils.a(snprintk.o)
 .debug_loclists
                0x0000000000003e42       0x65 ../build/myb-stm32mp257x-2GB-ca35tdcid-ostl/export-ta_arm64/lib/libutils.a(memchr.o)
 .debug_loclists
                0x0000000000003ea7       0x34 ../build/myb-stm32mp257x-2GB-ca35tdcid-ostl/export-ta_arm64/lib/libutils.a(strlen.o)
 .debug_loclists
                0x0000000000003edb       0x71 ../build/myb-stm32mp257x-2GB-ca35tdcid-ostl/export-ta_arm64/lib/libutee.a(assert.o)
 .debug_loclists
                0x0000000000003f4c       0xae ../build/myb-stm32mp257x-2GB-ca35tdcid-ostl/export-ta_arm64/lib/libutee.a(trace_ext.o)
 .debug_loclists
                0x0000000000003ffa      0x976 ../build/myb-stm32mp257x-2GB-ca35tdcid-ostl/export-ta_arm64/lib/libutee.a(tee_api.o)
 .debug_loclists
                0x0000000000004970     0x2994 ../build/myb-stm32mp257x-2GB-ca35tdcid-ostl/export-ta_arm64/lib/libutee.a(tee_api_operations.o)
 .debug_loclists
                0x0000000000007304      0x331 ../build/myb-stm32mp257x-2GB-ca35tdcid-ostl/export-ta_arm64/lib/libutee.a(tee_api_panic.o)
 .debug_loclists
                0x0000000000007635      0x2de ../build/myb-stm32mp257x-2GB-ca35tdcid-ostl/export-ta_arm64/lib/libutee.a(tee_system_pta.o)
 .debug_loclists
                0x0000000000007913      0x6ce ../build/myb-stm32mp257x-2GB-ca35tdcid-ostl/export-ta_arm64/lib/libutee.a(user_ta_entry.o)
 .debug_loclists
                0x0000000000007fe1     0x1ae7 ../build/myb-stm32mp257x-2GB-ca35tdcid-ostl/export-ta_arm64/lib/libutee.a(tee_api_arith_mpi.o)
 .debug_loclists
                0x0000000000009ac8      0xf3a ../build/myb-stm32mp257x-2GB-ca35tdcid-ostl/export-ta_arm64/lib/libutee.a(tee_api_objects.o)
 .debug_loclists
                0x000000000000aa02      0xb4d ../build/myb-stm32mp257x-2GB-ca35tdcid-ostl/export-ta_arm64/lib/libutee.a(tee_api_property.o)
 .debug_loclists
                0x000000000000b54f      0x2a1 ../build/myb-stm32mp257x-2GB-ca35tdcid-ostl/export-ta_arm64/lib/libutee.a(tcb.o)
 .debug_loclists
                0x000000000000b7f0      0x349 ../build/myb-stm32mp257x-2GB-ca35tdcid-ostl/export-ta_arm64/lib/libutee.a(base64.o)
 .debug_loclists
                0x000000000000bb39     0x4b58 ../build/myb-stm32mp257x-2GB-ca35tdcid-ostl/export-ta_arm64/lib/libmbedtls.a(bignum.o)
 .debug_loclists
                0x0000000000010691      0xd04 ../build/myb-stm32mp257x-2GB-ca35tdcid-ostl/export-ta_arm64/lib/libmbedtls.a(constant_time.o)
 .debug_loclists
                0x0000000000011395       0x45 ../build/myb-stm32mp257x-2GB-ca35tdcid-ostl/export-ta_arm64/lib/libmbedtls.a(platform_util.o)
 .debug_loclists
                0x00000000000113da     0x21a6 ../build/myb-stm32mp257x-2GB-ca35tdcid-ostl/export-ta_arm64/lib/libutils.a(bget_malloc.o)
 .debug_loclists
                0x0000000000013580       0xa4 ../build/myb-stm32mp257x-2GB-ca35tdcid-ostl/export-ta_arm64/lib/libutils.a(snprintf.o)
 .debug_loclists
                0x0000000000013624      0x171 ../build/myb-stm32mp257x-2GB-ca35tdcid-ostl/export-ta_arm64/lib/libutils.a(memmove.o)
 .debug_loclists
                0x0000000000013795       0x96 ../build/myb-stm32mp257x-2GB-ca35tdcid-ostl/export-ta_arm64/lib/libutils.a(strlcpy.o)
 .debug_loclists
                0x000000000001382b      0x25e ../build/myb-stm32mp257x-2GB-ca35tdcid-ostl/export-ta_arm64/lib/libutils.a(mempool.o)
 .debug_loclists
                0x0000000000013a89       0xcb ../build/myb-stm32mp257x-2GB-ca35tdcid-ostl/export-ta_arm64/lib/libutils.a(consttime_memcmp.o)

.debug_aranges  0x0000000000000000      0x9b0
 .debug_aranges
                0x0000000000000000       0x30 ../build/myb-stm32mp257x-2GB-ca35tdcid-ostl/ta/remoteproc/src/remoteproc_core.o
 .debug_aranges
                0x0000000000000030       0x30 ../build/myb-stm32mp257x-2GB-ca35tdcid-ostl/ta/remoteproc/src/elf_parser.o
 .debug_aranges
                0x0000000000000060       0x30 ../build/myb-stm32mp257x-2GB-ca35tdcid-ostl/ta/remoteproc/user_ta_header.o
 .debug_aranges
                0x0000000000000090       0x30 ../build/myb-stm32mp257x-2GB-ca35tdcid-ostl/export-ta_arm64/lib/libutils.a(memcpy.o)
 .debug_aranges
                0x00000000000000c0       0x30 ../build/myb-stm32mp257x-2GB-ca35tdcid-ostl/export-ta_arm64/lib/libutils.a(memset.o)
 .debug_aranges
                0x00000000000000f0       0x30 ../build/myb-stm32mp257x-2GB-ca35tdcid-ostl/export-ta_arm64/lib/libutils.a(strcmp.o)
 .debug_aranges
                0x0000000000000120       0x30 ../build/myb-stm32mp257x-2GB-ca35tdcid-ostl/export-ta_arm64/lib/libutils.a(trace.o)
 .debug_aranges
                0x0000000000000150       0x30 ../build/myb-stm32mp257x-2GB-ca35tdcid-ostl/export-ta_arm64/lib/libutils.a(snprintk.o)
 .debug_aranges
                0x0000000000000180       0x30 ../build/myb-stm32mp257x-2GB-ca35tdcid-ostl/export-ta_arm64/lib/libutils.a(memchr.o)
 .debug_aranges
                0x00000000000001b0       0x30 ../build/myb-stm32mp257x-2GB-ca35tdcid-ostl/export-ta_arm64/lib/libutils.a(strlen.o)
 .debug_aranges
                0x00000000000001e0       0x30 ../build/myb-stm32mp257x-2GB-ca35tdcid-ostl/export-ta_arm64/lib/libutee.a(assert.o)
 .debug_aranges
                0x0000000000000210       0x30 ../build/myb-stm32mp257x-2GB-ca35tdcid-ostl/export-ta_arm64/lib/libutee.a(trace_ext.o)
 .debug_aranges
                0x0000000000000240       0x30 ../build/myb-stm32mp257x-2GB-ca35tdcid-ostl/export-ta_arm64/lib/libutee.a(tee_api.o)
 .debug_aranges
                0x0000000000000270       0x30 ../build/myb-stm32mp257x-2GB-ca35tdcid-ostl/export-ta_arm64/lib/libutee.a(tee_api_operations.o)
 .debug_aranges
                0x00000000000002a0       0x30 ../build/myb-stm32mp257x-2GB-ca35tdcid-ostl/export-ta_arm64/lib/libutee.a(tee_api_panic.o)
 .debug_aranges
                0x00000000000002d0       0x30 ../build/myb-stm32mp257x-2GB-ca35tdcid-ostl/export-ta_arm64/lib/libutee.a(tee_system_pta.o)
 .debug_aranges
                0x0000000000000300      0x3b0 ../build/myb-stm32mp257x-2GB-ca35tdcid-ostl/export-ta_arm64/lib/libutee.a(utee_syscalls_a64.o)
 .debug_aranges
                0x00000000000006b0       0x30 ../build/myb-stm32mp257x-2GB-ca35tdcid-ostl/export-ta_arm64/lib/libutee.a(user_ta_entry.o)
 .debug_aranges
                0x00000000000006e0       0x30 ../build/myb-stm32mp257x-2GB-ca35tdcid-ostl/export-ta_arm64/lib/libutee.a(abort.o)
 .debug_aranges
                0x0000000000000710       0x30 ../build/myb-stm32mp257x-2GB-ca35tdcid-ostl/export-ta_arm64/lib/libutee.a(tee_api_arith_mpi.o)
 .debug_aranges
                0x0000000000000740       0x30 ../build/myb-stm32mp257x-2GB-ca35tdcid-ostl/export-ta_arm64/lib/libutee.a(tee_api_objects.o)
 .debug_aranges
                0x0000000000000770       0x30 ../build/myb-stm32mp257x-2GB-ca35tdcid-ostl/export-ta_arm64/lib/libutee.a(tee_api_property.o)
 .debug_aranges
                0x00000000000007a0       0x30 ../build/myb-stm32mp257x-2GB-ca35tdcid-ostl/export-ta_arm64/lib/libutee.a(tcb.o)
 .debug_aranges
                0x00000000000007d0       0x30 ../build/myb-stm32mp257x-2GB-ca35tdcid-ostl/export-ta_arm64/lib/libutee.a(base64.o)
 .debug_aranges
                0x0000000000000800       0x30 ../build/myb-stm32mp257x-2GB-ca35tdcid-ostl/export-ta_arm64/lib/libmbedtls.a(bignum.o)
 .debug_aranges
                0x0000000000000830       0x30 ../build/myb-stm32mp257x-2GB-ca35tdcid-ostl/export-ta_arm64/lib/libmbedtls.a(constant_time.o)
 .debug_aranges
                0x0000000000000860       0x30 ../build/myb-stm32mp257x-2GB-ca35tdcid-ostl/export-ta_arm64/lib/libmbedtls.a(platform_util.o)
 .debug_aranges
                0x0000000000000890       0x30 ../build/myb-stm32mp257x-2GB-ca35tdcid-ostl/export-ta_arm64/lib/libutils.a(bget_malloc.o)
 .debug_aranges
                0x00000000000008c0       0x30 ../build/myb-stm32mp257x-2GB-ca35tdcid-ostl/export-ta_arm64/lib/libutils.a(snprintf.o)
 .debug_aranges
                0x00000000000008f0       0x30 ../build/myb-stm32mp257x-2GB-ca35tdcid-ostl/export-ta_arm64/lib/libutils.a(memmove.o)
 .debug_aranges
                0x0000000000000920       0x30 ../build/myb-stm32mp257x-2GB-ca35tdcid-ostl/export-ta_arm64/lib/libutils.a(strlcpy.o)
 .debug_aranges
                0x0000000000000950       0x30 ../build/myb-stm32mp257x-2GB-ca35tdcid-ostl/export-ta_arm64/lib/libutils.a(mempool.o)
 .debug_aranges
                0x0000000000000980       0x30 ../build/myb-stm32mp257x-2GB-ca35tdcid-ostl/export-ta_arm64/lib/libutils.a(consttime_memcmp.o)

.debug_rnglists
                0x0000000000000000      0xb49
 .debug_rnglists
                0x0000000000000000      0x1cc ../build/myb-stm32mp257x-2GB-ca35tdcid-ostl/ta/remoteproc/src/remoteproc_core.o
 .debug_rnglists
                0x00000000000001cc       0x31 ../build/myb-stm32mp257x-2GB-ca35tdcid-ostl/ta/remoteproc/src/elf_parser.o
 .debug_rnglists
                0x00000000000001fd       0x26 ../build/myb-stm32mp257x-2GB-ca35tdcid-ostl/export-ta_arm64/lib/libutils.a(trace.o)
 .debug_rnglists
                0x0000000000000223       0x17 ../build/myb-stm32mp257x-2GB-ca35tdcid-ostl/export-ta_arm64/lib/libutils.a(snprintk.o)
 .debug_rnglists
                0x000000000000023a       0x30 ../build/myb-stm32mp257x-2GB-ca35tdcid-ostl/export-ta_arm64/lib/libutee.a(tee_api.o)
 .debug_rnglists
                0x000000000000026a       0xc8 ../build/myb-stm32mp257x-2GB-ca35tdcid-ostl/export-ta_arm64/lib/libutee.a(tee_api_operations.o)
 .debug_rnglists
                0x0000000000000332       0x54 ../build/myb-stm32mp257x-2GB-ca35tdcid-ostl/export-ta_arm64/lib/libutee.a(tee_api_panic.o)
 .debug_rnglists
                0x0000000000000386       0x17 ../build/myb-stm32mp257x-2GB-ca35tdcid-ostl/export-ta_arm64/lib/libutee.a(tee_system_pta.o)
 .debug_rnglists
                0x000000000000039d      0x247 ../build/myb-stm32mp257x-2GB-ca35tdcid-ostl/export-ta_arm64/lib/libutee.a(utee_syscalls_a64.o)
 .debug_rnglists
                0x00000000000005e4       0x64 ../build/myb-stm32mp257x-2GB-ca35tdcid-ostl/export-ta_arm64/lib/libutee.a(user_ta_entry.o)
 .debug_rnglists
                0x0000000000000648       0x17 ../build/myb-stm32mp257x-2GB-ca35tdcid-ostl/export-ta_arm64/lib/libutee.a(abort.o)
 .debug_rnglists
                0x000000000000065f      0x158 ../build/myb-stm32mp257x-2GB-ca35tdcid-ostl/export-ta_arm64/lib/libutee.a(tee_api_arith_mpi.o)
 .debug_rnglists
                0x00000000000007b7       0x27 ../build/myb-stm32mp257x-2GB-ca35tdcid-ostl/export-ta_arm64/lib/libutee.a(tee_api_property.o)
 .debug_rnglists
                0x00000000000007de       0x32 ../build/myb-stm32mp257x-2GB-ca35tdcid-ostl/export-ta_arm64/lib/libutee.a(base64.o)
 .debug_rnglists
                0x0000000000000810       0xf3 ../build/myb-stm32mp257x-2GB-ca35tdcid-ostl/export-ta_arm64/lib/libmbedtls.a(bignum.o)
 .debug_rnglists
                0x0000000000000903       0x7a ../build/myb-stm32mp257x-2GB-ca35tdcid-ostl/export-ta_arm64/lib/libmbedtls.a(constant_time.o)
 .debug_rnglists
                0x000000000000097d      0x1b0 ../build/myb-stm32mp257x-2GB-ca35tdcid-ostl/export-ta_arm64/lib/libutils.a(bget_malloc.o)
 .debug_rnglists
                0x0000000000000b2d       0x1c ../build/myb-stm32mp257x-2GB-ca35tdcid-ostl/export-ta_arm64/lib/libutils.a(mempool.o)

.debug_macro    0x0000000000000000    0x19ca8
 .debug_macro   0x0000000000000000      0x206 ../build/myb-stm32mp257x-2GB-ca35tdcid-ostl/ta/remoteproc/src/remoteproc_core.o
 .debug_macro   0x0000000000000206      0x9ca ../build/myb-stm32mp257x-2GB-ca35tdcid-ostl/ta/remoteproc/src/remoteproc_core.o
 .debug_macro   0x0000000000000bd0      0x7dd ../build/myb-stm32mp257x-2GB-ca35tdcid-ostl/ta/remoteproc/src/remoteproc_core.o
 .debug_macro   0x00000000000013ad      0x105 ../build/myb-stm32mp257x-2GB-ca35tdcid-ostl/ta/remoteproc/src/remoteproc_core.o
 .debug_macro   0x00000000000014b2       0x58 ../build/myb-stm32mp257x-2GB-ca35tdcid-ostl/ta/remoteproc/src/remoteproc_core.o
 .debug_macro   0x000000000000150a       0x22 ../build/myb-stm32mp257x-2GB-ca35tdcid-ostl/ta/remoteproc/src/remoteproc_core.o
 .debug_macro   0x000000000000152c      0x189 ../build/myb-stm32mp257x-2GB-ca35tdcid-ostl/ta/remoteproc/src/remoteproc_core.o
 .debug_macro   0x00000000000016b5       0x34 ../build/myb-stm32mp257x-2GB-ca35tdcid-ostl/ta/remoteproc/src/remoteproc_core.o
 .debug_macro   0x00000000000016e9       0x79 ../build/myb-stm32mp257x-2GB-ca35tdcid-ostl/ta/remoteproc/src/remoteproc_core.o
 .debug_macro   0x0000000000001762       0x16 ../build/myb-stm32mp257x-2GB-ca35tdcid-ostl/ta/remoteproc/src/remoteproc_core.o
 .debug_macro   0x0000000000001778       0x7c ../build/myb-stm32mp257x-2GB-ca35tdcid-ostl/ta/remoteproc/src/remoteproc_core.o
 .debug_macro   0x00000000000017f4      0x1a0 ../build/myb-stm32mp257x-2GB-ca35tdcid-ostl/ta/remoteproc/src/remoteproc_core.o
 .debug_macro   0x0000000000001994     0x15e6 ../build/myb-stm32mp257x-2GB-ca35tdcid-ostl/ta/remoteproc/src/remoteproc_core.o
 .debug_macro   0x0000000000002f7a       0x4a ../build/myb-stm32mp257x-2GB-ca35tdcid-ostl/ta/remoteproc/src/remoteproc_core.o
 .debug_macro   0x0000000000002fc4       0xc4 ../build/myb-stm32mp257x-2GB-ca35tdcid-ostl/ta/remoteproc/src/remoteproc_core.o
 .debug_macro   0x0000000000003088      0xa2a ../build/myb-stm32mp257x-2GB-ca35tdcid-ostl/ta/remoteproc/src/remoteproc_core.o
 .debug_macro   0x0000000000003ab2       0x35 ../build/myb-stm32mp257x-2GB-ca35tdcid-ostl/ta/remoteproc/src/remoteproc_core.o
 .debug_macro   0x0000000000003ae7       0xf0 ../build/myb-stm32mp257x-2GB-ca35tdcid-ostl/ta/remoteproc/src/remoteproc_core.o
 .debug_macro   0x0000000000003bd7       0x7d ../build/myb-stm32mp257x-2GB-ca35tdcid-ostl/ta/remoteproc/src/remoteproc_core.o
 .debug_macro   0x0000000000003c54       0x16 ../build/myb-stm32mp257x-2GB-ca35tdcid-ostl/ta/remoteproc/src/remoteproc_core.o
 .debug_macro   0x0000000000003c6a      0x2e9 ../build/myb-stm32mp257x-2GB-ca35tdcid-ostl/ta/remoteproc/src/remoteproc_core.o
 .debug_macro   0x0000000000003f53       0x2e ../build/myb-stm32mp257x-2GB-ca35tdcid-ostl/ta/remoteproc/src/remoteproc_core.o
 .debug_macro   0x0000000000003f81       0x10 ../build/myb-stm32mp257x-2GB-ca35tdcid-ostl/ta/remoteproc/src/remoteproc_core.o
 .debug_macro   0x0000000000003f91       0xe2 ../build/myb-stm32mp257x-2GB-ca35tdcid-ostl/ta/remoteproc/src/remoteproc_core.o
 .debug_macro   0x0000000000004073       0x2e ../build/myb-stm32mp257x-2GB-ca35tdcid-ostl/ta/remoteproc/src/remoteproc_core.o
 .debug_macro   0x00000000000040a1      0x226 ../build/myb-stm32mp257x-2GB-ca35tdcid-ostl/ta/remoteproc/src/remoteproc_core.o
 .debug_macro   0x00000000000042c7      0x121 ../build/myb-stm32mp257x-2GB-ca35tdcid-ostl/ta/remoteproc/src/elf_parser.o
 .debug_macro   0x00000000000043e8      0x9ca ../build/myb-stm32mp257x-2GB-ca35tdcid-ostl/ta/remoteproc/src/elf_parser.o
 .debug_macro   0x0000000000004db2      0x160 ../build/myb-stm32mp257x-2GB-ca35tdcid-ostl/ta/remoteproc/user_ta_header.o
 .debug_macro   0x0000000000004f12      0x9ca ../build/myb-stm32mp257x-2GB-ca35tdcid-ostl/ta/remoteproc/user_ta_header.o