Archive member included to satisfy reference by file (symbol)

/media/home/beste/01_Pro/ld25x/bsp_hu/MYD-LD25X-Uboot-L2022.10-V1.0.0/GEN_FIP/myir-st-optee/../build/myb-stm32mp257x-2GB/export-ta_arm64/lib/libutils.a(snprintf.o)
                              /media/home/beste/01_Pro/ld25x/bsp_hu/MYD-LD25X-Uboot-L2022.10-V1.0.0/GEN_FIP/myir-st-optee/../build/myb-stm32mp257x-2GB/ta/pkcs11/src/persistent_token.o (snprintf)
/media/home/beste/01_Pro/ld25x/bsp_hu/MYD-LD25X-Uboot-L2022.10-V1.0.0/GEN_FIP/myir-st-optee/../build/myb-stm32mp257x-2GB/export-ta_arm64/lib/libutils.a(memcpy.o)
                              /media/home/beste/01_Pro/ld25x/bsp_hu/MYD-LD25X-Uboot-L2022.10-V1.0.0/GEN_FIP/myir-st-optee/../build/myb-stm32mp257x-2GB/ta/pkcs11/src/pkcs11_token.o (memcpy)
/media/home/beste/01_Pro/ld25x/bsp_hu/MYD-LD25X-Uboot-L2022.10-V1.0.0/GEN_FIP/myir-st-optee/../build/myb-stm32mp257x-2GB/export-ta_arm64/lib/libutils.a(memset.o)
                              /media/home/beste/01_Pro/ld25x/bsp_hu/MYD-LD25X-Uboot-L2022.10-V1.0.0/GEN_FIP/myir-st-optee/../build/myb-stm32mp257x-2GB/ta/pkcs11/src/persistent_token.o (memset)
/media/home/beste/01_Pro/ld25x/bsp_hu/MYD-LD25X-Uboot-L2022.10-V1.0.0/GEN_FIP/myir-st-optee/../build/myb-stm32mp257x-2GB/export-ta_arm64/lib/libutils.a(strchr.o)
                              /media/home/beste/01_Pro/ld25x/bsp_hu/MYD-LD25X-Uboot-L2022.10-V1.0.0/GEN_FIP/myir-st-optee/../build/myb-stm32mp257x-2GB/ta/pkcs11/src/persistent_token.o (strchr)
/media/home/beste/01_Pro/ld25x/bsp_hu/MYD-LD25X-Uboot-L2022.10-V1.0.0/GEN_FIP/myir-st-optee/../build/myb-stm32mp257x-2GB/export-ta_arm64/lib/libutils.a(strcmp.o)
                              /media/home/beste/01_Pro/ld25x/bsp_hu/MYD-LD25X-Uboot-L2022.10-V1.0.0/GEN_FIP/myir-st-optee/../build/myb-stm32mp257x-2GB/ta/pkcs11/src/persistent_token.o (strcmp)
/media/home/beste/01_Pro/ld25x/bsp_hu/MYD-LD25X-Uboot-L2022.10-V1.0.0/GEN_FIP/myir-st-optee/../build/myb-stm32mp257x-2GB/export-ta_arm64/lib/libutils.a(strcpy.o)
                              /media/home/beste/01_Pro/ld25x/bsp_hu/MYD-LD25X-Uboot-L2022.10-V1.0.0/GEN_FIP/myir-st-optee/../build/myb-stm32mp257x-2GB/ta/pkcs11/src/pkcs11_token.o (strcpy)
/media/home/beste/01_Pro/ld25x/bsp_hu/MYD-LD25X-Uboot-L2022.10-V1.0.0/GEN_FIP/myir-st-optee/../build/myb-stm32mp257x-2GB/export-ta_arm64/lib/libutils.a(strlen.o)
                              /media/home/beste/01_Pro/ld25x/bsp_hu/MYD-LD25X-Uboot-L2022.10-V1.0.0/GEN_FIP/myir-st-optee/../build/myb-stm32mp257x-2GB/ta/pkcs11/src/attributes.o (strlen)
/media/home/beste/01_Pro/ld25x/bsp_hu/MYD-LD25X-Uboot-L2022.10-V1.0.0/GEN_FIP/myir-st-optee/../build/myb-stm32mp257x-2GB/export-ta_arm64/lib/libutils.a(strnlen.o)
                              /media/home/beste/01_Pro/ld25x/bsp_hu/MYD-LD25X-Uboot-L2022.10-V1.0.0/GEN_FIP/myir-st-optee/../build/myb-stm32mp257x-2GB/ta/pkcs11/src/pkcs11_token.o (strnlen)
/media/home/beste/01_Pro/ld25x/bsp_hu/MYD-LD25X-Uboot-L2022.10-V1.0.0/GEN_FIP/myir-st-optee/../build/myb-stm32mp257x-2GB/export-ta_arm64/lib/libutils.a(strstr.o)
                              /media/home/beste/01_Pro/ld25x/bsp_hu/MYD-LD25X-Uboot-L2022.10-V1.0.0/GEN_FIP/myir-st-optee/../build/myb-stm32mp257x-2GB/ta/pkcs11/src/persistent_token.o (strstr)
/media/home/beste/01_Pro/ld25x/bsp_hu/MYD-LD25X-Uboot-L2022.10-V1.0.0/GEN_FIP/myir-st-optee/../build/myb-stm32mp257x-2GB/export-ta_arm64/lib/libutils.a(snprintk.o)
                              /media/home/beste/01_Pro/ld25x/bsp_hu/MYD-LD25X-Uboot-L2022.10-V1.0.0/GEN_FIP/myir-st-optee/../build/myb-stm32mp257x-2GB/export-ta_arm64/lib/libutils.a(snprintf.o) (__vsnprintf)
/media/home/beste/01_Pro/ld25x/bsp_hu/MYD-LD25X-Uboot-L2022.10-V1.0.0/GEN_FIP/myir-st-optee/../build/myb-stm32mp257x-2GB/export-ta_arm64/lib/libutils.a(trace.o)
                              /media/home/beste/01_Pro/ld25x/bsp_hu/MYD-LD25X-Uboot-L2022.10-V1.0.0/GEN_FIP/myir-st-optee/../build/myb-stm32mp257x-2GB/ta/pkcs11/src/attributes.o (trace_printf)
/media/home/beste/01_Pro/ld25x/bsp_hu/MYD-LD25X-Uboot-L2022.10-V1.0.0/GEN_FIP/myir-st-optee/../build/myb-stm32mp257x-2GB/export-ta_arm64/lib/libutils.a(consttime_memcmp.o)
                              /media/home/beste/01_Pro/ld25x/bsp_hu/MYD-LD25X-Uboot-L2022.10-V1.0.0/GEN_FIP/myir-st-optee/../build/myb-stm32mp257x-2GB/ta/pkcs11/src/persistent_token.o (consttime_memcmp)
/media/home/beste/01_Pro/ld25x/bsp_hu/MYD-LD25X-Uboot-L2022.10-V1.0.0/GEN_FIP/myir-st-optee/../build/myb-stm32mp257x-2GB/export-ta_arm64/lib/libutils.a(memchr.o)
                              /media/home/beste/01_Pro/ld25x/bsp_hu/MYD-LD25X-Uboot-L2022.10-V1.0.0/GEN_FIP/myir-st-optee/../build/myb-stm32mp257x-2GB/export-ta_arm64/lib/libutils.a(snprintk.o) (memchr)
/media/home/beste/01_Pro/ld25x/bsp_hu/MYD-LD25X-Uboot-L2022.10-V1.0.0/GEN_FIP/myir-st-optee/../build/myb-stm32mp257x-2GB/export-ta_arm64/lib/libutee.a(assert.o)
[...]
Memory Configuration

Name             Origin             Length             Attributes
*default*        0x0000000000000000 0xffffffffffffffff

Linker script and memory map


.ta_head        0x0000000000000000       0x20
 *(SORT_BY_ALIGNMENT(.ta_head))
 .ta_head       0x0000000000000000       0x20 /media/home/beste/01_Pro/ld25x/bsp_hu/MYD-LD25X-Uboot-L2022.10-V1.0.0/GEN_FIP/myir-st-optee/../build/myb-stm32mp257x-2GB/ta/pkcs11/user_ta_header.o
                0x0000000000000000                ta_head

.text           0x0000000000000020    0x1dbc8
                0x0000000000000020                __text_start = .
 *(SORT_BY_ALIGNMENT(.text) SORT_BY_ALIGNMENT(.text.*))
 .text          0x0000000000000020       0xd8 /media/home/beste/01_Pro/ld25x/bsp_hu/MYD-LD25X-Uboot-L2022.10-V1.0.0/GEN_FIP/myir-st-optee/../build/myb-stm32mp257x-2GB/export-ta_arm64/lib/libutils.a(memcpy.o)
                0x0000000000000020                memcpy
 .text          0x00000000000000f8      0x8b8 /media/home/beste/01_Pro/ld25x/bsp_hu/MYD-LD25X-Uboot-L2022.10-V1.0.0/GEN_FIP/myir-st-optee/../build/myb-stm32mp257x-2GB/ta/pkcs11/src/attributes.o
                0x00000000000001c8                init_attributes_head
                0x0000000000000200                add_attribute
                0x00000000000002b8                remove_empty_attribute
                0x00000000000002c4                get_attribute_ptrs
                0x00000000000003b8                get_attribute_ptr
                0x00000000000003f4                get_attribute
                0x0000000000000490                set_attribute
                0x00000000000004f4                modify_attributes_list
                0x000000000000057c                get_bool
                0x00000000000005ec                attributes_match_reference
                0x00000000000006c0                attributes_match_add_reference
                0x00000000000007b8                trace_attributes
 .text          0x00000000000009b0      0x430 /media/home/beste/01_Pro/ld25x/bsp_hu/MYD-LD25X-Uboot-L2022.10-V1.0.0/GEN_FIP/myir-st-optee/../build/myb-stm32mp257x-2GB/ta/pkcs11/src/entry.o
                0x00000000000009b0                TA_CreateEntryPoint
                0x00000000000009b4                TA_DestroyEntryPoint
                0x00000000000009b8                TA_OpenSessionEntryPoint
                0x00000000000009ec                TA_CloseSessionEntryPoint
                0x0000000000000a00                TA_InvokeCommandEntryPoint
 .text          0x0000000000000de0      0x19c /media/home/beste/01_Pro/ld25x/bsp_hu/MYD-LD25X-Uboot-L2022.10-V1.0.0/GEN_FIP/myir-st-optee/../build/myb-stm32mp257x-2GB/ta/pkcs11/src/handle.o
                0x0000000000000de0                handle_db_init
                0x0000000000000dec                handle_db_destroy
                0x0000000000000e20                handle_get
                0x0000000000000edc                handle_put
                0x0000000000000f10                handle_lookup
                0x0000000000000f3c                handle_lookup_handle
 .text          0x0000000000000f7c     0x1454 /media/home/beste/01_Pro/ld25x/bsp_hu/MYD-LD25X-Uboot-L2022.10-V1.0.0/GEN_FIP/myir-st-optee/../build/myb-stm32mp257x-2GB/ta/pkcs11/src/object.o
                0x000000000000106c                pkcs11_handle2object
                0x00000000000010b4                pkcs11_object2handle
                0x00000000000010dc                cleanup_persistent_object
                0x0000000000001148                destroy_object
                0x0000000000001244                create_token_object
                0x000000000000128c                create_object
                0x000000000000146c                entry_create_object
                0x00000000000015d0                entry_destroy_object
                0x00000000000016fc                entry_find_objects_init
                0x0000000000001a6c                entry_find_objects
                0x0000000000001b68                release_session_find_obj_context
                0x0000000000001ba8                entry_find_objects_final
                0x0000000000001c3c                entry_get_attribute_value
                0x0000000000001e84                entry_get_object_size
                0x0000000000001f7c                entry_set_attribute_value
                0x0000000000002138                entry_copy_object
 .text          0x00000000000023d0     0x108c /media/home/beste/01_Pro/ld25x/bsp_hu/MYD-LD25X-Uboot-L2022.10-V1.0.0/GEN_FIP/myir-st-optee/../build/myb-stm32mp257x-2GB/ta/pkcs11/src/persistent_token.o
                0x000000000000256c                update_persistent_db
                0x000000000000260c                hash_pin
                0x000000000000268c                verify_pin
                0x00000000000026e4                setup_so_identity_auth_from_client
                0x000000000000278c                setup_identity_auth_from_pin
                0x00000000000029cc                verify_identity_auth
                0x0000000000002ac0                close_persistent_db
                0x0000000000002ac4                create_object_uuid
                0x0000000000002b54                destroy_object_uuid
                0x0000000000002bb0                get_persistent_objects_list
                0x0000000000002c08                unregister_persistent_object
                0x0000000000002d2c                register_persistent_object
                0x0000000000002e2c                load_persistent_object_attributes
                0x000000000000304c                release_persistent_object_attributes
                0x0000000000003074                update_persistent_object_attributes
                0x0000000000003158                init_persistent_db
 .text          0x000000000000345c     0x2784 /media/home/beste/01_Pro/ld25x/bsp_hu/MYD-LD25X-Uboot-L2022.10-V1.0.0/GEN_FIP/myir-st-optee/../build/myb-stm32mp257x-2GB/ta/pkcs11/src/pkcs11_attributes.o
                0x0000000000003a14                check_mechanism_against_processing
                0x0000000000003c00                create_attributes_from_template
                0x00000000000049dc                object_is_private
                0x00000000000049e4                object_is_token
                0x00000000000049ec                object_is_modifiable
                0x00000000000049f4                object_is_copyable
                0x00000000000049fc                check_access_attrs_against_token
                0x0000000000004a6c                check_created_attrs_against_token
                0x0000000000004b3c                check_created_attrs_against_processing
                0x0000000000004da4                check_created_attrs
                0x00000000000050b8                check_parent_attrs_against_processing
                0x0000000000005544                attribute_is_exportable
                0x0000000000005610                check_attrs_against_modification
                0x000000000000599c                set_key_data
                0x0000000000005a74                get_key_data_to_wrap
                0x0000000000005ad4                add_missing_attribute_id
 .text          0x0000000000005be0      0x8ac /media/home/beste/01_Pro/ld25x/bsp_hu/MYD-LD25X-Uboot-L2022.10-V1.0.0/GEN_FIP/myir-st-optee/../build/myb-stm32mp257x-2GB/ta/pkcs11/src/pkcs11_helpers.o
                0x0000000000005c64                tee2pkcs_error
                0x0000000000005ce8                valid_pkcs11_attribute_id
                0x0000000000005d38                pkcs11_attr_is_type
                0x0000000000005d5c                pkcs11_attr_has_indirect_attributes
                0x0000000000005d74                pkcs11_class_has_type
                0x0000000000005d94                pkcs11_attr_class_is_key
                0x0000000000005da4                key_type_is_symm_key
                0x0000000000005dc0                key_type_is_asymm_key
                0x0000000000005ddc                pkcs11_attr2boolprop_shift
                0x0000000000005e14                pkcs2tee_load_attr
                0x0000000000006078                pkcs2tee_load_hashed_attr
                0x000000000000619c                pkcs2tee_mode
                0x000000000000620c                id2str_rc
                0x0000000000006228                id2str_ta_cmd
                0x0000000000006240                id2str_slot_flag
                0x000000000000625c                id2str_token_flag
                0x0000000000006278                id2str_session_flag
                0x0000000000006294                id2str_session_state
                0x00000000000062b0                id2str_attr
                0x00000000000062f4                id2str_class
                0x0000000000006310                id2str_key_type
                0x000000000000632c                id2str_type
                0x0000000000006348                id2str_certificate_type
                0x0000000000006364                id2str_attr_value
                0x0000000000006418                id2str_proc
                0x0000000000006470                id2str_function
 .text          0x000000000000648c     0x1d2c /media/home/beste/01_Pro/ld25x/bsp_hu/MYD-LD25X-Uboot-L2022.10-V1.0.0/GEN_FIP/myir-st-optee/../build/myb-stm32mp257x-2GB/ta/pkcs11/src/pkcs11_token.o
                0x00000000000068a0                get_token
                0x00000000000068d8                get_token_id
                0x0000000000006930                get_object_handle_db
                0x000000000000693c                get_session_list
                0x0000000000006948                tee_session2client
                0x000000000000696c                pkcs11_handle2session
                0x000000000000697c                register_client
                0x00000000000069f4                unregister_client
                0x0000000000006a84                pkcs11_init
                0x0000000000006ad8                pkcs11_deinit
                0x0000000000006b0c                set_processing_state
                0x0000000000006c34                entry_ck_slot_list
                0x0000000000006ce0                entry_ck_slot_info
                0x0000000000006e68                entry_ck_token_info
                0x0000000000007024                entry_ck_token_mecha_ids
                0x0000000000007154                entry_ck_token_mecha_info
                0x000000000000725c                entry_ck_open_session
                0x00000000000074ac                entry_ck_close_session
                0x0000000000007530                entry_ck_close_all_sessions
                0x00000000000075f0                entry_ck_session_info
                0x00000000000076d4                entry_ck_token_initialize
                0x000000000000796c                entry_ck_init_pin
                0x0000000000007a70                entry_ck_set_pin
                0x0000000000007bb8                entry_ck_login
                0x0000000000007dec                entry_ck_logout
                0x0000000000007f54                entry_ck_seed_random
                0x00000000000080b0                entry_ck_generate_random
 .text          0x00000000000081b8     0x1660 /media/home/beste/01_Pro/ld25x/bsp_hu/MYD-LD25X-Uboot-L2022.10-V1.0.0/GEN_FIP/myir-st-optee/../build/myb-stm32mp257x-2GB/ta/pkcs11/src/processing.o
                0x0000000000008278                release_active_processing
                0x00000000000082e4                get_object_key_bit_size
                0x00000000000083e0                entry_generate_secret
                0x000000000000869c                alloc_get_tee_attribute_data
                0x0000000000008754                tee2pkcs_add_attribute
                0x00000000000087fc                entry_generate_key_pair
                0x0000000000008b5c                entry_processing_init
                0x0000000000008d6c                entry_processing_step
                0x0000000000008ffc                entry_processing_key
                0x000000000000940c                entry_release_active_processing
                0x00000000000094e0                entry_wrap_key
 .text          0x0000000000009818       0xb0 /media/home/beste/01_Pro/ld25x/bsp_hu/MYD-LD25X-Uboot-L2022.10-V1.0.0/GEN_FIP/myir-st-optee/../build/myb-stm32mp257x-2GB/ta/pkcs11/src/processing_aes.o
                0x0000000000009818                tee_init_ctr_operation
 .text          0x00000000000098c8     0x1120 /media/home/beste/01_Pro/ld25x/bsp_hu/MYD-LD25X-Uboot-L2022.10-V1.0.0/GEN_FIP/myir-st-optee/../build/myb-stm32mp257x-2GB/ta/pkcs11/src/processing_asymm.o
                0x0000000000009950                processing_is_tee_asymm
                0x00000000000099b4                init_asymm_operation
                0x000000000000a05c                step_asymm_operation
                0x000000000000a828                do_asymm_derivation
 .text          0x000000000000a9e8      0x44c /media/home/beste/01_Pro/ld25x/bsp_hu/MYD-LD25X-Uboot-L2022.10-V1.0.0/GEN_FIP/myir-st-optee/../build/myb-stm32mp257x-2GB/ta/pkcs11/src/processing_digest.o
                0x000000000000a9e8                processing_is_tee_digest
                0x000000000000aa38                init_digest_operation
                0x000000000000ab98                step_digest_operation
 .text          0x000000000000ae34      0xf34 /media/home/beste/01_Pro/ld25x/bsp_hu/MYD-LD25X-Uboot-L2022.10-V1.0.0/GEN_FIP/myir-st-optee/../build/myb-stm32mp257x-2GB/ta/pkcs11/src/processing_ec.o
                0x000000000000af38                ec_params2tee_keysize
                0x000000000000af5c                ec_params2tee_curve
                0x000000000000af9c                load_tee_ec_key_attrs
                0x000000000000b194                pkcs2tee_algo_ecdsa
                0x000000000000b23c                generate_ec_keys
                0x000000000000b61c                load_tee_eddsa_key_attrs
                0x000000000000b77c                generate_eddsa_keys
                0x000000000000b9b4                pkcs2tee_proc_params_eddsa
                0x000000000000ba90                ecdsa_get_input_max_byte_size
                0x000000000000bb1c                pkcs2tee_param_ecdh
                0x000000000000bc84                pkcs2tee_algo_ecdh
 .text          0x000000000000bd68      0xd98 /media/home/beste/01_Pro/ld25x/bsp_hu/MYD-LD25X-Uboot-L2022.10-V1.0.0/GEN_FIP/myir-st-optee/../build/myb-stm32mp257x-2GB/ta/pkcs11/src/processing_rsa.o
                0x000000000000bd70                pkcs2tee_proc_params_rsa_pss
                0x000000000000be44                pkcs2tee_validate_rsa_pss
                0x000000000000bf2c                pkcs2tee_algo_rsa_pss
                0x000000000000c15c                pkcs2tee_proc_params_rsa_oaep
                0x000000000000c274                pkcs2tee_algo_rsa_oaep
                0x000000000000c498                load_tee_rsa_key_attrs
                0x000000000000c780                generate_rsa_keys
                0x000000000000cad8                rsa_get_input_max_byte_size
 .text          0x000000000000cb00     0x14b8 /media/home/beste/01_Pro/ld25x/bsp_hu/MYD-LD25X-Uboot-L2022.10-V1.0.0/GEN_FIP/myir-st-optee/../build/myb-stm32mp257x-2GB/ta/pkcs11/src/processing_symm.o
                0x000000000000cc78                processing_is_tee_symm
                0x000000000000cd04                init_symm_operation
                0x000000000000d688                step_symm_operation
                0x000000000000dc78                derive_key_by_symm_enc
                0x000000000000dd34                wrap_data_by_symm_enc
                0x000000000000ded0                unwrap_key_by_symm
 .text          0x000000000000dfb8      0x87c /media/home/beste/01_Pro/ld25x/bsp_hu/MYD-LD25X-Uboot-L2022.10-V1.0.0/GEN_FIP/myir-st-optee/../build/myb-stm32mp257x-2GB/ta/pkcs11/src/sanitize_object.o
                0x000000000000e078                sanitize_consistent_class_and_type
                0x000000000000e150                trace_attributes_from_api_head
                0x000000000000e380                sanitize_client_object
 .text          0x000000000000e834      0x38c /media/home/beste/01_Pro/ld25x/bsp_hu/MYD-LD25X-Uboot-L2022.10-V1.0.0/GEN_FIP/myir-st-optee/../build/myb-stm32mp257x-2GB/ta/pkcs11/src/serializer.o
                0x000000000000e834                serialargs_init
                0x000000000000e840                serialargs_get_ptr
                0x000000000000e8c4                serialargs_get
                0x000000000000e9d0                serialargs_alloc_and_get
                0x000000000000e9e8                serialargs_alloc_get_one_attribute
                0x000000000000ea54                serialargs_alloc_get_attributes
                0x000000000000eac0                serialargs_remaining_bytes
                0x000000000000ead8                serialargs_get_session_from_handle
                0x000000000000eb38                serialize
 .text          0x000000000000ebc0      0x53c /media/home/beste/01_Pro/ld25x/bsp_hu/MYD-LD25X-Uboot-L2022.10-V1.0.0/GEN_FIP/myir-st-optee/../build/myb-stm32mp257x-2GB/ta/pkcs11/src/token_capabilities.o
                0x000000000000ebc0                mechanism_string_id
                0x000000000000ec08                mechanism_is_valid
                0x000000000000ec44                mechanism_flags_complies_pkcs11
                0x000000000000ed10                mechanism_is_one_shot_only
                0x000000000000ed64                tee_malloc_mechanism_list
                0x000000000000ee30                mechanism_supported_flags
                0x000000000000eebc                pkcs11_mechanism_supported_key_sizes
                0x000000000000f06c                mechanism_supported_key_sizes_bytes
 .text          0x000000000000f0fc       0x1c /media/home/beste/01_Pro/ld25x/bsp_hu/MYD-LD25X-Uboot-L2022.10-V1.0.0/GEN_FIP/myir-st-optee/../build/myb-stm32mp257x-2GB/ta/pkcs11/user_ta_header.o
                0x000000000000f0fc                __ta_entry
                0x000000000000f110                tahead_get_trace_level
 .text          0x000000000000f118       0xd0 /media/home/beste/01_Pro/ld25x/bsp_hu/MYD-LD25X-Uboot-L2022.10-V1.0.0/GEN_FIP/myir-st-optee/../build/myb-stm32mp257x-2GB/export-ta_arm64/lib/libutils.a(snprintf.o)
                0x000000000000f118                snprintf
                0x000000000000f190                vsnprintf
 .text          0x000000000000f1e8       0x1c /media/home/beste/01_Pro/ld25x/bsp_hu/MYD-LD25X-Uboot-L2022.10-V1.0.0/GEN_FIP/myir-st-optee/../build/myb-stm32mp257x-2GB/export-ta_arm64/lib/libutils.a(memset.o)
                0x000000000000f1e8                memset
 .text          0x000000000000f204       0x2c /media/home/beste/01_Pro/ld25x/bsp_hu/MYD-LD25X-Uboot-L2022.10-V1.0.0/GEN_FIP/myir-st-optee/../build/myb-stm32mp257x-2GB/export-ta_arm64/lib/libutils.a(strchr.o)
                0x000000000000f204                strchr
 .text          0x000000000000f230       0x24 /media/home/beste/01_Pro/ld25x/bsp_hu/MYD-LD25X-Uboot-L2022.10-V1.0.0/GEN_FIP/myir-st-optee/../build/myb-stm32mp257x-2GB/export-ta_arm64/lib/libutils.a(strcmp.o)
                0x000000000000f230                strcmp
 .text          0x000000000000f254       0x18 /media/home/beste/01_Pro/ld25x/bsp_hu/MYD-LD25X-Uboot-L2022.10-V1.0.0/GEN_FIP/myir-st-optee/../build/myb-stm32mp257x-2GB/export-ta_arm64/lib/libutils.a(strcpy.o)
                0x000000000000f254                strcpy
 .text          0x000000000000f26c       0x1c /media/home/beste/01_Pro/ld25x/bsp_hu/MYD-LD25X-Uboot-L2022.10-V1.0.0/GEN_FIP/myir-st-optee/../build/myb-stm32mp257x-2GB/export-ta_arm64/lib/libutils.a(strlen.o)
                0x000000000000f26c                strlen
 .text          0x000000000000f288       0x28 /media/home/beste/01_Pro/ld25x/bsp_hu/MYD-LD25X-Uboot-L2022.10-V1.0.0/GEN_FIP/myir-st-optee/../build/myb-stm32mp257x-2GB/export-ta_arm64/lib/libutils.a(strnlen.o)
                0x000000000000f288                strnlen
 .text          0x000000000000f2b0       0x4c /media/home/beste/01_Pro/ld25x/bsp_hu/MYD-LD25X-Uboot-L2022.10-V1.0.0/GEN_FIP/myir-st-optee/../build/myb-stm32mp257x-2GB/export-ta_arm64/lib/libutils.a(strstr.o)
                0x000000000000f2b0                strstr
 .text          0x000000000000f2fc      0xd8c /media/home/beste/01_Pro/ld25x/bsp_hu/MYD-LD25X-Uboot-L2022.10-V1.0.0/GEN_FIP/myir-st-optee/../build/myb-stm32mp257x-2GB/export-ta_arm64/lib/libutils.a(snprintk.o)
                0x000000000000f2fc                __vsnprintf
                0x000000000000f38c                vsnprintk
                0x000000000000f3e4                snprintk
                0x000000000001003c                __vsprintf
 .text          0x0000000000010088      0x290 /media/home/beste/01_Pro/ld25x/bsp_hu/MYD-LD25X-Uboot-L2022.10-V1.0.0/GEN_FIP/myir-st-optee/../build/myb-stm32mp257x-2GB/export-ta_arm64/lib/libutils.a(trace.o)
                0x0000000000010088                trace_set_level
                0x00000000000100a4                trace_get_level
                0x00000000000100b4                trace_vprintf
                0x00000000000102a4                trace_printf
                0x0000000000010314                dhex_dump
 .text          0x0000000000010318       0x70 /media/home/beste/01_Pro/ld25x/bsp_hu/MYD-LD25X-Uboot-L2022.10-V1.0.0/GEN_FIP/myir-st-optee/../build/myb-stm32mp257x-2GB/export-ta_arm64/lib/libutils.a(consttime_memcmp.o)
                0x0000000000010318                consttime_memcmp
 .text          0x0000000000010388       0x2c /media/home/beste/01_Pro/ld25x/bsp_hu/MYD-LD25X-Uboot-L2022.10-V1.0.0/GEN_FIP/myir-st-optee/../build/myb-stm32mp257x-2GB/export-ta_arm64/lib/libutils.a(memchr.o)
                0x0000000000010388                memchr
 .text          0x00000000000103b4       0x58 /media/home/beste/01_Pro/ld25x/bsp_hu/MYD-LD25X-Uboot-L2022.10-V1.0.0/GEN_FIP/myir-st-optee/../build/myb-stm32mp257x-2GB/export-ta_arm64/lib/libutee.a(assert.o)
                0x00000000000103b4                _assert_log
                0x00000000000103f8                _assert_break
 .text          0x000000000001040c      0x1dc /media/home/beste/01_Pro/ld25x/bsp_hu/MYD-LD25X-Uboot-L2022.10-V1.0.0/GEN_FIP/myir-st-optee/../build/myb-stm32mp257x-2GB/export-ta_arm64/lib/libutee.a(tee_uuid_from_str.o)
                0x0000000000010490                tee_uuid_from_str
 .text          0x00000000000105e8      0x174 /media/home/beste/01_Pro/ld25x/bsp_hu/MYD-LD25X-Uboot-L2022.10-V1.0.0/GEN_FIP/myir-st-optee/../build/myb-stm32mp257x-2GB/export-ta_arm64/lib/libutee.a(trace_ext.o)
                0x00000000000105e8                trace_ext_puts
                0x0000000000010610                trace_ext_get_thread_id
                0x0000000000010618                printf
                0x00000000000106e0                puts
                0x0000000000010720                putchar
 .text          0x000000000001075c      0x760 /media/home/beste/01_Pro/ld25x/bsp_hu/MYD-LD25X-Uboot-L2022.10-V1.0.0/GEN_FIP/myir-st-optee/../build/myb-stm32mp257x-2GB/export-ta_arm64/lib/libutee.a(tee_api.o)
                0x0000000000010804                TEE_CloseTASession
                0x000000000001082c                TEE_GetCancellationFlag
                0x0000000000010858                TEE_UnmaskCancellation
                0x0000000000010884                TEE_MaskCancellation
                0x00000000000108b0                TEE_CheckMemoryAccessRights
                0x0000000000010a84                TEE_OpenTASession
                0x0000000000010b78                TEE_InvokeTACommand
                0x0000000000010c9c                TEE_SetInstanceData
                0x0000000000010ca8                TEE_GetInstanceData
                0x0000000000010cb4                TEE_MemMove
                0x0000000000010cbc                TEE_MemCompare
                0x0000000000010cc4                TEE_MemFill
                0x0000000000010ccc                TEE_GetSystemTime
                0x0000000000010cf4                TEE_Wait
                0x0000000000010d30                TEE_GetTAPersistentTime
                0x0000000000010d90                TEE_SetTAPersistentTime
                0x0000000000010dd4                TEE_GetREETime
                0x0000000000010dfc                TEE_Malloc
                0x0000000000010e64                TEE_Free
                0x0000000000010e74                TEE_Realloc
                0x0000000000010ea4                TEE_CacheClean
                0x0000000000010eac                TEE_CacheFlush
                0x0000000000010eb4                TEE_CacheInvalidate
 .text          0x0000000000010ebc      0xe08 /media/home/beste/01_Pro/ld25x/bsp_hu/MYD-LD25X-Uboot-L2022.10-V1.0.0/GEN_FIP/myir-st-optee/../build/myb-stm32mp257x-2GB/export-ta_arm64/lib/libutee.a(tee_api_objects.o)
                0x0000000000010ebc                __utee_from_attr
                0x0000000000010f0c                TEE_GetObjectInfo
                0x0000000000010f54                TEE_GetObjectInfo1
                0x0000000000010f94                TEE_RestrictObjectUsage1
                0x0000000000010fd8                TEE_RestrictObjectUsage
                0x0000000000011028                TEE_GetObjectBufferAttribute
                0x00000000000110f8                TEE_GetObjectValueAttribute
                0x0000000000011210                TEE_CloseObject
                0x0000000000011238                TEE_AllocateTransientObject
                0x00000000000112b8                TEE_FreeTransientObject
                0x000000000001130c                TEE_ResetTransientObject
                0x0000000000011360                TEE_PopulateTransientObject
                0x0000000000011430                TEE_InitRefAttribute
                0x0000000000011480                TEE_InitValueAttribute
                0x00000000000114cc                TEE_CopyObjectAttributes1
                0x0000000000011578                TEE_CopyObjectAttributes
                0x00000000000115cc                TEE_GenerateKey
                0x000000000001166c                TEE_OpenPersistentObject
                0x000000000001171c                TEE_CreatePersistentObject
                0x00000000000117f4                TEE_CloseAndDeletePersistentObject1
                0x000000000001183c                TEE_CloseAndDeletePersistentObject
                0x0000000000011868                TEE_RenamePersistentObject
                0x00000000000118c8                TEE_AllocatePersistentObjectEnumerator
                0x0000000000011924                TEE_FreePersistentObjectEnumerator
                0x000000000001194c                TEE_ResetPersistentObjectEnumerator
                0x0000000000011974                TEE_StartPersistentObjectEnumerator
                0x00000000000119c4                TEE_GetNextPersistentObject
                0x0000000000011a88                TEE_ReadObjectData
                0x0000000000011b1c                TEE_WriteObjectData
                0x0000000000011b8c                TEE_TruncateObjectData
                0x0000000000011bec                TEE_SeekObjectData
 .text          0x0000000000011cc4     0x2df0 /media/home/beste/01_Pro/ld25x/bsp_hu/MYD-LD25X-Uboot-L2022.10-V1.0.0/GEN_FIP/myir-st-optee/../build/myb-stm32mp257x-2GB/export-ta_arm64/lib/libutee.a(tee_api_operations.o)
                0x0000000000011f48                TEE_FreeOperation
                0x0000000000011f8c                TEE_AllocateOperation
                0x0000000000012b20                TEE_GetOperationInfo
                0x0000000000012b74                TEE_GetOperationInfoMultiple
                0x0000000000012cf4                TEE_ResetOperation
                0x0000000000012d6c                TEE_SetOperationKey
                0x0000000000012e74                TEE_SetOperationKey2
                0x0000000000013030                TEE_CopyOperation
                0x0000000000013170                TEE_DigestUpdate
                0x00000000000131e0                TEE_DigestDoFinal
                0x00000000000132c4                TEE_CipherInit
                0x00000000000133a4                TEE_CipherUpdate
                0x000000000001350c                TEE_CipherDoFinal
                0x0000000000013714                TEE_MACInit
                0x00000000000137b8                TEE_MACUpdate
                0x0000000000013858                TEE_MACComputeFinal
                0x0000000000013934                TEE_MACCompareFinal
                0x0000000000013a08                TEE_AEInit
                0x0000000000013ad8                TEE_AEUpdateAAD
                0x0000000000013b6c                TEE_AEUpdate
                0x0000000000013cd0                TEE_AEEncryptFinal
                0x0000000000013e8c                TEE_AEDecryptFinal
                0x0000000000014024                TEE_AsymmetricEncrypt
                0x0000000000014164                TEE_AsymmetricDecrypt
                0x00000000000142a8                TEE_AsymmetricSignDigest
                0x00000000000143e0                TEE_AsymmetricVerifyDigest
                0x0000000000014504                TEE_DeriveKey
                0x000000000001467c                TEE_GenerateRandom
                0x00000000000146a0                rand
                0x00000000000146c4                TEE_IsAlgorithmSupported
 .text          0x0000000000014ab4      0x154 /media/home/beste/01_Pro/ld25x/bsp_hu/MYD-LD25X-Uboot-L2022.10-V1.0.0/GEN_FIP/myir-st-optee/../build/myb-stm32mp257x-2GB/export-ta_arm64/lib/libutee.a(tee_api_panic.o)
                0x0000000000014ad0                TEE_Panic
                0x0000000000014ae0                __utee_check_outbuf_annotation
                0x0000000000014b3c                __utee_check_instring_annotation
                0x0000000000014b7c                __utee_check_outstring_annotation
                0x0000000000014b80                __utee_check_out_annotation
                0x0000000000014bac                __utee_check_attr_in_annotation
                0x0000000000014bdc                __utee_check_inout_annotation
 .text          0x0000000000014c08      0xb00 /media/home/beste/01_Pro/ld25x/bsp_hu/MYD-LD25X-Uboot-L2022.10-V1.0.0/GEN_FIP/myir-st-optee/../build/myb-stm32mp257x-2GB/export-ta_arm64/lib/libutee.a(tee_api_property.o)
                0x0000000000014f48                TEE_GetPropertyAsString
                0x000000000001517c                TEE_GetPropertyAsBool
                0x0000000000015228                TEE_GetPropertyAsU32
                0x00000000000152dc                TEE_GetPropertyAsBinaryBlock
                0x0000000000015390                TEE_GetPropertyAsUUID
                0x0000000000015444                TEE_GetPropertyAsIdentity
                0x00000000000154f8                TEE_ResetPropertyEnumerator
                0x0000000000015504                TEE_AllocatePropertyEnumerator
                0x000000000001554c                TEE_FreePropertyEnumerator
                0x0000000000015550                TEE_StartPropertyEnumerator
                0x0000000000015560                TEE_GetPropertyName
                0x000000000001565c                TEE_GetNextProperty
 .text          0x0000000000015708      0x240 /media/home/beste/01_Pro/ld25x/bsp_hu/MYD-LD25X-Uboot-L2022.10-V1.0.0/GEN_FIP/myir-st-optee/../build/myb-stm32mp257x-2GB/export-ta_arm64/lib/libutee.a(tee_system_pta.o)
                0x000000000001578c                tee_map_zi
                0x0000000000015804                tee_unmap
                0x0000000000015890                tee_invoke_supp_plugin
 .text._utee_panic
                0x0000000000015948        0xc /media/home/beste/01_Pro/ld25x/bsp_hu/MYD-LD25X-Uboot-L2022.10-V1.0.0/GEN_FIP/myir-st-optee/../build/myb-stm32mp257x-2GB/export-ta_arm64/lib/libutee.a(utee_syscalls_a64.o)
                0x0000000000015948                _utee_panic
 .text._utee_return
                0x0000000000015954        0xc /media/home/beste/01_Pro/ld25x/bsp_hu/MYD-LD25X-Uboot-L2022.10-V1.0.0/GEN_FIP/myir-st-optee/../build/myb-stm32mp257x-2GB/export-ta_arm64/lib/libutee.a(utee_syscalls_a64.o)
                0x0000000000015954                _utee_return
 .text._utee_log
                0x0000000000015960        0xc /media/home/beste/01_Pro/ld25x/bsp_hu/MYD-LD25X-Uboot-L2022.10-V1.0.0/GEN_FIP/myir-st-optee/../build/myb-stm32mp257x-2GB/export-ta_arm64/lib/libutee.a(utee_syscalls_a64.o)
                0x0000000000015960                _utee_log
 .text.__utee_panic
                0x000000000001596c        0xc /media/home/beste/01_Pro/ld25x/bsp_hu/MYD-LD25X-Uboot-L2022.10-V1.0.0/GEN_FIP/myir-st-optee/../build/myb-stm32mp257x-2GB/export-ta_arm64/lib/libutee.a(utee_syscalls_a64.o)
                0x000000000001596c                __utee_panic
 .text._utee_get_property
                0x0000000000015978        0xc /media/home/beste/01_Pro/ld25x/bsp_hu/MYD-LD25X-Uboot-L2022.10-V1.0.0/GEN_FIP/myir-st-optee/../build/myb-stm32mp257x-2GB/export-ta_arm64/lib/libutee.a(utee_syscalls_a64.o)
                0x0000000000015978                _utee_get_property
 .text._utee_get_property_name_to_index
                0x0000000000015984        0xc /media/home/beste/01_Pro/ld25x/bsp_hu/MYD-LD25X-Uboot-L2022.10-V1.0.0/GEN_FIP/myir-st-optee/../build/myb-stm32mp257x-2GB/export-ta_arm64/lib/libutee.a(utee_syscalls_a64.o)
                0x0000000000015984                _utee_get_property_name_to_index
 .text._utee_open_ta_session
                0x0000000000015990        0xc /media/home/beste/01_Pro/ld25x/bsp_hu/MYD-LD25X-Uboot-L2022.10-V1.0.0/GEN_FIP/myir-st-optee/../build/myb-stm32mp257x-2GB/export-ta_arm64/lib/libutee.a(utee_syscalls_a64.o)
                0x0000000000015990                _utee_open_ta_session
 .text._utee_close_ta_session
                0x000000000001599c        0xc /media/home/beste/01_Pro/ld25x/bsp_hu/MYD-LD25X-Uboot-L2022.10-V1.0.0/GEN_FIP/myir-st-optee/../build/myb-stm32mp257x-2GB/export-ta_arm64/lib/libutee.a(utee_syscalls_a64.o)
                0x000000000001599c                _utee_close_ta_session
 .text._utee_invoke_ta_command
                0x00000000000159a8        0xc /media/home/beste/01_Pro/ld25x/bsp_hu/MYD-LD25X-Uboot-L2022.10-V1.0.0/GEN_FIP/myir-st-optee/../build/myb-stm32mp257x-2GB/export-ta_arm64/lib/libutee.a(utee_syscalls_a64.o)
                0x00000000000159a8                _utee_invoke_ta_command
 .text._utee_get_cancellation_flag
                0x00000000000159b4        0xc /media/home/beste/01_Pro/ld25x/bsp_hu/MYD-LD25X-Uboot-L2022.10-V1.0.0/GEN_FIP/myir-st-optee/../build/myb-stm32mp257x-2GB/export-ta_arm64/lib/libutee.a(utee_syscalls_a64.o)
                0x00000000000159b4                _utee_get_cancellation_flag
 .text._utee_check_access_rights
                0x00000000000159c0        0xc /media/home/beste/01_Pro/ld25x/bsp_hu/MYD-LD25X-Uboot-L2022.10-V1.0.0/GEN_FIP/myir-st-optee/../build/myb-stm32mp257x-2GB/export-ta_arm64/lib/libutee.a(utee_syscalls_a64.o)
                0x00000000000159c0                _utee_check_access_rights
 .text._utee_unmask_cancellation
                0x00000000000159cc        0xc /media/home/beste/01_Pro/ld25x/bsp_hu/MYD-LD25X-Uboot-L2022.10-V1.0.0/GEN_FIP/myir-st-optee/../build/myb-stm32mp257x-2GB/export-ta_arm64/lib/libutee.a(utee_syscalls_a64.o)
                0x00000000000159cc                _utee_unmask_cancellation
 .text._utee_mask_cancellation
                0x00000000000159d8        0xc /media/home/beste/01_Pro/ld25x/bsp_hu/MYD-LD25X-Uboot-L2022.10-V1.0.0/GEN_FIP/myir-st-optee/../build/myb-stm32mp257x-2GB/export-ta_arm64/lib/libutee.a(utee_syscalls_a64.o)
                0x00000000000159d8                _utee_mask_cancellation
 .text._utee_wait
                0x00000000000159e4        0xc /media/home/beste/01_Pro/ld25x/bsp_hu/MYD-LD25X-Uboot-L2022.10-V1.0.0/GEN_FIP/myir-st-optee/../build/myb-stm32mp257x-2GB/export-ta_arm64/lib/libutee.a(utee_syscalls_a64.o)
                0x00000000000159e4                _utee_wait
 .text._utee_get_time
                0x00000000000159f0        0xc /media/home/beste/01_Pro/ld25x/bsp_hu/MYD-LD25X-Uboot-L2022.10-V1.0.0/GEN_FIP/myir-st-optee/../build/myb-stm32mp257x-2GB/export-ta_arm64/lib/libutee.a(utee_syscalls_a64.o)
                0x00000000000159f0                _utee_get_time
 .text._utee_set_ta_time
                0x00000000000159fc        0xc /media/home/beste/01_Pro/ld25x/bsp_hu/MYD-LD25X-Uboot-L2022.10-V1.0.0/GEN_FIP/myir-st-optee/../build/myb-stm32mp257x-2GB/export-ta_arm64/lib/libutee.a(utee_syscalls_a64.o)
                0x00000000000159fc                _utee_set_ta_time
 .text._utee_cryp_state_alloc
                0x0000000000015a08        0xc /media/home/beste/01_Pro/ld25x/bsp_hu/MYD-LD25X-Uboot-L2022.10-V1.0.0/GEN_FIP/myir-st-optee/../build/myb-stm32mp257x-2GB/export-ta_arm64/lib/libutee.a(utee_syscalls_a64.o)
                0x0000000000015a08                _utee_cryp_state_alloc
 .text._utee_cryp_state_copy
                0x0000000000015a14        0xc /media/home/beste/01_Pro/ld25x/bsp_hu/MYD-LD25X-Uboot-L2022.10-V1.0.0/GEN_FIP/myir-st-optee/../build/myb-stm32mp257x-2GB/export-ta_arm64/lib/libutee.a(utee_syscalls_a64.o)
                0x0000000000015a14                _utee_cryp_state_copy
 .text._utee_cryp_state_free
                0x0000000000015a20        0xc /media/home/beste/01_Pro/ld25x/bsp_hu/MYD-LD25X-Uboot-L2022.10-V1.0.0/GEN_FIP/myir-st-optee/../build/myb-stm32mp257x-2GB/export-ta_arm64/lib/libutee.a(utee_syscalls_a64.o)
                0x0000000000015a20                _utee_cryp_state_free
 .text._utee_hash_init
                0x0000000000015a2c        0xc /media/home/beste/01_Pro/ld25x/bsp_hu/MYD-LD25X-Uboot-L2022.10-V1.0.0/GEN_FIP/myir-st-optee/../build/myb-stm32mp257x-2GB/export-ta_arm64/lib/libutee.a(utee_syscalls_a64.o)
                0x0000000000015a2c                _utee_hash_init
 .text._utee_hash_update
                0x0000000000015a38        0xc /media/home/beste/01_Pro/ld25x/bsp_hu/MYD-LD25X-Uboot-L2022.10-V1.0.0/GEN_FIP/myir-st-optee/../build/myb-stm32mp257x-2GB/export-ta_arm64/lib/libutee.a(utee_syscalls_a64.o)
                0x0000000000015a38                _utee_hash_update
 .text._utee_hash_final
                0x0000000000015a44        0xc /media/home/beste/01_Pro/ld25x/bsp_hu/MYD-LD25X-Uboot-L2022.10-V1.0.0/GEN_FIP/myir-st-optee/../build/myb-stm32mp257x-2GB/export-ta_arm64/lib/libutee.a(utee_syscalls_a64.o)
                0x0000000000015a44                _utee_hash_final
 .text._utee_cipher_init
                0x0000000000015a50        0xc /media/home/beste/01_Pro/ld25x/bsp_hu/MYD-LD25X-Uboot-L2022.10-V1.0.0/GEN_FIP/myir-st-optee/../build/myb-stm32mp257x-2GB/export-ta_arm64/lib/libutee.a(utee_syscalls_a64.o)
                0x0000000000015a50                _utee_cipher_init
 .text._utee_cipher_update
                0x0000000000015a5c        0xc /media/home/beste/01_Pro/ld25x/bsp_hu/MYD-LD25X-Uboot-L2022.10-V1.0.0/GEN_FIP/myir-st-optee/../build/myb-stm32mp257x-2GB/export-ta_arm64/lib/libutee.a(utee_syscalls_a64.o)
                0x0000000000015a5c                _utee_cipher_update
 .text._utee_cipher_final
                0x0000000000015a68        0xc /media/home/beste/01_Pro/ld25x/bsp_hu/MYD-LD25X-Uboot-L2022.10-V1.0.0/GEN_FIP/myir-st-optee/../build/myb-stm32mp257x-2GB/export-ta_arm64/lib/libutee.a(utee_syscalls_a64.o)
                0x0000000000015a68                _utee_cipher_final
 .text._utee_cryp_obj_get_info
                0x0000000000015a74        0xc /media/home/beste/01_Pro/ld25x/bsp_hu/MYD-LD25X-Uboot-L2022.10-V1.0.0/GEN_FIP/myir-st-optee/../build/myb-stm32mp257x-2GB/export-ta_arm64/lib/libutee.a(utee_syscalls_a64.o)
                0x0000000000015a74                _utee_cryp_obj_get_info
 .text._utee_cryp_obj_restrict_usage
                0x0000000000015a80        0xc /media/home/beste/01_Pro/ld25x/bsp_hu/MYD-LD25X-Uboot-L2022.10-V1.0.0/GEN_FIP/myir-st-optee/../build/myb-stm32mp257x-2GB/export-ta_arm64/lib/libutee.a(utee_syscalls_a64.o)
                0x0000000000015a80                _utee_cryp_obj_restrict_usage
 .text._utee_cryp_obj_get_attr
                0x0000000000015a8c        0xc /media/home/beste/01_Pro/ld25x/bsp_hu/MYD-LD25X-Uboot-L2022.10-V1.0.0/GEN_FIP/myir-st-optee/../build/myb-stm32mp257x-2GB/export-ta_arm64/lib/libutee.a(utee_syscalls_a64.o)
                0x0000000000015a8c                _utee_cryp_obj_get_attr
 .text._utee_cryp_obj_alloc
                0x0000000000015a98        0xc /media/home/beste/01_Pro/ld25x/bsp_hu/MYD-LD25X-Uboot-L2022.10-V1.0.0/GEN_FIP/myir-st-optee/../build/myb-stm32mp257x-2GB/export-ta_arm64/lib/libutee.a(utee_syscalls_a64.o)
                0x0000000000015a98                _utee_cryp_obj_alloc
 .text._utee_cryp_obj_close
                0x0000000000015aa4        0xc /media/home/beste/01_Pro/ld25x/bsp_hu/MYD-LD25X-Uboot-L2022.10-V1.0.0/GEN_FIP/myir-st-optee/../build/myb-stm32mp257x-2GB/export-ta_arm64/lib/libutee.a(utee_syscalls_a64.o)
                0x0000000000015aa4                _utee_cryp_obj_close
 .text._utee_cryp_obj_reset
                0x0000000000015ab0        0xc /media/home/beste/01_Pro/ld25x/bsp_hu/MYD-LD25X-Uboot-L2022.10-V1.0.0/GEN_FIP/myir-st-optee/../build/myb-stm32mp257x-2GB/export-ta_arm64/lib/libutee.a(utee_syscalls_a64.o)
                0x0000000000015ab0                _utee_cryp_obj_reset
 .text._utee_cryp_obj_populate
                0x0000000000015abc        0xc /media/home/beste/01_Pro/ld25x/bsp_hu/MYD-LD25X-Uboot-L2022.10-V1.0.0/GEN_FIP/myir-st-optee/../build/myb-stm32mp257x-2GB/export-ta_arm64/lib/libutee.a(utee_syscalls_a64.o)
                0x0000000000015abc                _utee_cryp_obj_populate
 .text._utee_cryp_obj_copy
                0x0000000000015ac8        0xc /media/home/beste/01_Pro/ld25x/bsp_hu/MYD-LD25X-Uboot-L2022.10-V1.0.0/GEN_FIP/myir-st-optee/../build/myb-stm32mp257x-2GB/export-ta_arm64/lib/libutee.a(utee_syscalls_a64.o)
                0x0000000000015ac8                _utee_cryp_obj_copy
 .text._utee_cryp_derive_key
                0x0000000000015ad4        0xc /media/home/beste/01_Pro/ld25x/bsp_hu/MYD-LD25X-Uboot-L2022.10-V1.0.0/GEN_FIP/myir-st-optee/../build/myb-stm32mp257x-2GB/export-ta_arm64/lib/libutee.a(utee_syscalls_a64.o)
                0x0000000000015ad4                _utee_cryp_derive_key
 .text._utee_cryp_random_number_generate
                0x0000000000015ae0        0xc /media/home/beste/01_Pro/ld25x/bsp_hu/MYD-LD25X-Uboot-L2022.10-V1.0.0/GEN_FIP/myir-st-optee/../build/myb-stm32mp257x-2GB/export-ta_arm64/lib/libutee.a(utee_syscalls_a64.o)
                0x0000000000015ae0                _utee_cryp_random_number_generate
 .text._utee_authenc_init
                0x0000000000015aec        0xc /media/home/beste/01_Pro/ld25x/bsp_hu/MYD-LD25X-Uboot-L2022.10-V1.0.0/GEN_FIP/myir-st-optee/../build/myb-stm32mp257x-2GB/export-ta_arm64/lib/libutee.a(utee_syscalls_a64.o)
                0x0000000000015aec                _utee_authenc_init
 .text._utee_authenc_update_aad
                0x0000000000015af8        0xc /media/home/beste/01_Pro/ld25x/bsp_hu/MYD-LD25X-Uboot-L2022.10-V1.0.0/GEN_FIP/myir-st-optee/../build/myb-stm32mp257x-2GB/export-ta_arm64/lib/libutee.a(utee_syscalls_a64.o)
                0x0000000000015af8                _utee_authenc_update_aad
 .text._utee_authenc_update_payload
                0x0000000000015b04        0xc /media/home/beste/01_Pro/ld25x/bsp_hu/MYD-LD25X-Uboot-L2022.10-V1.0.0/GEN_FIP/myir-st-optee/../build/myb-stm32mp257x-2GB/export-ta_arm64/lib/libutee.a(utee_syscalls_a64.o)
                0x0000000000015b04                _utee_authenc_update_payload
 .text._utee_authenc_enc_final
                0x0000000000015b10        0xc /media/home/beste/01_Pro/ld25x/bsp_hu/MYD-LD25X-Uboot-L2022.10-V1.0.0/GEN_FIP/myir-st-optee/../build/myb-stm32mp257x-2GB/export-ta_arm64/lib/libutee.a(utee_syscalls_a64.o)
                0x0000000000015b10                _utee_authenc_enc_final
 .text._utee_authenc_dec_final
                0x0000000000015b1c        0xc /media/home/beste/01_Pro/ld25x/bsp_hu/MYD-LD25X-Uboot-L2022.10-V1.0.0/GEN_FIP/myir-st-optee/../build/myb-stm32mp257x-2GB/export-ta_arm64/lib/libutee.a(utee_syscalls_a64.o)
                0x0000000000015b1c                _utee_authenc_dec_final
 .text._utee_asymm_operate
                0x0000000000015b28        0xc /media/home/beste/01_Pro/ld25x/bsp_hu/MYD-LD25X-Uboot-L2022.10-V1.0.0/GEN_FIP/myir-st-optee/../build/myb-stm32mp257x-2GB/export-ta_arm64/lib/libutee.a(utee_syscalls_a64.o)
                0x0000000000015b28                _utee_asymm_operate
 .text._utee_asymm_verify
                0x0000000000015b34        0xc /media/home/beste/01_Pro/ld25x/bsp_hu/MYD-LD25X-Uboot-L2022.10-V1.0.0/GEN_FIP/myir-st-optee/../build/myb-stm32mp257x-2GB/export-ta_arm64/lib/libutee.a(utee_syscalls_a64.o)
                0x0000000000015b34                _utee_asymm_verify
 .text._utee_storage_obj_open
                0x0000000000015b40        0xc /media/home/beste/01_Pro/ld25x/bsp_hu/MYD-LD25X-Uboot-L2022.10-V1.0.0/GEN_FIP/myir-st-optee/../build/myb-stm32mp257x-2GB/export-ta_arm64/lib/libutee.a(utee_syscalls_a64.o)
                0x0000000000015b40                _utee_storage_obj_open
 .text._utee_storage_obj_create
                0x0000000000015b4c        0xc /media/home/beste/01_Pro/ld25x/bsp_hu/MYD-LD25X-Uboot-L2022.10-V1.0.0/GEN_FIP/myir-st-optee/../build/myb-stm32mp257x-2GB/export-ta_arm64/lib/libutee.a(utee_syscalls_a64.o)
                0x0000000000015b4c                _utee_storage_obj_create
 .text._utee_storage_obj_del
                0x0000000000015b58        0xc /media/home/beste/01_Pro/ld25x/bsp_hu/MYD-LD25X-Uboot-L2022.10-V1.0.0/GEN_FIP/myir-st-optee/../build/myb-stm32mp257x-2GB/export-ta_arm64/lib/libutee.a(utee_syscalls_a64.o)
                0x0000000000015b58                _utee_storage_obj_del
 .text._utee_storage_obj_rename
                0x0000000000015b64        0xc /media/home/beste/01_Pro/ld25x/bsp_hu/MYD-LD25X-Uboot-L2022.10-V1.0.0/GEN_FIP/myir-st-optee/../build/myb-stm32mp257x-2GB/export-ta_arm64/lib/libutee.a(utee_syscalls_a64.o)
                0x0000000000015b64                _utee_storage_obj_rename
 .text._utee_storage_alloc_enum
                0x0000000000015b70        0xc /media/home/beste/01_Pro/ld25x/bsp_hu/MYD-LD25X-Uboot-L2022.10-V1.0.0/GEN_FIP/myir-st-optee/../build/myb-stm32mp257x-2GB/export-ta_arm64/lib/libutee.a(utee_syscalls_a64.o)
                0x0000000000015b70                _utee_storage_alloc_enum
 .text._utee_storage_free_enum
                0x0000000000015b7c        0xc /media/home/beste/01_Pro/ld25x/bsp_hu/MYD-LD25X-Uboot-L2022.10-V1.0.0/GEN_FIP/myir-st-optee/../build/myb-stm32mp257x-2GB/export-ta_arm64/lib/libutee.a(utee_syscalls_a64.o)
                0x0000000000015b7c                _utee_storage_free_enum
 .text._utee_storage_reset_enum
                0x0000000000015b88        0xc /media/home/beste/01_Pro/ld25x/bsp_hu/MYD-LD25X-Uboot-L2022.10-V1.0.0/GEN_FIP/myir-st-optee/../build/myb-stm32mp257x-2GB/export-ta_arm64/lib/libutee.a(utee_syscalls_a64.o)
                0x0000000000015b88                _utee_storage_reset_enum
 .text._utee_storage_start_enum
                0x0000000000015b94        0xc /media/home/beste/01_Pro/ld25x/bsp_hu/MYD-LD25X-Uboot-L2022.10-V1.0.0/GEN_FIP/myir-st-optee/../build/myb-stm32mp257x-2GB/export-ta_arm64/lib/libutee.a(utee_syscalls_a64.o)
                0x0000000000015b94                _utee_storage_start_enum
 .text._utee_storage_next_enum
                0x0000000000015ba0        0xc /media/home/beste/01_Pro/ld25x/bsp_hu/MYD-LD25X-Uboot-L2022.10-V1.0.0/GEN_FIP/myir-st-optee/../build/myb-stm32mp257x-2GB/export-ta_arm64/lib/libutee.a(utee_syscalls_a64.o)
                0x0000000000015ba0                _utee_storage_next_enum
 .text._utee_storage_obj_read
                0x0000000000015bac        0xc /media/home/beste/01_Pro/ld25x/bsp_hu/MYD-LD25X-Uboot-L2022.10-V1.0.0/GEN_FIP/myir-st-optee/../build/myb-stm32mp257x-2GB/export-ta_arm64/lib/libutee.a(utee_syscalls_a64.o)
                0x0000000000015bac                _utee_storage_obj_read
 .text._utee_storage_obj_write
                0x0000000000015bb8        0xc /media/home/beste/01_Pro/ld25x/bsp_hu/MYD-LD25X-Uboot-L2022.10-V1.0.0/GEN_FIP/myir-st-optee/../build/myb-stm32mp257x-2GB/export-ta_arm64/lib/libutee.a(utee_syscalls_a64.o)
                0x0000000000015bb8                _utee_storage_obj_write
 .text._utee_storage_obj_trunc
                0x0000000000015bc4        0xc /media/home/beste/01_Pro/ld25x/bsp_hu/MYD-LD25X-Uboot-L2022.10-V1.0.0/GEN_FIP/myir-st-optee/../build/myb-stm32mp257x-2GB/export-ta_arm64/lib/libutee.a(utee_syscalls_a64.o)
                0x0000000000015bc4                _utee_storage_obj_trunc
 .text._utee_storage_obj_seek
                0x0000000000015bd0        0xc /media/home/beste/01_Pro/ld25x/bsp_hu/MYD-LD25X-Uboot-L2022.10-V1.0.0/GEN_FIP/myir-st-optee/../build/myb-stm32mp257x-2GB/export-ta_arm64/lib/libutee.a(utee_syscalls_a64.o)
                0x0000000000015bd0                _utee_storage_obj_seek
 .text._utee_cryp_obj_generate_key
                0x0000000000015bdc        0xc /media/home/beste/01_Pro/ld25x/bsp_hu/MYD-LD25X-Uboot-L2022.10-V1.0.0/GEN_FIP/myir-st-optee/../build/myb-stm32mp257x-2GB/export-ta_arm64/lib/libutee.a(utee_syscalls_a64.o)
                0x0000000000015bdc                _utee_cryp_obj_generate_key
 .text._utee_cache_operation
                0x0000000000015be8        0xc /media/home/beste/01_Pro/ld25x/bsp_hu/MYD-LD25X-Uboot-L2022.10-V1.0.0/GEN_FIP/myir-st-optee/../build/myb-stm32mp257x-2GB/export-ta_arm64/lib/libutee.a(utee_syscalls_a64.o)
                0x0000000000015be8                _utee_cache_operation
 .text          0x0000000000015bf4      0x688 /media/home/beste/01_Pro/ld25x/bsp_hu/MYD-LD25X-Uboot-L2022.10-V1.0.0/GEN_FIP/myir-st-optee/../build/myb-stm32mp257x-2GB/export-ta_arm64/lib/libutee.a(user_ta_entry.o)
                0x0000000000015e8c                __utee_call_elf_init_fn
                0x0000000000015fac                __utee_call_elf_fini_fn
                0x0000000000016050                __utee_entry
 .text.unlikely
                0x000000000001627c       0x20 /media/home/beste/01_Pro/ld25x/bsp_hu/MYD-LD25X-Uboot-L2022.10-V1.0.0/GEN_FIP/myir-st-optee/../build/myb-stm32mp257x-2GB/export-ta_arm64/lib/libutee.a(abort.o)
                0x000000000001627c                abort
 .text          0x000000000001629c      0x264 /media/home/beste/01_Pro/ld25x/bsp_hu/MYD-LD25X-Uboot-L2022.10-V1.0.0/GEN_FIP/myir-st-optee/../build/myb-stm32mp257x-2GB/export-ta_arm64/lib/libutee.a(base64.o)
                0x000000000001629c                _base64_enc_len
                0x00000000000162b4                _base64_enc
                0x00000000000163c8                _base64_dec
 .text          0x0000000000016500     0x1964 /media/home/beste/01_Pro/ld25x/bsp_hu/MYD-LD25X-Uboot-L2022.10-V1.0.0/GEN_FIP/myir-st-optee/../build/myb-stm32mp257x-2GB/export-ta_arm64/lib/libutee.a(tee_api_arith_mpi.o)
                0x0000000000016d08                _TEE_MathAPI_Init
                0x0000000000016d58                TEE_BigIntInit
                0x0000000000016dbc                TEE_BigIntConvertFromOctetString
                0x0000000000016e50                TEE_BigIntConvertToOctetString
                0x0000000000016ee4                TEE_BigIntConvertFromS32
                0x0000000000016f68                TEE_BigIntConvertToS32
                0x0000000000016ff0                TEE_BigIntCmp
                0x0000000000017058                TEE_BigIntCmpS32
                0x0000000000017244                TEE_BigIntShiftRight
                0x00000000000173b0                TEE_BigIntGetBit
                0x00000000000173fc                TEE_BigIntGetBitCount
                0x000000000001743c                TEE_BigIntAdd
                0x0000000000017448                TEE_BigIntSub
                0x0000000000017454                TEE_BigIntNeg
                0x0000000000017504                TEE_BigIntMul
                0x00000000000175ec                TEE_BigIntSquare
                0x00000000000175f4                TEE_BigIntDiv
                0x0000000000017780                TEE_BigIntMod
                0x00000000000177ec                TEE_BigIntAddMod
                0x00000000000177f8                TEE_BigIntSubMod
                0x0000000000017804                TEE_BigIntMulMod
                0x0000000000017810                TEE_BigIntSquareMod
                0x000000000001781c                TEE_BigIntInvMod
                0x0000000000017938                TEE_BigIntRelativePrime
                0x0000000000017a0c                TEE_BigIntComputeExtendedGcd
                0x0000000000017c40                TEE_BigIntIsProbablePrime
                0x0000000000017c90                TEE_BigIntInitFMM
                0x0000000000017c94                TEE_BigIntInitFMMContext
                0x0000000000017c98                TEE_BigIntFMMSizeInU32
                0x0000000000017ca8                TEE_BigIntFMMContextSizeInU32
                0x0000000000017cb0                TEE_BigIntConvertToFMM
                0x0000000000017cb4                TEE_BigIntConvertFromFMM
                0x0000000000017d50                TEE_BigIntComputeFMM
 .text          0x0000000000017e64      0x34c /media/home/beste/01_Pro/ld25x/bsp_hu/MYD-LD25X-Uboot-L2022.10-V1.0.0/GEN_FIP/myir-st-optee/../build/myb-stm32mp257x-2GB/export-ta_arm64/lib/libutee.a(tcb.o)
                0x0000000000017e64                __utee_tcb_init
                0x00000000000180a4                __tls_get_addr
                0x00000000000180c0                dl_iterate_phdr
 .text          0x00000000000181b0     0x3d2c /media/home/beste/01_Pro/ld25x/bsp_hu/MYD-LD25X-Uboot-L2022.10-V1.0.0/GEN_FIP/myir-st-optee/../build/myb-stm32mp257x-2GB/export-ta_arm64/lib/libmbedtls.a(bignum.o)
                0x0000000000018908                mbedtls_mpi_init
                0x0000000000018918                mbedtls_mpi_init_mempool
                0x0000000000018940                mbedtls_mpi_free
                0x00000000000189ac                mbedtls_mpi_grow
                0x0000000000018b04                mbedtls_mpi_shrink
                0x0000000000018c1c                mbedtls_mpi_copy
                0x0000000000018ce8                mbedtls_mpi_swap
                0x0000000000018d48                mbedtls_mpi_lset
                0x0000000000018db4                mbedtls_mpi_get_bit
                0x0000000000018de0                mbedtls_mpi_set_bit
                0x0000000000018e6c                mbedtls_mpi_lsb
                0x0000000000018ecc                mbedtls_mpi_bitlen
                0x0000000000018f2c                mbedtls_mpi_size
                0x0000000000018f48                mbedtls_mpi_read_binary_le
                0x0000000000018fc0                mbedtls_mpi_read_binary
                0x0000000000019044                mbedtls_mpi_write_binary_le
                0x00000000000190fc                mbedtls_mpi_write_binary
                0x00000000000191c0                mbedtls_mpi_shift_l
                0x00000000000192d0                mbedtls_mpi_shift_r
                0x0000000000019390                mbedtls_mpi_cmp_abs
                0x000000000001942c                mbedtls_mpi_cmp_mpi
                0x00000000000194fc                mbedtls_mpi_cmp_int
                0x0000000000019540                mbedtls_mpi_add_abs
                0x0000000000019660                mbedtls_mpi_sub_abs
                0x00000000000197bc                mbedtls_mpi_add_mpi
                0x000000000001984c                mbedtls_mpi_sub_mpi
                0x00000000000198e0                mbedtls_mpi_add_int
                0x0000000000019924                mbedtls_mpi_sub_int
                0x0000000000019968                mbedtls_mpi_mul_mpi
                0x0000000000019adc                mbedtls_mpi_mul_int
                0x0000000000019b84                mbedtls_mpi_read_string
                0x0000000000019d5c                mbedtls_mpi_div_mpi
                0x000000000001a20c                mbedtls_mpi_div_int
                0x000000000001a250                mbedtls_mpi_mod_mpi
                0x000000000001a304                mbedtls_mpi_mod_int
                0x000000000001a39c                mbedtls_mpi_write_string
                0x000000000001a66c                mbedtls_mpi_montg_init
                0x000000000001a674                mbedtls_mpi_montmul
                0x000000000001a678                mbedtls_mpi_montred
                0x000000000001a67c                mbedtls_mpi_exp_mod
                0x000000000001acd8                mbedtls_mpi_gcd
                0x000000000001ae7c                mbedtls_mpi_fill_random
                0x000000000001b154                mbedtls_mpi_random
                0x000000000001b2d0                mbedtls_mpi_inv_mod
                0x000000000001b6f4                mbedtls_mpi_is_prime_ext
                0x000000000001b7a0                mbedtls_mpi_is_prime
                0x000000000001b7b0                mbedtls_mpi_gen_prime
                0x000000000001bac0                mbedtls_mpi_self_test
 .text          0x000000000001bedc      0x7b8 /media/home/beste/01_Pro/ld25x/bsp_hu/MYD-LD25X-Uboot-L2022.10-V1.0.0/GEN_FIP/myir-st-optee/../build/myb-stm32mp257x-2GB/export-ta_arm64/lib/libmbedtls.a(constant_time.o)
                0x000000000001befc                mbedtls_ct_memcmp
                0x000000000001bf44                mbedtls_ct_uint_mask
                0x000000000001bf54                mbedtls_ct_mpi_uint_mask
                0x000000000001bf64                mbedtls_ct_size_bool_eq
                0x000000000001bf7c                mbedtls_ct_mpi_uint_lt
                0x000000000001bf98                mbedtls_ct_uint_if
                0x000000000001bfc8                mbedtls_ct_mpi_uint_cond_assign
                0x000000000001c004                mbedtls_ct_base64_enc_char
                0x000000000001c0b8                mbedtls_ct_base64_dec_value
                0x000000000001c174                mbedtls_mpi_safe_cond_assign
                0x000000000001c230                mbedtls_mpi_safe_cond_swap
                0x000000000001c32c                mbedtls_mpi_lt_mpi_ct
                0x000000000001c428                mbedtls_ct_rsaes_pkcs1_v15_unpadding
 .text          0x000000000001c694       0x20 /media/home/beste/01_Pro/ld25x/bsp_hu/MYD-LD25X-Uboot-L2022.10-V1.0.0/GEN_FIP/myir-st-optee/../build/myb-stm32mp257x-2GB/export-ta_arm64/lib/libmbedtls.a(platform_util.o)
                0x000000000001c694                mbedtls_platform_zeroize
 .text          0x000000000001c6b4     0x12dc /media/home/beste/01_Pro/ld25x/bsp_hu/MYD-LD25X-Uboot-L2022.10-V1.0.0/GEN_FIP/myir-st-optee/../build/myb-stm32mp257x-2GB/export-ta_arm64/lib/libutils.a(bget_malloc.o)
                0x000000000001c710                bget
                0x000000000001ca08                bgetz
                0x000000000001ca90                brel
                0x000000000001cd48                bgetr
                0x000000000001ce24                bpool
                0x000000000001cef4                bstats
                0x000000000001cfe0                bget_main_test
                0x000000000001d2b4                malloc_reset_stats
                0x000000000001d2cc                malloc_get_stats
                0x000000000001d308                raw_memalign
                0x000000000001d3bc                raw_malloc
                0x000000000001d3cc                raw_free
                0x000000000001d3dc                raw_calloc
                0x000000000001d490                raw_realloc
                0x000000000001d6b4                malloc
                0x000000000001d6d0                calloc
                0x000000000001d6f0                realloc
                0x000000000001d70c                memalign
                0x000000000001d72c                aligned_alloc
                0x000000000001d744                free
                0x000000000001d758                free_wipe
                0x000000000001d76c                raw_malloc_get_ctx_size
                0x000000000001d774                raw_malloc_init_ctx
                0x000000000001d7a0                raw_malloc_add_pool
                0x000000000001d7a4                raw_malloc_get_stats
                0x000000000001d7e0                malloc_add_pool
                0x000000000001d7f8                malloc_buffer_is_within_alloced
                0x000000000001d92c                malloc_buffer_overlaps_heap
 .text          0x000000000001d990       0x28 /media/home/beste/01_Pro/ld25x/bsp_hu/MYD-LD25X-Uboot-L2022.10-V1.0.0/GEN_FIP/myir-st-optee/../build/myb-stm32mp257x-2GB/export-ta_arm64/lib/libutils.a(isxdigit.o)
                0x000000000001d990                isxdigit
 .text          0x000000000001d9b8       0x14 /media/home/beste/01_Pro/ld25x/bsp_hu/MYD-LD25X-Uboot-L2022.10-V1.0.0/GEN_FIP/myir-st-optee/../build/myb-stm32mp257x-2GB/export-ta_arm64/lib/libutils.a(tolower.o)
                0x000000000001d9b8                tolower
 .text          0x000000000001d9cc       0x58 /media/home/beste/01_Pro/ld25x/bsp_hu/MYD-LD25X-Uboot-L2022.10-V1.0.0/GEN_FIP/myir-st-optee/../build/myb-stm32mp257x-2GB/export-ta_arm64/lib/libutils.a(memmove.o)
                0x000000000001d9cc                memmove
 .text          0x000000000001da24       0x38 /media/home/beste/01_Pro/ld25x/bsp_hu/MYD-LD25X-Uboot-L2022.10-V1.0.0/GEN_FIP/myir-st-optee/../build/myb-stm32mp257x-2GB/export-ta_arm64/lib/libutils.a(strlcpy.o)
                0x000000000001da24                strlcpy
 .text          0x000000000001da5c      0x18c /media/home/beste/01_Pro/ld25x/bsp_hu/MYD-LD25X-Uboot-L2022.10-V1.0.0/GEN_FIP/myir-st-optee/../build/myb-stm32mp257x-2GB/export-ta_arm64/lib/libutils.a(mempool.o)
                0x000000000001da5c                mempool_alloc_pool
                0x000000000001db24                mempool_alloc
                0x000000000001db88                mempool_calloc
                0x000000000001dbd4                mempool_free
 .text          0x000000000001dbe8        0x0 /media/home/beste/01_Pro/ld25x/bsp_hu/MYD-LD25X-Uboot-L2022.10-V1.0.0/GEN_FIP/myir-st-optee/../build/myb-stm32mp257x-2GB/export-ta_arm64/lib/libutee.a(utee_syscalls_a64.o)
 .text          0x000000000001dbe8        0x0 /media/home/beste/01_Pro/ld25x/bsp_hu/MYD-LD25X-Uboot-L2022.10-V1.0.0/GEN_FIP/myir-st-optee/../build/myb-stm32mp257x-2GB/export-ta_arm64/lib/libutee.a(abort.o)
 *(SORT_BY_ALIGNMENT(.stub))
 *(SORT_BY_ALIGNMENT(.glue_7))
 *(SORT_BY_ALIGNMENT(.glue_7t))
 *(SORT_BY_ALIGNMENT(.gnu.linkonce.t.*))
 *(SORT_BY_ALIGNMENT(.vfp11_veneer))
                0x000000000001dbe8                __text_end = .

.note.gnu.property
 *(SORT_BY_ALIGNMENT(.note.gnu.property))

.plt            0x000000000001dbe8        0x0
 *(SORT_BY_ALIGNMENT(.plt))
 .plt           0x000000000001dbe8        0x0 /media/home/beste/01_Pro/ld25x/bsp_hu/MYD-LD25X-Uboot-L2022.10-V1.0.0/GEN_FIP/myir-st-optee/../build/myb-stm32mp257x-2GB/ta/pkcs11/src/attributes.o

.eh_frame_hdr
 *(SORT_BY_ALIGNMENT(.eh_frame_hdr))
 *(SORT_BY_ALIGNMENT(.eh_frame_entry) SORT_BY_ALIGNMENT(.eh_frame_entry.*))

.eh_frame       0x000000000001dbe8     0x53f0
 *(SORT_BY_ALIGNMENT(.eh_frame))
 .eh_frame      0x000000000001dbe8      0x290 /media/home/beste/01_Pro/ld25x/bsp_hu/MYD-LD25X-Uboot-L2022.10-V1.0.0/GEN_FIP/myir-st-optee/../build/myb-stm32mp257x-2GB/ta/pkcs11/src/attributes.o
 .eh_frame      0x000000000001de78       0x98 /media/home/beste/01_Pro/ld25x/bsp_hu/MYD-LD25X-Uboot-L2022.10-V1.0.0/GEN_FIP/myir-st-optee/../build/myb-stm32mp257x-2GB/ta/pkcs11/src/entry.o
                                         0xb0 (size before relaxing)
 .eh_frame      0x000000000001df10       0xa8 /media/home/beste/01_Pro/ld25x/bsp_hu/MYD-LD25X-Uboot-L2022.10-V1.0.0/GEN_FIP/myir-st-optee/../build/myb-stm32mp257x-2GB/ta/pkcs11/src/handle.o
                                         0xb8 (size before relaxing)
 .eh_frame      0x000000000001dfb8      0x348 /media/home/beste/01_Pro/ld25x/bsp_hu/MYD-LD25X-Uboot-L2022.10-V1.0.0/GEN_FIP/myir-st-optee/../build/myb-stm32mp257x-2GB/ta/pkcs11/src/object.o
                                        0x360 (size before relaxing)
 .eh_frame      0x000000000001e300      0x328 /media/home/beste/01_Pro/ld25x/bsp_hu/MYD-LD25X-Uboot-L2022.10-V1.0.0/GEN_FIP/myir-st-optee/../build/myb-stm32mp257x-2GB/ta/pkcs11/src/persistent_token.o
                                        0x340 (size before relaxing)
 .eh_frame      0x000000000001e628      0x470 /media/home/beste/01_Pro/ld25x/bsp_hu/MYD-LD25X-Uboot-L2022.10-V1.0.0/GEN_FIP/myir-st-optee/../build/myb-stm32mp257x-2GB/ta/pkcs11/src/pkcs11_attributes.o
                                        0x488 (size before relaxing)
 .eh_frame      0x000000000001ea98      0x2a8 /media/home/beste/01_Pro/ld25x/bsp_hu/MYD-LD25X-Uboot-L2022.10-V1.0.0/GEN_FIP/myir-st-optee/../build/myb-stm32mp257x-2GB/ta/pkcs11/src/pkcs11_helpers.o
                                        0x2c0 (size before relaxing)
 .eh_frame      0x000000000001ed40      0x528 /media/home/beste/01_Pro/ld25x/bsp_hu/MYD-LD25X-Uboot-L2022.10-V1.0.0/GEN_FIP/myir-st-optee/../build/myb-stm32mp257x-2GB/ta/pkcs11/src/pkcs11_token.o
                                        0x540 (size before relaxing)
 .eh_frame      0x000000000001f268      0x238 /media/home/beste/01_Pro/ld25x/bsp_hu/MYD-LD25X-Uboot-L2022.10-V1.0.0/GEN_FIP/myir-st-optee/../build/myb-stm32mp257x-2GB/ta/pkcs11/src/processing.o
                                        0x250 (size before relaxing)
 .eh_frame      0x000000000001f4a0       0x30 /media/home/beste/01_Pro/ld25x/bsp_hu/MYD-LD25X-Uboot-L2022.10-V1.0.0/GEN_FIP/myir-st-optee/../build/myb-stm32mp257x-2GB/ta/pkcs11/src/processing_aes.o
                                         0x40 (size before relaxing)
 .eh_frame      0x000000000001f4d0      0x160 /media/home/beste/01_Pro/ld25x/bsp_hu/MYD-LD25X-Uboot-L2022.10-V1.0.0/GEN_FIP/myir-st-optee/../build/myb-stm32mp257x-2GB/ta/pkcs11/src/processing_asymm.o
                                        0x178 (size before relaxing)
 .eh_frame      0x000000000001f630       0x88 /media/home/beste/01_Pro/ld25x/bsp_hu/MYD-LD25X-Uboot-L2022.10-V1.0.0/GEN_FIP/myir-st-optee/../build/myb-stm32mp257x-2GB/ta/pkcs11/src/processing_digest.o
                                         0x98 (size before relaxing)
 .eh_frame      0x000000000001f6b8      0x260 /media/home/beste/01_Pro/ld25x/bsp_hu/MYD-LD25X-Uboot-L2022.10-V1.0.0/GEN_FIP/myir-st-optee/../build/myb-stm32mp257x-2GB/ta/pkcs11/src/processing_ec.o
                                        0x270 (size before relaxing)
 .eh_frame      0x000000000001f918      0x188 /media/home/beste/01_Pro/ld25x/bsp_hu/MYD-LD25X-Uboot-L2022.10-V1.0.0/GEN_FIP/myir-st-optee/../build/myb-stm32mp257x-2GB/ta/pkcs11/src/processing_rsa.o
                                        0x198 (size before relaxing)
 .eh_frame      0x000000000001faa0      0x1b0 /media/home/beste/01_Pro/ld25x/bsp_hu/MYD-LD25X-Uboot-L2022.10-V1.0.0/GEN_FIP/myir-st-optee/../build/myb-stm32mp257x-2GB/ta/pkcs11/src/processing_symm.o
                                        0x1c0 (size before relaxing)
 .eh_frame      0x000000000001fc50      0x130 /media/home/beste/01_Pro/ld25x/bsp_hu/MYD-LD25X-Uboot-L2022.10-V1.0.0/GEN_FIP/myir-st-optee/../build/myb-stm32mp257x-2GB/ta/pkcs11/src/sanitize_object.o
                                        0x148 (size before relaxing)
 .eh_frame      0x000000000001fd80      0x178 /media/home/beste/01_Pro/ld25x/bsp_hu/MYD-LD25X-Uboot-L2022.10-V1.0.0/GEN_FIP/myir-st-optee/../build/myb-stm32mp257x-2GB/ta/pkcs11/src/serializer.o
                                        0x188 (size before relaxing)
 .eh_frame      0x000000000001fef8      0x100 /media/home/beste/01_Pro/ld25x/bsp_hu/MYD-LD25X-Uboot-L2022.10-V1.0.0/GEN_FIP/myir-st-optee/../build/myb-stm32mp257x-2GB/ta/pkcs11/src/token_capabilities.o
                                        0x110 (size before relaxing)
 .eh_frame      0x000000000001fff8       0x30 /media/home/beste/01_Pro/ld25x/bsp_hu/MYD-LD25X-Uboot-L2022.10-V1.0.0/GEN_FIP/myir-st-optee/../build/myb-stm32mp257x-2GB/ta/pkcs11/user_ta_header.o
                                         0x40 (size before relaxing)
 .eh_frame      0x0000000000020028       0x48 /media/home/beste/01_Pro/ld25x/bsp_hu/MYD-LD25X-Uboot-L2022.10-V1.0.0/GEN_FIP/myir-st-optee/../build/myb-stm32mp257x-2GB/export-ta_arm64/lib/libutils.a(snprintf.o)
                                         0x60 (size before relaxing)
 .eh_frame      0x0000000000020070       0x18 /media/home/beste/01_Pro/ld25x/bsp_hu/MYD-LD25X-Uboot-L2022.10-V1.0.0/GEN_FIP/myir-st-optee/../build/myb-stm32mp257x-2GB/export-ta_arm64/lib/libutils.a(memcpy.o)
                                         0x28 (size before relaxing)
 .eh_frame      0x0000000000020088       0x18 /media/home/beste/01_Pro/ld25x/bsp_hu/MYD-LD25X-Uboot-L2022.10-V1.0.0/GEN_FIP/myir-st-optee/../build/myb-stm32mp257x-2GB/export-ta_arm64/lib/libutils.a(memset.o)
                                         0x28 (size before relaxing)
 .eh_frame      0x00000000000200a0       0x18 /media/home/beste/01_Pro/ld25x/bsp_hu/MYD-LD25X-Uboot-L2022.10-V1.0.0/GEN_FIP/myir-st-optee/../build/myb-stm32mp257x-2GB/export-ta_arm64/lib/libutils.a(strchr.o)
                                         0x28 (size before relaxing)
 .eh_frame      0x00000000000200b8       0x18 /media/home/beste/01_Pro/ld25x/bsp_hu/MYD-LD25X-Uboot-L2022.10-V1.0.0/GEN_FIP/myir-st-optee/../build/myb-stm32mp257x-2GB/export-ta_arm64/lib/libutils.a(strcmp.o)
                                         0x28 (size before relaxing)
 .eh_frame      0x00000000000200d0       0x18 /media/home/beste/01_Pro/ld25x/bsp_hu/MYD-LD25X-Uboot-L2022.10-V1.0.0/GEN_FIP/myir-st-optee/../build/myb-stm32mp257x-2GB/export-ta_arm64/lib/libutils.a(strcpy.o)
                                         0x28 (size before relaxing)
 .eh_frame      0x00000000000200e8       0x18 /media/home/beste/01_Pro/ld25x/bsp_hu/MYD-LD25X-Uboot-L2022.10-V1.0.0/GEN_FIP/myir-st-optee/../build/myb-stm32mp257x-2GB/export-ta_arm64/lib/libutils.a(strlen.o)
                                         0x28 (size before relaxing)
 .eh_frame      0x0000000000020100       0x18 /media/home/beste/01_Pro/ld25x/bsp_hu/MYD-LD25X-Uboot-L2022.10-V1.0.0/GEN_FIP/myir-st-optee/../build/myb-stm32mp257x-2GB/export-ta_arm64/lib/libutils.a(strnlen.o)
                                         0x28 (size before relaxing)
 .eh_frame      0x0000000000020118       0x18 /media/home/beste/01_Pro/ld25x/bsp_hu/MYD-LD25X-Uboot-L2022.10-V1.0.0/GEN_FIP/myir-st-optee/../build/myb-stm32mp257x-2GB/export-ta_arm64/lib/libutils.a(strstr.o)
                                         0x28 (size before relaxing)
 .eh_frame      0x0000000000020130       0xe8 /media/home/beste/01_Pro/ld25x/bsp_hu/MYD-LD25X-Uboot-L2022.10-V1.0.0/GEN_FIP/myir-st-optee/../build/myb-stm32mp257x-2GB/export-ta_arm64/lib/libutils.a(snprintk.o)
                                        0x100 (size before relaxing)
 .eh_frame      0x0000000000020218       0xa0 /media/home/beste/01_Pro/ld25x/bsp_hu/MYD-LD25X-Uboot-L2022.10-V1.0.0/GEN_FIP/myir-st-optee/../build/myb-stm32mp257x-2GB/export-ta_arm64/lib/libutils.a(trace.o)
                                         0xb8 (size before relaxing)
 .eh_frame      0x00000000000202b8       0x20 /media/home/beste/01_Pro/ld25x/bsp_hu/MYD-LD25X-Uboot-L2022.10-V1.0.0/GEN_FIP/myir-st-optee/../build/myb-stm32mp257x-2GB/export-ta_arm64/lib/libutils.a(consttime_memcmp.o)
                                         0x30 (size before relaxing)
 .eh_frame      0x00000000000202d8       0x18 /media/home/beste/01_Pro/ld25x/bsp_hu/MYD-LD25X-Uboot-L2022.10-V1.0.0/GEN_FIP/myir-st-optee/../build/myb-stm32mp257x-2GB/export-ta_arm64/lib/libutils.a(memchr.o)
                                         0x28 (size before relaxing)
 .eh_frame      0x00000000000202f0       0x38 /media/home/beste/01_Pro/ld25x/bsp_hu/MYD-LD25X-Uboot-L2022.10-V1.0.0/GEN_FIP/myir-st-optee/../build/myb-stm32mp257x-2GB/export-ta_arm64/lib/libutee.a(assert.o)
                                         0x50 (size before relaxing)
 .eh_frame      0x0000000000020328       0x70 /media/home/beste/01_Pro/ld25x/bsp_hu/MYD-LD25X-Uboot-L2022.10-V1.0.0/GEN_FIP/myir-st-optee/../build/myb-stm32mp257x-2GB/export-ta_arm64/lib/libutee.a(tee_uuid_from_str.o)
                                         0x88 (size before relaxing)
 .eh_frame      0x0000000000020398       0xb0 /media/home/beste/01_Pro/ld25x/bsp_hu/MYD-LD25X-Uboot-L2022.10-V1.0.0/GEN_FIP/myir-st-optee/../build/myb-stm32mp257x-2GB/export-ta_arm64/lib/libutee.a(trace_ext.o)
                                         0xc0 (size before relaxing)
 .eh_frame      0x0000000000020448      0x340 /media/home/beste/01_Pro/ld25x/bsp_hu/MYD-LD25X-Uboot-L2022.10-V1.0.0/GEN_FIP/myir-st-optee/../build/myb-stm32mp257x-2GB/export-ta_arm64/lib/libutee.a(tee_api.o)
                                        0x358 (size before relaxing)
 .eh_frame      0x0000000000020788      0x508 /media/home/beste/01_Pro/ld25x/bsp_hu/MYD-LD25X-Uboot-L2022.10-V1.0.0/GEN_FIP/myir-st-optee/../build/myb-stm32mp257x-2GB/export-ta_arm64/lib/libutee.a(tee_api_objects.o)
                                        0x520 (size before relaxing)
 .eh_frame      0x0000000000020c90      0x628 /media/home/beste/01_Pro/ld25x/bsp_hu/MYD-LD25X-Uboot-L2022.10-V1.0.0/GEN_FIP/myir-st-optee/../build/myb-stm32mp257x-2GB/export-ta_arm64/lib/libutee.a(tee_api_operations.o)
                                        0x638 (size before relaxing)
 .eh_frame      0x00000000000212b8      0x128 /media/home/beste/01_Pro/ld25x/bsp_hu/MYD-LD25X-Uboot-L2022.10-V1.0.0/GEN_FIP/myir-st-optee/../build/myb-stm32mp257x-2GB/export-ta_arm64/lib/libutee.a(tee_api_panic.o)
                                        0x138 (size before relaxing)
 .eh_frame      0x00000000000213e0      0x270 /media/home/beste/01_Pro/ld25x/bsp_hu/MYD-LD25X-Uboot-L2022.10-V1.0.0/GEN_FIP/myir-st-optee/../build/myb-stm32mp257x-2GB/export-ta_arm64/lib/libutee.a(tee_api_property.o)
                                        0x288 (size before relaxing)
 .eh_frame      0x0000000000021650       0xb0 /media/home/beste/01_Pro/ld25x/bsp_hu/MYD-LD25X-Uboot-L2022.10-V1.0.0/GEN_FIP/myir-st-optee/../build/myb-stm32mp257x-2GB/export-ta_arm64/lib/libutee.a(tee_system_pta.o)
                                         0xc8 (size before relaxing)
 .eh_frame      0x0000000000021700      0x150 /media/home/beste/01_Pro/ld25x/bsp_hu/MYD-LD25X-Uboot-L2022.10-V1.0.0/GEN_FIP/myir-st-optee/../build/myb-stm32mp257x-2GB/export-ta_arm64/lib/libutee.a(user_ta_entry.o)
                                        0x168 (size before relaxing)
 .eh_frame      0x0000000000021850       0x18 /media/home/beste/01_Pro/ld25x/bsp_hu/MYD-LD25X-Uboot-L2022.10-V1.0.0/GEN_FIP/myir-st-optee/../build/myb-stm32mp257x-2GB/export-ta_arm64/lib/libutee.a(abort.o)
                                         0x30 (size before relaxing)
 .eh_frame      0x0000000000021868       0x58 /media/home/beste/01_Pro/ld25x/bsp_hu/MYD-LD25X-Uboot-L2022.10-V1.0.0/GEN_FIP/myir-st-optee/../build/myb-stm32mp257x-2GB/export-ta_arm64/lib/libutee.a(base64.o)
                                         0x70 (size before relaxing)
 .eh_frame      0x00000000000218c0      0x620 /media/home/beste/01_Pro/ld25x/bsp_hu/MYD-LD25X-Uboot-L2022.10-V1.0.0/GEN_FIP/myir-st-optee/../build/myb-stm32mp257x-2GB/export-ta_arm64/lib/libutee.a(tee_api_arith_mpi.o)
                                        0x638 (size before relaxing)
 .eh_frame      0x0000000000021ee0       0x90 /media/home/beste/01_Pro/ld25x/bsp_hu/MYD-LD25X-Uboot-L2022.10-V1.0.0/GEN_FIP/myir-st-optee/../build/myb-stm32mp257x-2GB/export-ta_arm64/lib/libutee.a(tcb.o)
                                         0xa0 (size before relaxing)
 .eh_frame      0x0000000000021f70      0x990 /media/home/beste/01_Pro/ld25x/bsp_hu/MYD-LD25X-Uboot-L2022.10-V1.0.0/GEN_FIP/myir-st-optee/../build/myb-stm32mp257x-2GB/export-ta_arm64/lib/libmbedtls.a(bignum.o)
                                        0x9a8 (size before relaxing)
 .eh_frame      0x0000000000022900      0x1e0 /media/home/beste/01_Pro/ld25x/bsp_hu/MYD-LD25X-Uboot-L2022.10-V1.0.0/GEN_FIP/myir-st-optee/../build/myb-stm32mp257x-2GB/export-ta_arm64/lib/libmbedtls.a(constant_time.o)
                                        0x1f8 (size before relaxing)
 .eh_frame      0x0000000000022ae0       0x18 /media/home/beste/01_Pro/ld25x/bsp_hu/MYD-LD25X-Uboot-L2022.10-V1.0.0/GEN_FIP/myir-st-optee/../build/myb-stm32mp257x-2GB/export-ta_arm64/lib/libmbedtls.a(platform_util.o)
                                         0x28 (size before relaxing)
 .eh_frame      0x0000000000022af8      0x3f8 /media/home/beste/01_Pro/ld25x/bsp_hu/MYD-LD25X-Uboot-L2022.10-V1.0.0/GEN_FIP/myir-st-optee/../build/myb-stm32mp257x-2GB/export-ta_arm64/lib/libutils.a(bget_malloc.o)
                                        0x408 (size before relaxing)
 .eh_frame      0x0000000000022ef0       0x18 /media/home/beste/01_Pro/ld25x/bsp_hu/MYD-LD25X-Uboot-L2022.10-V1.0.0/GEN_FIP/myir-st-optee/../build/myb-stm32mp257x-2GB/export-ta_arm64/lib/libutils.a(isxdigit.o)
                                         0x28 (size before relaxing)
 .eh_frame      0x0000000000022f08       0x18 /media/home/beste/01_Pro/ld25x/bsp_hu/MYD-LD25X-Uboot-L2022.10-V1.0.0/GEN_FIP/myir-st-optee/../build/myb-stm32mp257x-2GB/export-ta_arm64/lib/libutils.a(tolower.o)
                                         0x28 (size before relaxing)
 .eh_frame      0x0000000000022f20       0x18 /media/home/beste/01_Pro/ld25x/bsp_hu/MYD-LD25X-Uboot-L2022.10-V1.0.0/GEN_FIP/myir-st-optee/../build/myb-stm32mp257x-2GB/export-ta_arm64/lib/libutils.a(memmove.o)
                                         0x28 (size before relaxing)
 .eh_frame      0x0000000000022f38       0x18 /media/home/beste/01_Pro/ld25x/bsp_hu/MYD-LD25X-Uboot-L2022.10-V1.0.0/GEN_FIP/myir-st-optee/../build/myb-stm32mp257x-2GB/export-ta_arm64/lib/libutils.a(strlcpy.o)
                                         0x28 (size before relaxing)
 .eh_frame      0x0000000000022f50       0x88 /media/home/beste/01_Pro/ld25x/bsp_hu/MYD-LD25X-Uboot-L2022.10-V1.0.0/GEN_FIP/myir-st-optee/../build/myb-stm32mp257x-2GB/export-ta_arm64/lib/libutils.a(mempool.o)
                                         0xa0 (size before relaxing)
 *(SORT_BY_ALIGNMENT(.eh_frame.*))

.gcc_except_table
 *(SORT_BY_ALIGNMENT(.gcc_except_table) SORT_BY_ALIGNMENT(.gcc_except_table.*))

.rodata         0x0000000000022fd8     0x5c32
 *(SORT_BY_ALIGNMENT(.gnu.linkonce.r.*))
 *(SORT_BY_ALIGNMENT(.rodata) SORT_BY_ALIGNMENT(.rodata.*))
 .rodata./media/home/beste/01_Pro/ld25x/bsp_hu/MYD-LD25X-Uboot-L2022.10-V1.0.0/GEN_FIP/myir-st-optee/../build/myb-stm32mp257x-2GB/export-ta_arm64/src/user_ta_header.c
                0x0000000000022fd8       0x23 /media/home/beste/01_Pro/ld25x/bsp_hu/MYD-LD25X-Uboot-L2022.10-V1.0.0/GEN_FIP/myir-st-optee/../build/myb-stm32mp257x-2GB/ta/pkcs11/user_ta_header.o
                0x0000000000022fd8                ta_num_props
                0x0000000000022ff0                ta_heap_size
                0x0000000000022ff8                trace_ext_prefix
 *fill*         0x0000000000022ffb        0x1 
 .rodata.ta/pkcs11/src/entry.c
                0x0000000000022ffc       0x85 /media/home/beste/01_Pro/ld25x/bsp_hu/MYD-LD25X-Uboot-L2022.10-V1.0.0/GEN_FIP/myir-st-optee/../build/myb-stm32mp257x-2GB/ta/pkcs11/src/entry.o
 *fill*         0x0000000000023081        0x3 
 .rodata.ta/pkcs11/src/pkcs11_attributes.c
                0x0000000000023084      0x36c /media/home/beste/01_Pro/ld25x/bsp_hu/MYD-LD25X-Uboot-L2022.10-V1.0.0/GEN_FIP/myir-st-optee/../build/myb-stm32mp257x-2GB/ta/pkcs11/src/pkcs11_attributes.o
                0x00000000000233e4                raw_data_opt_or_null
 .rodata.ta/pkcs11/src/pkcs11_helpers.c
                0x00000000000233f0       0xaa /media/home/beste/01_Pro/ld25x/bsp_hu/MYD-LD25X-Uboot-L2022.10-V1.0.0/GEN_FIP/myir-st-optee/../build/myb-stm32mp257x-2GB/ta/pkcs11/src/pkcs11_helpers.o
 *fill*         0x000000000002349a        0x2 
 .rodata.ta/pkcs11/src/pkcs11_token.c
                0x000000000002349c      0x122 /media/home/beste/01_Pro/ld25x/bsp_hu/MYD-LD25X-Uboot-L2022.10-V1.0.0/GEN_FIP/myir-st-optee/../build/myb-stm32mp257x-2GB/ta/pkcs11/src/pkcs11_token.o
 *fill*         0x00000000000235be        0x2 
 .rodata.ta/pkcs11/src/processing_asymm.c
                0x00000000000235c0      0x156 /media/home/beste/01_Pro/ld25x/bsp_hu/MYD-LD25X-Uboot-L2022.10-V1.0.0/GEN_FIP/myir-st-optee/../build/myb-stm32mp257x-2GB/ta/pkcs11/src/processing_asymm.o
 *fill*         0x0000000000023716        0x2 
 .rodata.ta/pkcs11/src/processing_digest.c
                0x0000000000023718       0x76 /media/home/beste/01_Pro/ld25x/bsp_hu/MYD-LD25X-Uboot-L2022.10-V1.0.0/GEN_FIP/myir-st-optee/../build/myb-stm32mp257x-2GB/ta/pkcs11/src/processing_digest.o
 *fill*         0x000000000002378e        0x2 
 .rodata.ta/pkcs11/src/processing_symm.c
                0x0000000000023790      0x22a /media/home/beste/01_Pro/ld25x/bsp_hu/MYD-LD25X-Uboot-L2022.10-V1.0.0/GEN_FIP/myir-st-optee/../build/myb-stm32mp257x-2GB/ta/pkcs11/src/processing_symm.o
 *fill*         0x00000000000239ba        0x2 
 .rodata.lib/libutils/ext/snprintk.c
                0x00000000000239bc       0xc4 /media/home/beste/01_Pro/ld25x/bsp_hu/MYD-LD25X-Uboot-L2022.10-V1.0.0/GEN_FIP/myir-st-optee/../build/myb-stm32mp257x-2GB/export-ta_arm64/lib/libutils.a(snprintk.o)
 .rodata.lib/libutee/tee_api_property.c
                0x0000000000023a80       0x10 /media/home/beste/01_Pro/ld25x/bsp_hu/MYD-LD25X-Uboot-L2022.10-V1.0.0/GEN_FIP/myir-st-optee/../build/myb-stm32mp257x-2GB/export-ta_arm64/lib/libutee.a(tee_api_property.o)
 .rodata.lib/libutee/tee_system_pta.c
                0x0000000000023a90       0x31 /media/home/beste/01_Pro/ld25x/bsp_hu/MYD-LD25X-Uboot-L2022.10-V1.0.0/GEN_FIP/myir-st-optee/../build/myb-stm32mp257x-2GB/export-ta_arm64/lib/libutee.a(tee_system_pta.o)
 *fill*         0x0000000000023ac1        0x3 
 .rodata.lib/libmbedtls/mbedtls/library/bignum.c
                0x0000000000023ac4      0x2c4 /media/home/beste/01_Pro/ld25x/bsp_hu/MYD-LD25X-Uboot-L2022.10-V1.0.0/GEN_FIP/myir-st-optee/../build/myb-stm32mp257x-2GB/export-ta_arm64/lib/libmbedtls.a(bignum.o)
 .rodata.str1.1.ta/pkcs11/src/attributes.c
                0x0000000000023d88       0x74 /media/home/beste/01_Pro/ld25x/bsp_hu/MYD-LD25X-Uboot-L2022.10-V1.0.0/GEN_FIP/myir-st-optee/../build/myb-stm32mp257x-2GB/ta/pkcs11/src/attributes.o
 .rodata.ta/pkcs11/src/attributes.c
                0x0000000000023dfc       0x2d /media/home/beste/01_Pro/ld25x/bsp_hu/MYD-LD25X-Uboot-L2022.10-V1.0.0/GEN_FIP/myir-st-optee/../build/myb-stm32mp257x-2GB/ta/pkcs11/src/attributes.o
 .rodata.str1.1.ta/pkcs11/src/entry.c
                0x0000000000023e29       0x1d /media/home/beste/01_Pro/ld25x/bsp_hu/MYD-LD25X-Uboot-L2022.10-V1.0.0/GEN_FIP/myir-st-optee/../build/myb-stm32mp257x-2GB/ta/pkcs11/src/entry.o
 .rodata.str1.1.ta/pkcs11/src/object.c
                0x0000000000023e46       0x6e /media/home/beste/01_Pro/ld25x/bsp_hu/MYD-LD25X-Uboot-L2022.10-V1.0.0/GEN_FIP/myir-st-optee/../build/myb-stm32mp257x-2GB/ta/pkcs11/src/object.o
                                         0x78 (size before relaxing)
 .rodata.ta/pkcs11/src/object.c
                0x0000000000023eb4       0x27 /media/home/beste/01_Pro/ld25x/bsp_hu/MYD-LD25X-Uboot-L2022.10-V1.0.0/GEN_FIP/myir-st-optee/../build/myb-stm32mp257x-2GB/ta/pkcs11/src/object.o
 .rodata.str1.1.ta/pkcs11/src/persistent_token.c
                0x0000000000023edb      0x259 /media/home/beste/01_Pro/ld25x/bsp_hu/MYD-LD25X-Uboot-L2022.10-V1.0.0/GEN_FIP/myir-st-optee/../build/myb-stm32mp257x-2GB/ta/pkcs11/src/persistent_token.o
 .rodata.ta/pkcs11/src/persistent_token.c
                0x0000000000024134       0xea /media/home/beste/01_Pro/ld25x/bsp_hu/MYD-LD25X-Uboot-L2022.10-V1.0.0/GEN_FIP/myir-st-optee/../build/myb-stm32mp257x-2GB/ta/pkcs11/src/persistent_token.o
 .rodata.str1.1.ta/pkcs11/src/pkcs11_attributes.c
                0x000000000002421e      0x58e /media/home/beste/01_Pro/ld25x/bsp_hu/MYD-LD25X-Uboot-L2022.10-V1.0.0/GEN_FIP/myir-st-optee/../build/myb-stm32mp257x-2GB/ta/pkcs11/src/pkcs11_attributes.o
 .rodata.str1.1.ta/pkcs11/src/pkcs11_helpers.c
                0x00000000000247ac     0x1908 /media/home/beste/01_Pro/ld25x/bsp_hu/MYD-LD25X-Uboot-L2022.10-V1.0.0/GEN_FIP/myir-st-optee/../build/myb-stm32mp257x-2GB/ta/pkcs11/src/pkcs11_helpers.o
                                       0x1a52 (size before relaxing)
 .rodata.str1.1.ta/pkcs11/src/pkcs11_token.c
                0x00000000000260b4      0x163 /media/home/beste/01_Pro/ld25x/bsp_hu/MYD-LD25X-Uboot-L2022.10-V1.0.0/GEN_FIP/myir-st-optee/../build/myb-stm32mp257x-2GB/ta/pkcs11/src/pkcs11_token.o
 .rodata.str1.1.ta/pkcs11/src/processing.c
                0x0000000000026217       0x62 /media/home/beste/01_Pro/ld25x/bsp_hu/MYD-LD25X-Uboot-L2022.10-V1.0.0/GEN_FIP/myir-st-optee/../build/myb-stm32mp257x-2GB/ta/pkcs11/src/processing.o
                                         0x85 (size before relaxing)
 .rodata.ta/pkcs11/src/processing.c
                0x0000000000026279       0x61 /media/home/beste/01_Pro/ld25x/bsp_hu/MYD-LD25X-Uboot-L2022.10-V1.0.0/GEN_FIP/myir-st-optee/../build/myb-stm32mp257x-2GB/ta/pkcs11/src/processing.o
 .rodata.str1.1.ta/pkcs11/src/processing_asymm.c
                0x00000000000262da      0x1c7 /media/home/beste/01_Pro/ld25x/bsp_hu/MYD-LD25X-Uboot-L2022.10-V1.0.0/GEN_FIP/myir-st-optee/../build/myb-stm32mp257x-2GB/ta/pkcs11/src/processing_asymm.o
                                        0x1f6 (size before relaxing)
 .rodata.str1.1.ta/pkcs11/src/processing_digest.c
                0x00000000000264a1      0x11c /media/home/beste/01_Pro/ld25x/bsp_hu/MYD-LD25X-Uboot-L2022.10-V1.0.0/GEN_FIP/myir-st-optee/../build/myb-stm32mp257x-2GB/ta/pkcs11/src/processing_digest.o
 .rodata.str1.1.ta/pkcs11/src/processing_ec.c
                0x00000000000265bd      0x1b7 /media/home/beste/01_Pro/ld25x/bsp_hu/MYD-LD25X-Uboot-L2022.10-V1.0.0/GEN_FIP/myir-st-optee/../build/myb-stm32mp257x-2GB/ta/pkcs11/src/processing_ec.o
                                        0x1b9 (size before relaxing)
 .rodata.ta/pkcs11/src/processing_ec.c
                0x0000000000026774      0x69d /media/home/beste/01_Pro/ld25x/bsp_hu/MYD-LD25X-Uboot-L2022.10-V1.0.0/GEN_FIP/myir-st-optee/../build/myb-stm32mp257x-2GB/ta/pkcs11/src/processing_ec.o
 .rodata.str1.1.ta/pkcs11/src/processing_rsa.c
                0x0000000000026e11       0x89 /media/home/beste/01_Pro/ld25x/bsp_hu/MYD-LD25X-Uboot-L2022.10-V1.0.0/GEN_FIP/myir-st-optee/../build/myb-stm32mp257x-2GB/ta/pkcs11/src/processing_rsa.o
                                         0xa9 (size before relaxing)
 .rodata.ta/pkcs11/src/processing_rsa.c
                0x0000000000026e9a       0x5a /media/home/beste/01_Pro/ld25x/bsp_hu/MYD-LD25X-Uboot-L2022.10-V1.0.0/GEN_FIP/myir-st-optee/../build/myb-stm32mp257x-2GB/ta/pkcs11/src/processing_rsa.o
 .rodata.str1.1.ta/pkcs11/src/processing_symm.c
                0x0000000000026ef4      0x107 /media/home/beste/01_Pro/ld25x/bsp_hu/MYD-LD25X-Uboot-L2022.10-V1.0.0/GEN_FIP/myir-st-optee/../build/myb-stm32mp257x-2GB/ta/pkcs11/src/processing_symm.o
                                        0x160 (size before relaxing)
 .rodata.str1.1.ta/pkcs11/src/sanitize_object.c
                0x0000000000026ffb       0xfe /media/home/beste/01_Pro/ld25x/bsp_hu/MYD-LD25X-Uboot-L2022.10-V1.0.0/GEN_FIP/myir-st-optee/../build/myb-stm32mp257x-2GB/ta/pkcs11/src/sanitize_object.o
                                        0x110 (size before relaxing)
 .rodata.ta/pkcs11/src/sanitize_object.c
                0x00000000000270f9       0x78 /media/home/beste/01_Pro/ld25x/bsp_hu/MYD-LD25X-Uboot-L2022.10-V1.0.0/GEN_FIP/myir-st-optee/../build/myb-stm32mp257x-2GB/ta/pkcs11/src/sanitize_object.o
 .rodata.str1.1.ta/pkcs11/src/serializer.c
                0x0000000000027171       0x30 /media/home/beste/01_Pro/ld25x/bsp_hu/MYD-LD25X-Uboot-L2022.10-V1.0.0/GEN_FIP/myir-st-optee/../build/myb-stm32mp257x-2GB/ta/pkcs11/src/serializer.o
 .rodata.ta/pkcs11/src/serializer.c
                0x00000000000271a1       0x13 /media/home/beste/01_Pro/ld25x/bsp_hu/MYD-LD25X-Uboot-L2022.10-V1.0.0/GEN_FIP/myir-st-optee/../build/myb-stm32mp257x-2GB/ta/pkcs11/src/serializer.o
 .rodata.str1.1.ta/pkcs11/src/token_capabilities.c
                0x00000000000271b4      0xb62 /media/home/beste/01_Pro/ld25x/bsp_hu/MYD-LD25X-Uboot-L2022.10-V1.0.0/GEN_FIP/myir-st-optee/../build/myb-stm32mp257x-2GB/ta/pkcs11/src/token_capabilities.o
 .rodata.ta/pkcs11/src/token_capabilities.c
                0x0000000000027d16       0x54 /media/home/beste/01_Pro/ld25x/bsp_hu/MYD-LD25X-Uboot-L2022.10-V1.0.0/GEN_FIP/myir-st-optee/../build/myb-stm32mp257x-2GB/ta/pkcs11/src/token_capabilities.o
 .rodata.str1.1./media/home/beste/01_Pro/ld25x/bsp_hu/MYD-LD25X-Uboot-L2022.10-V1.0.0/GEN_FIP/myir-st-optee/../build/myb-stm32mp257x-2GB/export-ta_arm64/src/user_ta_header.c
                0x0000000000027d6a       0xa8 /media/home/beste/01_Pro/ld25x/bsp_hu/MYD-LD25X-Uboot-L2022.10-V1.0.0/GEN_FIP/myir-st-optee/../build/myb-stm32mp257x-2GB/ta/pkcs11/user_ta_header.o
 .rodata.str1.1.lib/libutils/ext/snprintk.c
                0x0000000000027e12       0x38 /media/home/beste/01_Pro/ld25x/bsp_hu/MYD-LD25X-Uboot-L2022.10-V1.0.0/GEN_FIP/myir-st-optee/../build/myb-stm32mp257x-2GB/export-ta_arm64/lib/libutils.a(snprintk.o)
 .rodata.str1.1.lib/libutils/ext/trace.c
                0x0000000000027e4a       0x1a /media/home/beste/01_Pro/ld25x/bsp_hu/MYD-LD25X-Uboot-L2022.10-V1.0.0/GEN_FIP/myir-st-optee/../build/myb-stm32mp257x-2GB/export-ta_arm64/lib/libutils.a(trace.o)
                                         0x1b (size before relaxing)
 .rodata.lib/libutils/ext/trace.c
                0x0000000000027e64        0x5 /media/home/beste/01_Pro/ld25x/bsp_hu/MYD-LD25X-Uboot-L2022.10-V1.0.0/GEN_FIP/myir-st-optee/../build/myb-stm32mp257x-2GB/export-ta_arm64/lib/libutils.a(trace.o)
 .rodata.str1.1.lib/libutee/assert.c
                0x0000000000027e69       0x27 /media/home/beste/01_Pro/ld25x/bsp_hu/MYD-LD25X-Uboot-L2022.10-V1.0.0/GEN_FIP/myir-st-optee/../build/myb-stm32mp257x-2GB/export-ta_arm64/lib/libutee.a(assert.o)
 .rodata.str1.1.lib/libutee/trace_ext.c
                0x0000000000027e90       0x27 /media/home/beste/01_Pro/ld25x/bsp_hu/MYD-LD25X-Uboot-L2022.10-V1.0.0/GEN_FIP/myir-st-optee/../build/myb-stm32mp257x-2GB/export-ta_arm64/lib/libutee.a(trace_ext.o)
                                          0x2 (size before relaxing)
 .rodata.str1.1.lib/libutee/tee_api.c
                0x0000000000027e90       0x11 /media/home/beste/01_Pro/ld25x/bsp_hu/MYD-LD25X-Uboot-L2022.10-V1.0.0/GEN_FIP/myir-st-optee/../build/myb-stm32mp257x-2GB/export-ta_arm64/lib/libutee.a(tee_api.o)
 .rodata.lib/libutee/tee_api.c
                0x0000000000027ea1        0xb /media/home/beste/01_Pro/ld25x/bsp_hu/MYD-LD25X-Uboot-L2022.10-V1.0.0/GEN_FIP/myir-st-optee/../build/myb-stm32mp257x-2GB/export-ta_arm64/lib/libutee.a(tee_api.o)
 .rodata.str1.1.lib/libutee/tee_api_property.c
                0x0000000000027eac       0x94 /media/home/beste/01_Pro/ld25x/bsp_hu/MYD-LD25X-Uboot-L2022.10-V1.0.0/GEN_FIP/myir-st-optee/../build/myb-stm32mp257x-2GB/export-ta_arm64/lib/libutee.a(tee_api_property.o)
                                         0x9c (size before relaxing)
 .rodata.str1.1.lib/libutee/tee_system_pta.c
                0x0000000000027f40       0x55 /media/home/beste/01_Pro/ld25x/bsp_hu/MYD-LD25X-Uboot-L2022.10-V1.0.0/GEN_FIP/myir-st-optee/../build/myb-stm32mp257x-2GB/export-ta_arm64/lib/libutee.a(tee_system_pta.o)
 .rodata.str1.1.lib/libutee/arch/arm/user_ta_entry.c
                0x0000000000027f95       0x4f /media/home/beste/01_Pro/ld25x/bsp_hu/MYD-LD25X-Uboot-L2022.10-V1.0.0/GEN_FIP/myir-st-optee/../build/myb-stm32mp257x-2GB/export-ta_arm64/lib/libutee.a(user_ta_entry.o)
 .rodata.lib/libutee/arch/arm/user_ta_entry.c
                0x0000000000027fe4       0x16 /media/home/beste/01_Pro/ld25x/bsp_hu/MYD-LD25X-Uboot-L2022.10-V1.0.0/GEN_FIP/myir-st-optee/../build/myb-stm32mp257x-2GB/export-ta_arm64/lib/libutee.a(user_ta_entry.o)
 .rodata.str1.1.lib/libutee/abort.c
                0x0000000000027ffa        0x7 /media/home/beste/01_Pro/ld25x/bsp_hu/MYD-LD25X-Uboot-L2022.10-V1.0.0/GEN_FIP/myir-st-optee/../build/myb-stm32mp257x-2GB/export-ta_arm64/lib/libutee.a(abort.o)
 .rodata.lib/libutee/base64.c
                0x0000000000028001       0x41 /media/home/beste/01_Pro/ld25x/bsp_hu/MYD-LD25X-Uboot-L2022.10-V1.0.0/GEN_FIP/myir-st-optee/../build/myb-stm32mp257x-2GB/export-ta_arm64/lib/libutee.a(base64.o)
 .rodata.str1.1.lib/libutee/tee_api_arith_mpi.c
                0x0000000000028042       0xb7 /media/home/beste/01_Pro/ld25x/bsp_hu/MYD-LD25X-Uboot-L2022.10-V1.0.0/GEN_FIP/myir-st-optee/../build/myb-stm32mp257x-2GB/export-ta_arm64/lib/libutee.a(tee_api_arith_mpi.o)
 .rodata.lib/libutee/tee_api_arith_mpi.c
                0x00000000000280f9      0x13d /media/home/beste/01_Pro/ld25x/bsp_hu/MYD-LD25X-Uboot-L2022.10-V1.0.0/GEN_FIP/myir-st-optee/../build/myb-stm32mp257x-2GB/export-ta_arm64/lib/libutee.a(tee_api_arith_mpi.o)
 .rodata.str1.1.lib/libutee/arch/arm/tcb.c
                0x0000000000028236       0x96 /media/home/beste/01_Pro/ld25x/bsp_hu/MYD-LD25X-Uboot-L2022.10-V1.0.0/GEN_FIP/myir-st-optee/../build/myb-stm32mp257x-2GB/export-ta_arm64/lib/libutee.a(tcb.o)
 .rodata.lib/libutee/arch/arm/tcb.c
                0x00000000000282cc       0x20 /media/home/beste/01_Pro/ld25x/bsp_hu/MYD-LD25X-Uboot-L2022.10-V1.0.0/GEN_FIP/myir-st-optee/../build/myb-stm32mp257x-2GB/export-ta_arm64/lib/libutee.a(tcb.o)
 .rodata.str1.1.lib/libmbedtls/mbedtls/library/bignum.c
                0x00000000000282ec      0x456 /media/home/beste/01_Pro/ld25x/bsp_hu/MYD-LD25X-Uboot-L2022.10-V1.0.0/GEN_FIP/myir-st-optee/../build/myb-stm32mp257x-2GB/export-ta_arm64/lib/libmbedtls.a(bignum.o)
                                        0x45d (size before relaxing)
 .rodata.str1.1.lib/libutils/isoc/bget_malloc.c